Archive member included because of file (symbol)

e:/softwares/quartus2/nios2eds/bin/gnu/h-i686-mingw32/bin/../lib/gcc/nios2-elf/4.7.3/mno-hw-mul\libgcc.a(_addsub_sf.o)
                              obj/default/application/jpegclib/jcdctmgr.o (__addsf3)
e:/softwares/quartus2/nios2eds/bin/gnu/h-i686-mingw32/bin/../lib/gcc/nios2-elf/4.7.3/mno-hw-mul\libgcc.a(_mul_sf.o)
                              obj/default/application/jpegclib/jcdctmgr.o (__mulsf3)
e:/softwares/quartus2/nios2eds/bin/gnu/h-i686-mingw32/bin/../lib/gcc/nios2-elf/4.7.3/mno-hw-mul\libgcc.a(_si_to_sf.o)
                              obj/default/application/jpegclib/jfdctflt.o (__floatsisf)
e:/softwares/quartus2/nios2eds/bin/gnu/h-i686-mingw32/bin/../lib/gcc/nios2-elf/4.7.3/mno-hw-mul\libgcc.a(_sf_to_si.o)
                              obj/default/application/jpegclib/jcdctmgr.o (__fixsfsi)
e:/softwares/quartus2/nios2eds/bin/gnu/h-i686-mingw32/bin/../lib/gcc/nios2-elf/4.7.3/mno-hw-mul\libgcc.a(_thenan_sf.o)
                              e:/softwares/quartus2/nios2eds/bin/gnu/h-i686-mingw32/bin/../lib/gcc/nios2-elf/4.7.3/mno-hw-mul\libgcc.a(_addsub_sf.o) (__thenan_sf)
e:/softwares/quartus2/nios2eds/bin/gnu/h-i686-mingw32/bin/../lib/gcc/nios2-elf/4.7.3/mno-hw-mul\libgcc.a(_mul_df.o)
                              obj/default/application/jpegclib/jcdctmgr.o (__muldf3)
e:/softwares/quartus2/nios2eds/bin/gnu/h-i686-mingw32/bin/../lib/gcc/nios2-elf/4.7.3/mno-hw-mul\libgcc.a(_div_df.o)
                              obj/default/application/jpegclib/jcdctmgr.o (__divdf3)
e:/softwares/quartus2/nios2eds/bin/gnu/h-i686-mingw32/bin/../lib/gcc/nios2-elf/4.7.3/mno-hw-mul\libgcc.a(_df_to_sf.o)
                              obj/default/application/jpegclib/jcdctmgr.o (__truncdfsf2)
e:/softwares/quartus2/nios2eds/bin/gnu/h-i686-mingw32/bin/../lib/gcc/nios2-elf/4.7.3/mno-hw-mul\libgcc.a(_thenan_df.o)
                              e:/softwares/quartus2/nios2eds/bin/gnu/h-i686-mingw32/bin/../lib/gcc/nios2-elf/4.7.3/mno-hw-mul\libgcc.a(_mul_df.o) (__thenan_df)
e:/softwares/quartus2/nios2eds/bin/gnu/h-i686-mingw32/bin/../lib/gcc/nios2-elf/4.7.3/mno-hw-mul\libgcc.a(_usi_to_df.o)
                              obj/default/application/jpegclib/jcdctmgr.o (__floatunsidf)
e:/softwares/quartus2/nios2eds/bin/gnu/h-i686-mingw32/bin/../lib/gcc/nios2-elf/4.7.3/mno-hw-mul\libgcc.a(lib2-divmod.o)
                              obj/default/application/jpegclib/jcdctmgr.o (__divsi3)
e:/softwares/quartus2/nios2eds/bin/gnu/h-i686-mingw32/bin/../lib/gcc/nios2-elf/4.7.3/mno-hw-mul\libgcc.a(lib2-mul.o)
                              obj/default/application/bmp_extract.o (__mulsi3)
e:/softwares/quartus2/nios2eds/bin/gnu/h-i686-mingw32/bin/../lib/gcc/nios2-elf/4.7.3/mno-hw-mul\libgcc.a(_muldi3.o)
                              e:/softwares/quartus2/nios2eds/bin/gnu/h-i686-mingw32/bin/../lib/gcc/nios2-elf/4.7.3/mno-hw-mul\libgcc.a(_mul_sf.o) (__muldi3)
e:/softwares/quartus2/nios2eds/bin/gnu/h-i686-mingw32/bin/../lib/gcc/nios2-elf/4.7.3/mno-hw-mul\libgcc.a(_clzsi2.o)
                              e:/softwares/quartus2/nios2eds/bin/gnu/h-i686-mingw32/bin/../lib/gcc/nios2-elf/4.7.3/mno-hw-mul\libgcc.a(_si_to_sf.o) (__clzsi2)
e:/softwares/quartus2/nios2eds/bin/gnu/h-i686-mingw32/bin/../lib/gcc/nios2-elf/4.7.3/mno-hw-mul\libgcc.a(_pack_sf.o)
                              e:/softwares/quartus2/nios2eds/bin/gnu/h-i686-mingw32/bin/../lib/gcc/nios2-elf/4.7.3/mno-hw-mul\libgcc.a(_addsub_sf.o) (__pack_f)
e:/softwares/quartus2/nios2eds/bin/gnu/h-i686-mingw32/bin/../lib/gcc/nios2-elf/4.7.3/mno-hw-mul\libgcc.a(_unpack_sf.o)
                              e:/softwares/quartus2/nios2eds/bin/gnu/h-i686-mingw32/bin/../lib/gcc/nios2-elf/4.7.3/mno-hw-mul\libgcc.a(_addsub_sf.o) (__unpack_f)
e:/softwares/quartus2/nios2eds/bin/gnu/h-i686-mingw32/bin/../lib/gcc/nios2-elf/4.7.3/mno-hw-mul\libgcc.a(_make_sf.o)
                              e:/softwares/quartus2/nios2eds/bin/gnu/h-i686-mingw32/bin/../lib/gcc/nios2-elf/4.7.3/mno-hw-mul\libgcc.a(_df_to_sf.o) (__make_fp)
e:/softwares/quartus2/nios2eds/bin/gnu/h-i686-mingw32/bin/../lib/gcc/nios2-elf/4.7.3/mno-hw-mul\libgcc.a(_pack_df.o)
                              e:/softwares/quartus2/nios2eds/bin/gnu/h-i686-mingw32/bin/../lib/gcc/nios2-elf/4.7.3/mno-hw-mul\libgcc.a(_mul_df.o) (__pack_d)
e:/softwares/quartus2/nios2eds/bin/gnu/h-i686-mingw32/bin/../lib/gcc/nios2-elf/4.7.3/mno-hw-mul\libgcc.a(_unpack_df.o)
                              e:/softwares/quartus2/nios2eds/bin/gnu/h-i686-mingw32/bin/../lib/gcc/nios2-elf/4.7.3/mno-hw-mul\libgcc.a(_mul_df.o) (__unpack_d)
e:/softwares/quartus2/nios2eds/bin/gnu/h-i686-mingw32/bin/../lib/gcc/nios2-elf/4.7.3/mno-hw-mul\libgcc.a(_lshrdi3.o)
                              e:/softwares/quartus2/nios2eds/bin/gnu/h-i686-mingw32/bin/../lib/gcc/nios2-elf/4.7.3/mno-hw-mul\libgcc.a(_pack_df.o) (__lshrdi3)
e:/softwares/quartus2/nios2eds/bin/gnu/h-i686-mingw32/bin/../lib/gcc/nios2-elf/4.7.3/mno-hw-mul\libgcc.a(_ashldi3.o)
[...]
Memory Configuration

Name             Origin             Length             Attributes
reset            0x00000000         0x00000020
sdram_controller 0x00000020         0x07ffffe0
*default*        0x00000000         0xffffffff

Linker script and memory map

LOAD ../JPEG_Encoder_bsp//obj/HAL/src/crt0.o
LOAD obj/default/application/bmp_extract.o
LOAD obj/default/application/jpeg_encoding.o
LOAD obj/default/application/jpegclib/cdjpeg.o
LOAD obj/default/application/jpegclib/jaricom.o
LOAD obj/default/application/jpegclib/jcapimin.o
LOAD obj/default/application/jpegclib/jcapistd.o
LOAD obj/default/application/jpegclib/jcarith.o
LOAD obj/default/application/jpegclib/jccoefct.o
LOAD obj/default/application/jpegclib/jccolor.o
LOAD obj/default/application/jpegclib/jcdctmgr.o
LOAD obj/default/application/jpegclib/jchuff.o
LOAD obj/default/application/jpegclib/jcinit.o
LOAD obj/default/application/jpegclib/jcmainct.o
LOAD obj/default/application/jpegclib/jcmarker.o
LOAD obj/default/application/jpegclib/jcmaster.o
LOAD obj/default/application/jpegclib/jcomapi.o
LOAD obj/default/application/jpegclib/jcparam.o
LOAD obj/default/application/jpegclib/jcprepct.o
LOAD obj/default/application/jpegclib/jcsample.o
LOAD obj/default/application/jpegclib/jctrans.o
LOAD obj/default/application/jpegclib/jdatadst.o
LOAD obj/default/application/jpegclib/jerror.o
LOAD obj/default/application/jpegclib/jfdctflt.o
LOAD obj/default/application/jpegclib/jfdctfst.o
LOAD obj/default/application/jpegclib/jfdctint.o
LOAD obj/default/application/jpegclib/jidctflt.o
LOAD obj/default/application/jpegclib/jidctfst.o
LOAD obj/default/application/jpegclib/jidctint.o
LOAD obj/default/application/jpegclib/jmemansi.o
LOAD obj/default/application/jpegclib/jmemmgr.o
LOAD obj/default/application/jpegclib/jquant1.o
LOAD obj/default/application/jpegclib/jquant2.o
LOAD obj/default/application/jpegclib/jutils.o
LOAD obj/default/jpeg_encoder.o
LOAD e:/softwares/quartus2/nios2eds/bin/gnu/h-i686-mingw32/bin/../lib/gcc/nios2-elf/4.7.3/../../../../../H-i686-mingw32/nios2-elf/lib/mno-hw-mul\libstdc++.a
LOAD e:/softwares/quartus2/nios2eds/bin/gnu/h-i686-mingw32/bin/../lib/gcc/nios2-elf/4.7.3/../../../../../H-i686-mingw32/nios2-elf/lib/mno-hw-mul\libm.a
LOAD e:/softwares/quartus2/nios2eds/bin/gnu/h-i686-mingw32/bin/../lib/gcc/nios2-elf/4.7.3/mno-hw-mul\libgcc.a
START GROUP
LOAD e:/softwares/quartus2/nios2eds/bin/gnu/h-i686-mingw32/bin/../lib/gcc/nios2-elf/4.7.3/../../../../../H-i686-mingw32/nios2-elf/lib/mno-hw-mul\libc.a
LOAD e:/softwares/quartus2/nios2eds/bin/gnu/h-i686-mingw32/bin/../lib/gcc/nios2-elf/4.7.3/mno-hw-mul\libgcc.a
LOAD ../JPEG_Encoder_bsp/\libhal_bsp.a
END GROUP
LOAD e:/softwares/quartus2/nios2eds/bin/gnu/h-i686-mingw32/bin/../lib/gcc/nios2-elf/4.7.3/mno-hw-mul\libgcc.a
                0x00000000                __alt_mem_sdram_controller = 0x0

.entry          0x00000000       0x20
 *(.entry)
 .entry         0x00000000       0x20 ../JPEG_Encoder_bsp//obj/HAL/src/crt0.o
                0x00000000                __reset

.exceptions     0x00000020      0x198
                0x00000020                PROVIDE (__ram_exceptions_start, ABSOLUTE (.))
                0x00000020                . = ALIGN (0x20)
 *(.irq)
 *(.exceptions.entry.label)
 .exceptions.entry.label
                0x00000020        0x0 ../JPEG_Encoder_bsp/\libhal_bsp.a(alt_irq_entry.o)
                0x00000020                alt_irq_entry
 .exceptions.entry.label
                0x00000020        0x0 ../JPEG_Encoder_bsp/\libhal_bsp.a(alt_exception_entry.o)
                0x00000020                alt_exception
 *(.exceptions.entry.user)
 *(.exceptions.entry.ecc_fatal)
 *(.exceptions.entry)
 .exceptions.entry
                0x00000020       0x54 ../JPEG_Encoder_bsp/\libhal_bsp.a(alt_exception_entry.o)
 *(.exceptions.irqtest.user)
 *(.exceptions.irqtest)
 .exceptions.irqtest
                0x00000074       0x10 ../JPEG_Encoder_bsp/\libhal_bsp.a(alt_irq_entry.o)
 *(.exceptions.irqhandler.user)
 *(.exceptions.irqhandler)
 .exceptions.irqhandler
                0x00000084        0x4 ../JPEG_Encoder_bsp/\libhal_bsp.a(alt_irq_entry.o)
 *(.exceptions.irqreturn.user)
 *(.exceptions.irqreturn)
 .exceptions.irqreturn
                0x00000088        0x4 ../JPEG_Encoder_bsp/\libhal_bsp.a(alt_irq_entry.o)
 *(.exceptions.notirq.label)
 .exceptions.notirq.label
                0x0000008c        0x0 ../JPEG_Encoder_bsp/\libhal_bsp.a(alt_irq_entry.o)
 *(.exceptions.notirq.user)
 *(.exceptions.notirq)
 .exceptions.notirq
                0x0000008c        0x8 ../JPEG_Encoder_bsp/\libhal_bsp.a(alt_exception_entry.o)
 *(.exceptions.soft.user)
 *(.exceptions.soft)
 *(.exceptions.unknown.user)
 *(.exceptions.unknown)
 .exceptions.unknown
                0x00000094        0x4 ../JPEG_Encoder_bsp/\libhal_bsp.a(alt_exception_entry.o)
 *(.exceptions.exit.label)
 .exceptions.exit.label
                0x00000098        0x0 ../JPEG_Encoder_bsp/\libhal_bsp.a(alt_irq_entry.o)
 .exceptions.exit.label
                0x00000098        0x0 ../JPEG_Encoder_bsp/\libhal_bsp.a(alt_exception_entry.o)
 *(.exceptions.exit.user)
 *(.exceptions.exit)
 .exceptions.exit
                0x00000098       0x54 ../JPEG_Encoder_bsp/\libhal_bsp.a(alt_exception_entry.o)
 *(.exceptions)
 .exceptions    0x000000ec       0xcc ../JPEG_Encoder_bsp/\libhal_bsp.a(alt_irq_handler.o)
                0x000000ec                alt_irq_handler
                0x000001b8                PROVIDE (__ram_exceptions_end, ABSOLUTE (.))
                0x00000020                PROVIDE (__flash_exceptions_start, LOADADDR (.exceptions))

.text           0x000001b8    0x3eab8
                0x000001b8                PROVIDE (stext, ABSOLUTE (.))
 *(.interp)
 *(.hash)
 *(.dynsym)
 *(.dynstr)
 *(.gnu.version)
 *(.gnu.version_d)
 *(.gnu.version_r)
 *(.rel.init)
 *(.rela.init)
 *(.rel.text .rel.text.* .rel.gnu.linkonce.t.*)
 *(.rela.text .rela.text.* .rela.gnu.linkonce.t.*)
 *(.rel.fini)
 *(.rela.fini)
 *(.rel.rodata .rel.rodata.* .rel.gnu.linkonce.r.*)
 *(.rela.rodata .rela.rodata.* .rela.gnu.linkonce.r.*)
 *(.rel.data .rel.data.* .rel.gnu.linkonce.d.*)
 *(.rela.data .rela.data.* .rela.gnu.linkonce.d.*)
 *(.rel.tdata .rel.tdata.* .rel.gnu.linkonce.td.*)
 *(.rela.tdata .rela.tdata.* .rela.gnu.linkonce.td.*)
 *(.rel.tbss .rel.tbss.* .rel.gnu.linkonce.tb.*)
 *(.rela.tbss .rela.tbss.* .rela.gnu.linkonce.tb.*)
 *(.rel.ctors)
 *(.rela.ctors)
 *(.rel.dtors)
 *(.rela.dtors)
 *(.rel.got)
 *(.rela.got)
 *(.rel.sdata .rel.sdata.* .rel.gnu.linkonce.s.*)
 *(.rela.sdata .rela.sdata.* .rela.gnu.linkonce.s.*)
 *(.rel.sbss .rel.sbss.* .rel.gnu.linkonce.sb.*)
 *(.rela.sbss .rela.sbss.* .rela.gnu.linkonce.sb.*)
 *(.rel.sdata2 .rel.sdata2.* .rel.gnu.linkonce.s2.*)
 *(.rela.sdata2 .rela.sdata2.* .rela.gnu.linkonce.s2.*)
 *(.rel.sbss2 .rel.sbss2.* .rel.gnu.linkonce.sb2.*)
 *(.rela.sbss2 .rela.sbss2.* .rela.gnu.linkonce.sb2.*)
 *(.rel.bss .rel.bss.* .rel.gnu.linkonce.b.*)
 *(.rela.bss .rela.bss.* .rela.gnu.linkonce.b.*)
 *(.rel.plt)
 *(.rela.plt)
 *(.rel.dyn)
 *(.init)
 *(.plt)
 *(.text .stub .text.* .gnu.linkonce.t.*)
 .text          0x000001b8       0x3c ../JPEG_Encoder_bsp//obj/HAL/src/crt0.o
                0x000001b8                _start
 .text          0x000001f4      0x498 obj/default/application/bmp_extract.o
                0x000001f4                bmp_extract_header
                0x00000338                bmp_rearrange_comps
                0x000004fc                bmp_extract
 .text          0x0000068c      0x180 obj/default/application/jpeg_encoding.o
                0x0000068c                jpeg_encode
 .text          0x0000080c      0x194 obj/default/application/jpegclib/cdjpeg.o
                0x0000080c                keymatch
                0x00000938                read_stdin
                0x0000096c                write_stdout
 .text          0x000009a0        0x0 obj/default/application/jpegclib/jaricom.o
 .text          0x000009a0      0x890 obj/default/application/jpegclib/jcapimin.o
                0x000009a0                jpeg_CreateCompress
                0x00000be0                jpeg_destroy_compress
                0x00000c10                jpeg_abort_compress
                0x00000c40                jpeg_suppress_tables
                0x00000d44                jpeg_finish_compress
                0x00000f48                jpeg_write_marker
                0x00001064                jpeg_write_m_header
                0x00001124                jpeg_write_m_byte
                0x00001168                jpeg_write_tables
 .text          0x00001230      0x440 obj/default/application/jpegclib/jcapistd.o
                0x00001230                jpeg_start_compress
                0x0000132c                jpeg_write_scanlines
                0x000014c0                jpeg_write_raw_data
 .text          0x00001670     0x23f8 obj/default/application/jpegclib/jcarith.o
                0x00003990                jinit_arith_encoder
 .text          0x00003a68      0xf20 obj/default/application/jpegclib/jccoefct.o
                0x000047b8                jinit_c_coef_controller
 .text          0x00004988      0xff0 obj/default/application/jpegclib/jccolor.o
                0x000053f4                jinit_color_converter
 .text          0x00005978      0xaf8 obj/default/application/jpegclib/jcdctmgr.o
                0x000063b4                jinit_forward_dct
 .text          0x00006470     0x33dc obj/default/application/jpegclib/jchuff.o
                0x00009708                jinit_huff_encoder
 .text          0x0000984c      0x104 obj/default/application/jpegclib/jcinit.o
                0x0000984c                jinit_compress_master
 .text          0x00009950      0x3ac obj/default/application/jpegclib/jcmainct.o
                0x00009b80                jinit_c_main_controller
 .text          0x00009cfc     0x1418 obj/default/application/jpegclib/jcmarker.o
                0x0000b048                jinit_marker_writer
 .text          0x0000b114     0x1d6c obj/default/application/jpegclib/jcmaster.o
                0x0000b114                jpeg_calc_jpeg_dimensions
                0x0000ccd0                jinit_c_master_control
 .text          0x0000ce80      0x1a8 obj/default/application/jpegclib/jcomapi.o
                0x0000ce80                jpeg_abort
                0x0000cf28                jpeg_destroy
                0x0000cf80                jpeg_alloc_quant_table
                0x0000cfd4                jpeg_alloc_huff_table
 .text          0x0000d028     0x1528 obj/default/application/jpegclib/jcparam.o
                0x0000d028                jpeg_add_quant_table
                0x0000d1f0                jpeg_default_qtables
                0x0000d270                jpeg_set_linear_quality
                0x0000d2e4                jpeg_quality_scaling
                0x0000d368                jpeg_set_quality
                0x0000d588                jpeg_set_defaults
                0x0000d784                jpeg_default_colorspace
                0x0000d874                jpeg_set_colorspace
                0x0000e1a8                jpeg_simple_progression
 .text          0x0000e550      0xc14 obj/default/application/jpegclib/jcprepct.o
                0x0000efac                jinit_c_prep_controller
 .text          0x0000f164     0x14c4 obj/default/application/jpegclib/jcsample.o
                0x00010234                jinit_downsampler
 .text          0x00010628      0xc2c obj/default/application/jpegclib/jctrans.o
                0x00010628                jpeg_write_coefficients
                0x000106f0                jpeg_copy_critical_parameters
 .text          0x00011254      0x5f8 obj/default/application/jpegclib/jdatadst.o
                0x000115f0                jpeg_stdio_dest
                0x00011694                jpeg_mem_dest
 .text          0x0001184c      0x43c obj/default/application/jpegclib/jerror.o
                0x00011bc8                jpeg_std_error
 .text          0x00011c88      0x8b8 obj/default/application/jpegclib/jfdctflt.o
                0x00011c88                jpeg_fdct_float
 .text          0x00012540      0x6a0 obj/default/application/jpegclib/jfdctfst.o
                0x00012540                jpeg_fdct_ifast
 .text          0x00012be0      0x810 obj/default/application/jpegclib/jfdctint.o
                0x00012be0                jpeg_fdct_islow
 .text          0x000133f0      0xc74 obj/default/application/jpegclib/jidctflt.o
                0x000133f0                jpeg_idct_float
 .text          0x00014064      0xaf4 obj/default/application/jpegclib/jidctfst.o
                0x00014064                jpeg_idct_ifast
 .text          0x00014b58    0x103b8 obj/default/application/jpegclib/jidctint.o
                0x00014b58                jpeg_idct_islow
                0x0001579c                jpeg_idct_7x7
                0x00016018                jpeg_idct_6x6
                0x00016620                jpeg_idct_5x5
                0x00016b84                jpeg_idct_4x4
                0x00016fa4                jpeg_idct_3x3
                0x000172d8                jpeg_idct_2x2
                0x00017510                jpeg_idct_1x1
                0x000175c4                jpeg_idct_9x9
                0x00017f0c                jpeg_idct_10x10
                0x00018954                jpeg_idct_11x11
                0x000195bc                jpeg_idct_12x12
                0x0001a16c                jpeg_idct_13x13
                0x0001af9c                jpeg_idct_14x14
                0x0001bd1c                jpeg_idct_15x15
                0x0001cb2c                jpeg_idct_16x16
                0x0001db74                jpeg_idct_16x8
                0x0001ea44                jpeg_idct_14x7
                0x0001f564                jpeg_idct_12x6
                0x0001fe50                jpeg_idct_10x5
                0x00020618                jpeg_idct_8x4
                0x00020cbc                jpeg_idct_6x3
                0x0002113c                jpeg_idct_4x2
                0x00021420                jpeg_idct_2x1
                0x00021544                jpeg_idct_8x16
                0x000221e8                jpeg_idct_7x14
                0x00022cc4                jpeg_idct_6x12
                0x00023598                jpeg_idct_5x10
                0x00023d7c                jpeg_idct_4x8
                0x0002461c                jpeg_idct_3x6
                0x00024ad8                jpeg_idct_2x4
                0x00024de8                jpeg_idct_1x2
 .text          0x00024f10      0x3d8 obj/default/application/jpegclib/jmemansi.o
                0x00024f10                jpeg_get_small
                0x00024f44                jpeg_free_small
                0x00024f7c                jpeg_get_large
                0x00024fb0                jpeg_free_large
                0x00024fe8                jpeg_mem_available
                0x000251e4                jpeg_open_backing_store
                0x000252a0                jpeg_mem_init
                0x000252c8                jpeg_mem_term
 .text          0x000252e8     0x1d48 obj/default/application/jpegclib/jmemmgr.o
                0x00026d74                jinit_memory_mgr
 .text          0x00027030     0x18b4 obj/default/application/jpegclib/jquant1.o
                0x000287a0                jinit_1pass_quantizer
 .text          0x000288e4     0x27a0 obj/default/application/jpegclib/jquant2.o
                0x0002adf0                jinit_2pass_quantizer
 .text          0x0002b084      0x1f4 obj/default/application/jpegclib/jutils.o
                0x0002b084                jdiv_round_up
                0x0002b0cc                jround_up
                0x0002b124                jcopy_sample_rows
                0x0002b1f4                jcopy_block_row
                0x0002b23c                jzero_far
 .text          0x0002b278      0x2d8 obj/default/jpeg_encoder.o
                0x0002b278                main
 .text          0x0002b550      0x298 e:/softwares/quartus2/nios2eds/bin/gnu/h-i686-mingw32/bin/../lib/gcc/nios2-elf/4.7.3/mno-hw-mul\libgcc.a(_addsub_sf.o)
                0x0002b744                __addsf3
                0x0002b790                __subsf3
 .text          0x0002b7e8      0x190 e:/softwares/quartus2/nios2eds/bin/gnu/h-i686-mingw32/bin/../lib/gcc/nios2-elf/4.7.3/mno-hw-mul\libgcc.a(_mul_sf.o)
                0x0002b7e8                __mulsf3
 .text          0x0002b978       0xa4 e:/softwares/quartus2/nios2eds/bin/gnu/h-i686-mingw32/bin/../lib/gcc/nios2-elf/4.7.3/mno-hw-mul\libgcc.a(_si_to_sf.o)
                0x0002b978                __floatsisf
 .text          0x0002ba1c       0xa4 e:/softwares/quartus2/nios2eds/bin/gnu/h-i686-mingw32/bin/../lib/gcc/nios2-elf/4.7.3/mno-hw-mul\libgcc.a(_sf_to_si.o)
                0x0002ba1c                __fixsfsi
 .text          0x0002bac0        0x0 e:/softwares/quartus2/nios2eds/bin/gnu/h-i686-mingw32/bin/../lib/gcc/nios2-elf/4.7.3/mno-hw-mul\libgcc.a(_thenan_sf.o)
 .text          0x0002bac0      0x2e4 e:/softwares/quartus2/nios2eds/bin/gnu/h-i686-mingw32/bin/../lib/gcc/nios2-elf/4.7.3/mno-hw-mul\libgcc.a(_mul_df.o)
                0x0002bac0                __muldf3
 .text          0x0002bda4      0x1b4 e:/softwares/quartus2/nios2eds/bin/gnu/h-i686-mingw32/bin/../lib/gcc/nios2-elf/4.7.3/mno-hw-mul\libgcc.a(_div_df.o)
                0x0002bda4                __divdf3
 .text          0x0002bf58       0x60 e:/softwares/quartus2/nios2eds/bin/gnu/h-i686-mingw32/bin/../lib/gcc/nios2-elf/4.7.3/mno-hw-mul\libgcc.a(_df_to_sf.o)
                0x0002bf58                __truncdfsf2
 .text          0x0002bfb8        0x0 e:/softwares/quartus2/nios2eds/bin/gnu/h-i686-mingw32/bin/../lib/gcc/nios2-elf/4.7.3/mno-hw-mul\libgcc.a(_thenan_df.o)
 .text          0x0002bfb8      0x11c e:/softwares/quartus2/nios2eds/bin/gnu/h-i686-mingw32/bin/../lib/gcc/nios2-elf/4.7.3/mno-hw-mul\libgcc.a(_usi_to_df.o)
                0x0002bfb8                __floatunsidf
 .text          0x0002c0d4      0x130 e:/softwares/quartus2/nios2eds/bin/gnu/h-i686-mingw32/bin/../lib/gcc/nios2-elf/4.7.3/mno-hw-mul\libgcc.a(lib2-divmod.o)
                0x0002c148                __divsi3
                0x0002c198                __modsi3
                0x0002c1f4                __udivsi3
                0x0002c1fc                __umodsi3
 .text          0x0002c204       0x28 e:/softwares/quartus2/nios2eds/bin/gnu/h-i686-mingw32/bin/../lib/gcc/nios2-elf/4.7.3/mno-hw-mul\libgcc.a(lib2-mul.o)
                0x0002c204                __mulsi3
 .text          0x0002c22c      0x110 e:/softwares/quartus2/nios2eds/bin/gnu/h-i686-mingw32/bin/../lib/gcc/nios2-elf/4.7.3/mno-hw-mul\libgcc.a(_muldi3.o)
                0x0002c22c                __muldi3
 .text          0x0002c33c       0xac e:/softwares/quartus2/nios2eds/bin/gnu/h-i686-mingw32/bin/../lib/gcc/nios2-elf/4.7.3/mno-hw-mul\libgcc.a(_clzsi2.o)
                0x0002c33c                __clzsi2
 .text          0x0002c3e8      0x12c e:/softwares/quartus2/nios2eds/bin/gnu/h-i686-mingw32/bin/../lib/gcc/nios2-elf/4.7.3/mno-hw-mul\libgcc.a(_pack_sf.o)
                0x0002c3e8                __pack_f
 .text          0x0002c514       0xc8 e:/softwares/quartus2/nios2eds/bin/gnu/h-i686-mingw32/bin/../lib/gcc/nios2-elf/4.7.3/mno-hw-mul\libgcc.a(_unpack_sf.o)
                0x0002c514                __unpack_f
 .text          0x0002c5dc       0x2c e:/softwares/quartus2/nios2eds/bin/gnu/h-i686-mingw32/bin/../lib/gcc/nios2-elf/4.7.3/mno-hw-mul\libgcc.a(_make_sf.o)
                0x0002c5dc                __make_fp
 .text          0x0002c608      0x224 e:/softwares/quartus2/nios2eds/bin/gnu/h-i686-mingw32/bin/../lib/gcc/nios2-elf/4.7.3/mno-hw-mul\libgcc.a(_pack_df.o)
                0x0002c608                __pack_d
 .text          0x0002c82c      0x104 e:/softwares/quartus2/nios2eds/bin/gnu/h-i686-mingw32/bin/../lib/gcc/nios2-elf/4.7.3/mno-hw-mul\libgcc.a(_unpack_df.o)
                0x0002c82c                __unpack_d
 .text          0x0002c930       0x44 e:/softwares/quartus2/nios2eds/bin/gnu/h-i686-mingw32/bin/../lib/gcc/nios2-elf/4.7.3/mno-hw-mul\libgcc.a(_lshrdi3.o)
                0x0002c930                __lshrdi3
 .text          0x0002c974       0x44 e:/softwares/quartus2/nios2eds/bin/gnu/h-i686-mingw32/bin/../lib/gcc/nios2-elf/4.7.3/mno-hw-mul\libgcc.a(_ashldi3.o)
                0x0002c974                __ashldi3
 .text          0x0002c9b8        0x0 e:/softwares/quartus2/nios2eds/bin/gnu/h-i686-mingw32/bin/../lib/gcc/nios2-elf/4.7.3/mno-hw-mul\libgcc.a(_clz.o)
 .text          0x0002c9b8        0x0 e:/softwares/quartus2/nios2eds/bin/gnu/h-i686-mingw32/bin/../lib/gcc/nios2-elf/4.7.3/../../../../../H-i686-mingw32/nios2-elf/lib/mno-hw-mul\libc.a(lib_a-ctype_.o)
 .text          0x0002c9b8       0x38 e:/softwares/quartus2/nios2eds/bin/gnu/h-i686-mingw32/bin/../lib/gcc/nios2-elf/4.7.3/../../../../../H-i686-mingw32/nios2-elf/lib/mno-hw-mul\libc.a(lib_a-exit.o)
                0x0002c9b8                exit
 .text          0x0002c9f0      0x150 e:/softwares/quartus2/nios2eds/bin/gnu/h-i686-mingw32/bin/../lib/gcc/nios2-elf/4.7.3/../../../../../H-i686-mingw32/nios2-elf/lib/mno-hw-mul\libc.a(lib_a-fclose.o)
                0x0002c9f0                _fclose_r
                0x0002cb2c                fclose
 .text          0x0002cb40      0x218 e:/softwares/quartus2/nios2eds/bin/gnu/h-i686-mingw32/bin/../lib/gcc/nios2-elf/4.7.3/../../../../../H-i686-mingw32/nios2-elf/lib/mno-hw-mul\libc.a(lib_a-fflush.o)
                0x0002cb40                _fflush_r
                0x0002cd28                fflush
 .text          0x0002cd58      0x2ec e:/softwares/quartus2/nios2eds/bin/gnu/h-i686-mingw32/bin/../lib/gcc/nios2-elf/4.7.3/../../../../../H-i686-mingw32/nios2-elf/lib/mno-hw-mul\libc.a(lib_a-findfp.o)
                0x0002cd68                _cleanup_r
                0x0002cd74                __sfmoreglue
                0x0002cdec                _cleanup
                0x0002cdfc                __sinit
                0x0002cf08                __sfp
                0x0002d004                __sfp_lock_acquire
                0x0002d008                __sfp_lock_release
                0x0002d00c                __sinit_lock_acquire
                0x0002d010                __sinit_lock_release
                0x0002d014                __fp_lock_all
                0x0002d02c                __fp_unlock_all
 .text          0x0002d044      0x14c e:/softwares/quartus2/nios2eds/bin/gnu/h-i686-mingw32/bin/../lib/gcc/nios2-elf/4.7.3/../../../../../H-i686-mingw32/nios2-elf/lib/mno-hw-mul\libc.a(lib_a-fopen.o)
                0x0002d044                _fopen_r
                0x0002d174                fopen
 .text          0x0002d190       0x4c e:/softwares/quartus2/nios2eds/bin/gnu/h-i686-mingw32/bin/../lib/gcc/nios2-elf/4.7.3/../../../../../H-i686-mingw32/nios2-elf/lib/mno-hw-mul\libc.a(lib_a-fprintf.o)
                0x0002d190                _fprintf_r
                0x0002d1b8                fprintf
 .text          0x0002d1dc      0x27c e:/softwares/quartus2/nios2eds/bin/gnu/h-i686-mingw32/bin/../lib/gcc/nios2-elf/4.7.3/../../../../../H-i686-mingw32/nios2-elf/lib/mno-hw-mul\libc.a(lib_a-fread.o)
                0x0002d1dc                _fread_r
                0x0002d418                fread
 .text          0x0002d458      0x40c e:/softwares/quartus2/nios2eds/bin/gnu/h-i686-mingw32/bin/../lib/gcc/nios2-elf/4.7.3/../../../../../H-i686-mingw32/nios2-elf/lib/mno-hw-mul\libc.a(lib_a-freer.o)
                0x0002d458                _malloc_trim_r
                0x0002d594                _free_r
 .text          0x0002d864      0x498 e:/softwares/quartus2/nios2eds/bin/gnu/h-i686-mingw32/bin/../lib/gcc/nios2-elf/4.7.3/../../../../../H-i686-mingw32/nios2-elf/lib/mno-hw-mul\libc.a(lib_a-fseek.o)
                0x0002d864                _fseek_r
                0x0002dcd8                fseek
 .text          0x0002dcfc       0x68 e:/softwares/quartus2/nios2eds/bin/gnu/h-i686-mingw32/bin/../lib/gcc/nios2-elf/4.7.3/../../../../../H-i686-mingw32/nios2-elf/lib/mno-hw-mul\libc.a(lib_a-fstatr.o)
                0x0002dcfc                _fstat_r
 .text          0x0002dd64      0x124 e:/softwares/quartus2/nios2eds/bin/gnu/h-i686-mingw32/bin/../lib/gcc/nios2-elf/4.7.3/../../../../../H-i686-mingw32/nios2-elf/lib/mno-hw-mul\libc.a(lib_a-ftell.o)
                0x0002dd64                _ftell_r
                0x0002de74                ftell
 .text          0x0002de88      0x160 e:/softwares/quartus2/nios2eds/bin/gnu/h-i686-mingw32/bin/../lib/gcc/nios2-elf/4.7.3/../../../../../H-i686-mingw32/nios2-elf/lib/mno-hw-mul\libc.a(lib_a-fwalk.o)
                0x0002de88                _fwalk
                0x0002df30                _fwalk_reent
 .text          0x0002dfe8       0xf0 e:/softwares/quartus2/nios2eds/bin/gnu/h-i686-mingw32/bin/../lib/gcc/nios2-elf/4.7.3/../../../../../H-i686-mingw32/nios2-elf/lib/mno-hw-mul\libc.a(lib_a-fwrite.o)
                0x0002dfe8                _fwrite_r
                0x0002e098                fwrite
 .text          0x0002e0d8       0xf8 e:/softwares/quartus2/nios2eds/bin/gnu/h-i686-mingw32/bin/../lib/gcc/nios2-elf/4.7.3/../../../../../H-i686-mingw32/nios2-elf/lib/mno-hw-mul\libc.a(lib_a-getc.o)
                0x0002e0d8                _getc_r
                0x0002e148                getc
 .text          0x0002e1d0       0x48 e:/softwares/quartus2/nios2eds/bin/gnu/h-i686-mingw32/bin/../lib/gcc/nios2-elf/4.7.3/../../../../../H-i686-mingw32/nios2-elf/lib/mno-hw-mul\libc.a(lib_a-getenv.o)
                0x0002e1d0                _findenv
                0x0002e1ec                getenv
 .text          0x0002e218      0x128 e:/softwares/quartus2/nios2eds/bin/gnu/h-i686-mingw32/bin/../lib/gcc/nios2-elf/4.7.3/../../../../../H-i686-mingw32/nios2-elf/lib/mno-hw-mul\libc.a(lib_a-getenv_r.o)
                0x0002e218                _findenv_r
                0x0002e324                _getenv_r
 .text          0x0002e340        0x0 e:/softwares/quartus2/nios2eds/bin/gnu/h-i686-mingw32/bin/../lib/gcc/nios2-elf/4.7.3/../../../../../H-i686-mingw32/nios2-elf/lib/mno-hw-mul\libc.a(lib_a-impure.o)
 .text          0x0002e340        0x0 e:/softwares/quartus2/nios2eds/bin/gnu/h-i686-mingw32/bin/../lib/gcc/nios2-elf/4.7.3/../../../../../H-i686-mingw32/nios2-elf/lib/mno-hw-mul\libc.a(lib_a-int_errno.o)
 .text          0x0002e340      0x1a8 e:/softwares/quartus2/nios2eds/bin/gnu/h-i686-mingw32/bin/../lib/gcc/nios2-elf/4.7.3/../../../../../H-i686-mingw32/nios2-elf/lib/mno-hw-mul\libc.a(lib_a-makebuf.o)
                0x0002e340                __smakebuf_r
 .text          0x0002e4e8       0x28 e:/softwares/quartus2/nios2eds/bin/gnu/h-i686-mingw32/bin/../lib/gcc/nios2-elf/4.7.3/../../../../../H-i686-mingw32/nios2-elf/lib/mno-hw-mul\libc.a(lib_a-malloc.o)
                0x0002e4e8                malloc
                0x0002e4fc                free
 .text          0x0002e510      0x784 e:/softwares/quartus2/nios2eds/bin/gnu/h-i686-mingw32/bin/../lib/gcc/nios2-elf/4.7.3/../../../../../H-i686-mingw32/nios2-elf/lib/mno-hw-mul\libc.a(lib_a-mallocr.o)
                0x0002e510                _malloc_r
 .text          0x0002ec94      0x140 e:/softwares/quartus2/nios2eds/bin/gnu/h-i686-mingw32/bin/../lib/gcc/nios2-elf/4.7.3/../../../../../H-i686-mingw32/nios2-elf/lib/mno-hw-mul\libc.a(lib_a-memcpy.o)
                0x0002ec94                memcpy
 .text          0x0002edd4       0xdc e:/softwares/quartus2/nios2eds/bin/gnu/h-i686-mingw32/bin/../lib/gcc/nios2-elf/4.7.3/../../../../../H-i686-mingw32/nios2-elf/lib/mno-hw-mul\libc.a(lib_a-memset.o)
                0x0002edd4                memset
 .text          0x0002eeb0       0x6c e:/softwares/quartus2/nios2eds/bin/gnu/h-i686-mingw32/bin/../lib/gcc/nios2-elf/4.7.3/../../../../../H-i686-mingw32/nios2-elf/lib/mno-hw-mul\libc.a(lib_a-openr.o)
                0x0002eeb0                _open_r
 .text          0x0002ef1c       0x68 e:/softwares/quartus2/nios2eds/bin/gnu/h-i686-mingw32/bin/../lib/gcc/nios2-elf/4.7.3/../../../../../H-i686-mingw32/nios2-elf/lib/mno-hw-mul\libc.a(lib_a-printf.o)
                0x0002ef1c                _printf_r
                0x0002ef48                printf
 .text          0x0002ef84       0x98 e:/softwares/quartus2/nios2eds/bin/gnu/h-i686-mingw32/bin/../lib/gcc/nios2-elf/4.7.3/../../../../../H-i686-mingw32/nios2-elf/lib/mno-hw-mul\libc.a(lib_a-puts.o)
                0x0002ef84                _puts_r
                0x0002f008                puts
 .text          0x0002f01c      0x208 e:/softwares/quartus2/nios2eds/bin/gnu/h-i686-mingw32/bin/../lib/gcc/nios2-elf/4.7.3/../../../../../H-i686-mingw32/nios2-elf/lib/mno-hw-mul\libc.a(lib_a-refill.o)
                0x0002f038                __srefill_r
 .text          0x0002f224       0x4c e:/softwares/quartus2/nios2eds/bin/gnu/h-i686-mingw32/bin/../lib/gcc/nios2-elf/4.7.3/../../../../../H-i686-mingw32/nios2-elf/lib/mno-hw-mul\libc.a(lib_a-rewind.o)
                0x0002f224                _rewind_r
                0x0002f25c                rewind
 .text          0x0002f270       0x60 e:/softwares/quartus2/nios2eds/bin/gnu/h-i686-mingw32/bin/../lib/gcc/nios2-elf/4.7.3/../../../../../H-i686-mingw32/nios2-elf/lib/mno-hw-mul\libc.a(lib_a-rget.o)
                0x0002f270                __srget_r
                0x0002f2bc                __srget
 .text          0x0002f2d0       0x64 e:/softwares/quartus2/nios2eds/bin/gnu/h-i686-mingw32/bin/../lib/gcc/nios2-elf/4.7.3/../../../../../H-i686-mingw32/nios2-elf/lib/mno-hw-mul\libc.a(lib_a-sbrkr.o)
                0x0002f2d0                _sbrk_r
 .text          0x0002f334       0x6c e:/softwares/quartus2/nios2eds/bin/gnu/h-i686-mingw32/bin/../lib/gcc/nios2-elf/4.7.3/../../../../../H-i686-mingw32/nios2-elf/lib/mno-hw-mul\libc.a(lib_a-scanf.o)
                0x0002f334                scanf
                0x0002f374                _scanf_r
 .text          0x0002f3a0       0xc4 e:/softwares/quartus2/nios2eds/bin/gnu/h-i686-mingw32/bin/../lib/gcc/nios2-elf/4.7.3/../../../../../H-i686-mingw32/nios2-elf/lib/mno-hw-mul\libc.a(lib_a-sprintf.o)
                0x0002f3a0                _sprintf_r
                0x0002f3f8                sprintf
 .text          0x0002f464       0xfc e:/softwares/quartus2/nios2eds/bin/gnu/h-i686-mingw32/bin/../lib/gcc/nios2-elf/4.7.3/../../../../../H-i686-mingw32/nios2-elf/lib/mno-hw-mul\libc.a(lib_a-sscanf.o)
                0x0002f46c                sscanf
                0x0002f4e8                _sscanf_r
 .text          0x0002f560      0x140 e:/softwares/quartus2/nios2eds/bin/gnu/h-i686-mingw32/bin/../lib/gcc/nios2-elf/4.7.3/../../../../../H-i686-mingw32/nios2-elf/lib/mno-hw-mul\libc.a(lib_a-stdio.o)
                0x0002f560                __sread
                0x0002f5b4                __swrite
                0x0002f63c                __sseek
                0x0002f698                __sclose
 .text          0x0002f6a0       0x8c e:/softwares/quartus2/nios2eds/bin/gnu/h-i686-mingw32/bin/../lib/gcc/nios2-elf/4.7.3/../../../../../H-i686-mingw32/nios2-elf/lib/mno-hw-mul\libc.a(lib_a-strlen.o)
                0x0002f6a0                strlen
 .text          0x0002f72c       0xfc e:/softwares/quartus2/nios2eds/bin/gnu/h-i686-mingw32/bin/../lib/gcc/nios2-elf/4.7.3/../../../../../H-i686-mingw32/nios2-elf/lib/mno-hw-mul\libc.a(lib_a-strncmp.o)
                0x0002f72c                strncmp
 .text          0x0002f828       0xb8 e:/softwares/quartus2/nios2eds/bin/gnu/h-i686-mingw32/bin/../lib/gcc/nios2-elf/4.7.3/../../../../../H-i686-mingw32/nios2-elf/lib/mno-hw-mul\libc.a(lib_a-strncpy.o)
                0x0002f828                strncpy
 .text          0x0002f8e0       0xd8 e:/softwares/quartus2/nios2eds/bin/gnu/h-i686-mingw32/bin/../lib/gcc/nios2-elf/4.7.3/../../../../../H-i686-mingw32/nios2-elf/lib/mno-hw-mul\libc.a(lib_a-tmpfile.o)
                0x0002f8e0                _tmpfile_r
                0x0002f9a8                tmpfile
 .text          0x0002f9b8      0x2a0 e:/softwares/quartus2/nios2eds/bin/gnu/h-i686-mingw32/bin/../lib/gcc/nios2-elf/4.7.3/../../../../../H-i686-mingw32/nios2-elf/lib/mno-hw-mul\libc.a(lib_a-tmpnam.o)
                0x0002fa98                _tmpnam_r
                0x0002fb30                _tempnam_r
                0x0002fc28                tempnam
                0x0002fc44                tmpnam
 .text          0x0002fc58     0x1ed4 e:/softwares/quartus2/nios2eds/bin/gnu/h-i686-mingw32/bin/../lib/gcc/nios2-elf/4.7.3/../../../../../H-i686-mingw32/nios2-elf/lib/mno-hw-mul\libc.a(lib_a-vfprintf.o)
                0x0002fc8c                ___vfprintf_internal_r
                0x00031b08                __vfprintf_internal
 .text          0x00031b2c     0x1788 e:/softwares/quartus2/nios2eds/bin/gnu/h-i686-mingw32/bin/../lib/gcc/nios2-elf/4.7.3/../../../../../H-i686-mingw32/nios2-elf/lib/mno-hw-mul\libc.a(lib_a-vfscanf.o)
                0x00031b2c                __svfscanf_r
                0x000331d4                _vfscanf_r
                0x00033220                __svfscanf
                0x00033244                vfscanf
 .text          0x000332b4       0x6c e:/softwares/quartus2/nios2eds/bin/gnu/h-i686-mingw32/bin/../lib/gcc/nios2-elf/4.7.3/../../../../../H-i686-mingw32/nios2-elf/lib/mno-hw-mul\libc.a(lib_a-writer.o)
                0x000332b4                _write_r
 .text          0x00033320      0x174 e:/softwares/quartus2/nios2eds/bin/gnu/h-i686-mingw32/bin/../lib/gcc/nios2-elf/4.7.3/../../../../../H-i686-mingw32/nios2-elf/lib/mno-hw-mul\libc.a(lib_a-wsetup.o)
                0x00033320                __swsetup_r
 .text          0x00033494      0x1a0 e:/softwares/quartus2/nios2eds/bin/gnu/h-i686-mingw32/bin/../lib/gcc/nios2-elf/4.7.3/../../../../../H-i686-mingw32/nios2-elf/lib/mno-hw-mul\libc.a(lib_a-__call_atexit.o)
                0x00033494                __call_exitprocs
 .text          0x00033634       0x64 e:/softwares/quartus2/nios2eds/bin/gnu/h-i686-mingw32/bin/../lib/gcc/nios2-elf/4.7.3/../../../../../H-i686-mingw32/nios2-elf/lib/mno-hw-mul\libc.a(lib_a-closer.o)
                0x00033634                _close_r
 .text          0x00033698     0x1858 e:/softwares/quartus2/nios2eds/bin/gnu/h-i686-mingw32/bin/../lib/gcc/nios2-elf/4.7.3/../../../../../H-i686-mingw32/nios2-elf/lib/mno-hw-mul\libc.a(lib_a-dtoa.o)
                0x000338d4                _dtoa_r
 .text          0x00034ef0        0x0 e:/softwares/quartus2/nios2eds/bin/gnu/h-i686-mingw32/bin/../lib/gcc/nios2-elf/4.7.3/../../../../../H-i686-mingw32/nios2-elf/lib/mno-hw-mul\libc.a(lib_a-environ.o)
 .text          0x00034ef0       0xd4 e:/softwares/quartus2/nios2eds/bin/gnu/h-i686-mingw32/bin/../lib/gcc/nios2-elf/4.7.3/../../../../../H-i686-mingw32/nios2-elf/lib/mno-hw-mul\libc.a(lib_a-fdopen.o)
                0x00034ef0                _fdopen_r
                0x00034fa8                fdopen
 .text          0x00034fc4       0x98 e:/softwares/quartus2/nios2eds/bin/gnu/h-i686-mingw32/bin/../lib/gcc/nios2-elf/4.7.3/../../../../../H-i686-mingw32/nios2-elf/lib/mno-hw-mul\libc.a(lib_a-flags.o)
                0x00034fc4                __sflags
 .text          0x0003505c      0x4e4 e:/softwares/quartus2/nios2eds/bin/gnu/h-i686-mingw32/bin/../lib/gcc/nios2-elf/4.7.3/../../../../../H-i686-mingw32/nios2-elf/lib/mno-hw-mul\libc.a(lib_a-fvwrite.o)
                0x0003505c                __sfvwrite_r
 .text          0x00035540       0x64 e:/softwares/quartus2/nios2eds/bin/gnu/h-i686-mingw32/bin/../lib/gcc/nios2-elf/4.7.3/../../../../../H-i686-mingw32/nios2-elf/lib/mno-hw-mul\libc.a(lib_a-isattyr.o)
                0x00035540                _isatty_r
 .text          0x000355a4       0x38 e:/softwares/quartus2/nios2eds/bin/gnu/h-i686-mingw32/bin/../lib/gcc/nios2-elf/4.7.3/../../../../../H-i686-mingw32/nios2-elf/lib/mno-hw-mul\libc.a(lib_a-iswspace.o)
                0x000355a4                iswspace
 .text          0x000355dc       0xdc e:/softwares/quartus2/nios2eds/bin/gnu/h-i686-mingw32/bin/../lib/gcc/nios2-elf/4.7.3/../../../../../H-i686-mingw32/nios2-elf/lib/mno-hw-mul\libc.a(lib_a-locale.o)
                0x000355dc                _setlocale_r
                0x00035678                __locale_charset
                0x00035684                _localeconv_r
                0x00035690                setlocale
                0x000356ac                localeconv
 .text          0x000356b8       0x6c e:/softwares/quartus2/nios2eds/bin/gnu/h-i686-mingw32/bin/../lib/gcc/nios2-elf/4.7.3/../../../../../H-i686-mingw32/nios2-elf/lib/mno-hw-mul\libc.a(lib_a-lseekr.o)
                0x000356b8                _lseek_r
 .text          0x00035724       0xa4 e:/softwares/quartus2/nios2eds/bin/gnu/h-i686-mingw32/bin/../lib/gcc/nios2-elf/4.7.3/../../../../../H-i686-mingw32/nios2-elf/lib/mno-hw-mul\libc.a(lib_a-mbrtowc.o)
                0x00035724                _mbrtowc_r
                0x00035788                mbrtowc
 .text          0x000357c8       0x44 e:/softwares/quartus2/nios2eds/bin/gnu/h-i686-mingw32/bin/../lib/gcc/nios2-elf/4.7.3/../../../../../H-i686-mingw32/nios2-elf/lib/mno-hw-mul\libc.a(lib_a-mbtowc_r.o)
                0x000357c8                _mbtowc_r
 .text          0x0003580c       0xf8 e:/softwares/quartus2/nios2eds/bin/gnu/h-i686-mingw32/bin/../lib/gcc/nios2-elf/4.7.3/../../../../../H-i686-mingw32/nios2-elf/lib/mno-hw-mul\libc.a(lib_a-memchr.o)
                0x0003580c                memchr
 .text          0x00035904      0x18c e:/softwares/quartus2/nios2eds/bin/gnu/h-i686-mingw32/bin/../lib/gcc/nios2-elf/4.7.3/../../../../../H-i686-mingw32/nios2-elf/lib/mno-hw-mul\libc.a(lib_a-memmove.o)
                0x00035904                memmove
 .text          0x00035a90     0x1050 e:/softwares/quartus2/nios2eds/bin/gnu/h-i686-mingw32/bin/../lib/gcc/nios2-elf/4.7.3/../../../../../H-i686-mingw32/nios2-elf/lib/mno-hw-mul\libc.a(lib_a-mprec.o)
                0x00035a90                _Balloc
                0x00035b38                _Bfree
                0x00035b60                __multadd
                0x00035ca4                __s2b
                0x00035da8                __hi0bits
                0x00035e10                __lo0bits
                0x00035ec0                __i2b
                0x00035efc                __multiply
                0x00036154                __pow5mult
                0x00036280                __lshift
                0x000363dc                __mcmp
                0x00036434                __mdiff
                0x000365dc                __ulp
                0x0003663c                __b2d
                0x00036784                __d2b
                0x000368c8                __ratio
                0x0003696c                _mprec_log10
                0x000369e0                __copybits
                0x00036a5c                __any_on
 .text          0x00036ae0       0x6c e:/softwares/quartus2/nios2eds/bin/gnu/h-i686-mingw32/bin/../lib/gcc/nios2-elf/4.7.3/../../../../../H-i686-mingw32/nios2-elf/lib/mno-hw-mul\libc.a(lib_a-readr.o)
                0x00036ae0                _read_r
 .text          0x00036b4c      0x5fc e:/softwares/quartus2/nios2eds/bin/gnu/h-i686-mingw32/bin/../lib/gcc/nios2-elf/4.7.3/../../../../../H-i686-mingw32/nios2-elf/lib/mno-hw-mul\libc.a(lib_a-reallocr.o)
                0x00036b4c                _realloc_r
 .text          0x00037148       0x44 e:/softwares/quartus2/nios2eds/bin/gnu/h-i686-mingw32/bin/../lib/gcc/nios2-elf/4.7.3/../../../../../H-i686-mingw32/nios2-elf/lib/mno-hw-mul\libc.a(lib_a-remove.o)
                0x00037148                _remove_r
                0x00037178                remove
 .text          0x0003718c       0x38 e:/softwares/quartus2/nios2eds/bin/gnu/h-i686-mingw32/bin/../lib/gcc/nios2-elf/4.7.3/../../../../../H-i686-mingw32/nios2-elf/lib/mno-hw-mul\libc.a(lib_a-s_isinfd.o)
                0x0003718c                __isinfd
 .text          0x000371c4       0x2c e:/softwares/quartus2/nios2eds/bin/gnu/h-i686-mingw32/bin/../lib/gcc/nios2-elf/4.7.3/../../../../../H-i686-mingw32/nios2-elf/lib/mno-hw-mul\libc.a(lib_a-s_isnand.o)
                0x000371c4                __isnand
 .text          0x000371f0       0xc4 e:/softwares/quartus2/nios2eds/bin/gnu/h-i686-mingw32/bin/../lib/gcc/nios2-elf/4.7.3/../../../../../H-i686-mingw32/nios2-elf/lib/mno-hw-mul\libc.a(lib_a-sccl.o)
                0x000371f0                __sccl
 .text          0x000372b4        0x8 e:/softwares/quartus2/nios2eds/bin/gnu/h-i686-mingw32/bin/../lib/gcc/nios2-elf/4.7.3/../../../../../H-i686-mingw32/nios2-elf/lib/mno-hw-mul\libc.a(lib_a-sf_nan.o)
                0x000372b4                nanf
 .text          0x000372bc       0x6c e:/softwares/quartus2/nios2eds/bin/gnu/h-i686-mingw32/bin/../lib/gcc/nios2-elf/4.7.3/../../../../../H-i686-mingw32/nios2-elf/lib/mno-hw-mul\libc.a(lib_a-signalr.o)
                0x000372bc                _kill_r
                0x00037324                _getpid_r
 .text          0x00037328       0xa4 e:/softwares/quartus2/nios2eds/bin/gnu/h-i686-mingw32/bin/../lib/gcc/nios2-elf/4.7.3/../../../../../H-i686-mingw32/nios2-elf/lib/mno-hw-mul\libc.a(lib_a-strcmp.o)
                0x00037328                strcmp
 .text          0x000373cc     0x1684 e:/softwares/quartus2/nios2eds/bin/gnu/h-i686-mingw32/bin/../lib/gcc/nios2-elf/4.7.3/../../../../../H-i686-mingw32/nios2-elf/lib/mno-hw-mul\libc.a(lib_a-strtod.o)
                0x000373cc                _strtod_r
                0x00038914                strtod
                0x00038930                strtof
 .text          0x00038a50      0x29c e:/softwares/quartus2/nios2eds/bin/gnu/h-i686-mingw32/bin/../lib/gcc/nios2-elf/4.7.3/../../../../../H-i686-mingw32/nios2-elf/lib/mno-hw-mul\libc.a(lib_a-strtol.o)
                0x00038a50                _strtol_r
                0x00038cc8                strtol
 .text          0x00038cec      0x330 e:/softwares/quartus2/nios2eds/bin/gnu/h-i686-mingw32/bin/../lib/gcc/nios2-elf/4.7.3/../../../../../H-i686-mingw32/nios2-elf/lib/mno-hw-mul\libc.a(lib_a-strtoll_r.o)
                0x00038cec                _strtoll_r
 .text          0x0003901c      0x2c8 e:/softwares/quartus2/nios2eds/bin/gnu/h-i686-mingw32/bin/../lib/gcc/nios2-elf/4.7.3/../../../../../H-i686-mingw32/nios2-elf/lib/mno-hw-mul\libc.a(lib_a-strtoul.o)
                0x0003901c                _strtoul_r
                0x000392c0                strtoul
 .text          0x000392e4      0x394 e:/softwares/quartus2/nios2eds/bin/gnu/h-i686-mingw32/bin/../lib/gcc/nios2-elf/4.7.3/../../../../../H-i686-mingw32/nios2-elf/lib/mno-hw-mul\libc.a(lib_a-strtoull_r.o)
                0x000392e4                _strtoull_r
 .text          0x00039678      0x2a8 e:/softwares/quartus2/nios2eds/bin/gnu/h-i686-mingw32/bin/../lib/gcc/nios2-elf/4.7.3/../../../../../H-i686-mingw32/nios2-elf/lib/mno-hw-mul\libc.a(lib_a-ungetc.o)
                0x00039678                __submore
                0x00039768                _ungetc_r
                0x00039904                ungetc
 .text          0x00039920       0x64 e:/softwares/quartus2/nios2eds/bin/gnu/h-i686-mingw32/bin/../lib/gcc/nios2-elf/4.7.3/../../../../../H-i686-mingw32/nios2-elf/lib/mno-hw-mul\libc.a(lib_a-unlinkr.o)
                0x00039920                _unlink_r
 .text          0x00039984       0xcc e:/softwares/quartus2/nios2eds/bin/gnu/h-i686-mingw32/bin/../lib/gcc/nios2-elf/4.7.3/../../../../../H-i686-mingw32/nios2-elf/lib/mno-hw-mul\libc.a(lib_a-callocr.o)
                0x00039984                _calloc_r
 .text          0x00039a50      0x918 e:/softwares/quartus2/nios2eds/bin/gnu/h-i686-mingw32/bin/../lib/gcc/nios2-elf/4.7.3/../../../../../H-i686-mingw32/nios2-elf/lib/mno-hw-mul\libc.a(lib_a-gdtoa-gethex.o)
                0x00039b60                __hexdig_init
                0x00039bf0                __gethex
 .text          0x0003a368      0x28c e:/softwares/quartus2/nios2eds/bin/gnu/h-i686-mingw32/bin/../lib/gcc/nios2-elf/4.7.3/../../../../../H-i686-mingw32/nios2-elf/lib/mno-hw-mul\libc.a(lib_a-gdtoa-hexnan.o)
                0x0003a368                __hexnan
 .text          0x0003a5f4       0x84 e:/softwares/quartus2/nios2eds/bin/gnu/h-i686-mingw32/bin/../lib/gcc/nios2-elf/4.7.3/mno-hw-mul\libgcc.a(_fixunsdfsi.o)
                0x0003a5f4                __fixunsdfsi
 .text          0x0003a678      0x650 e:/softwares/quartus2/nios2eds/bin/gnu/h-i686-mingw32/bin/../lib/gcc/nios2-elf/4.7.3/mno-hw-mul\libgcc.a(_udivdi3.o)
                0x0003a678                __udivdi3
 .text          0x0003acc8      0x628 e:/softwares/quartus2/nios2eds/bin/gnu/h-i686-mingw32/bin/../lib/gcc/nios2-elf/4.7.3/mno-hw-mul\libgcc.a(_umoddi3.o)
                0x0003acc8                __umoddi3
 .text          0x0003b2f0       0x54 e:/softwares/quartus2/nios2eds/bin/gnu/h-i686-mingw32/bin/../lib/gcc/nios2-elf/4.7.3/mno-hw-mul\libgcc.a(_eq_sf.o)
                0x0003b2f0                __eqsf2
 .text          0x0003b344       0x5c e:/softwares/quartus2/nios2eds/bin/gnu/h-i686-mingw32/bin/../lib/gcc/nios2-elf/4.7.3/mno-hw-mul\libgcc.a(_gt_sf.o)
                0x0003b344                __gtsf2
 .text          0x0003b3a0       0x54 e:/softwares/quartus2/nios2eds/bin/gnu/h-i686-mingw32/bin/../lib/gcc/nios2-elf/4.7.3/mno-hw-mul\libgcc.a(_lt_sf.o)
                0x0003b3a0                __ltsf2
 .text          0x0003b3f4      0x408 e:/softwares/quartus2/nios2eds/bin/gnu/h-i686-mingw32/bin/../lib/gcc/nios2-elf/4.7.3/mno-hw-mul\libgcc.a(_addsub_df.o)
                0x0003b748                __adddf3
                0x0003b79c                __subdf3
 .text          0x0003b7fc       0x5c e:/softwares/quartus2/nios2eds/bin/gnu/h-i686-mingw32/bin/../lib/gcc/nios2-elf/4.7.3/mno-hw-mul\libgcc.a(_eq_df.o)
                0x0003b7fc                __eqdf2
 .text          0x0003b858       0x5c e:/softwares/quartus2/nios2eds/bin/gnu/h-i686-mingw32/bin/../lib/gcc/nios2-elf/4.7.3/mno-hw-mul\libgcc.a(_ne_df.o)
                0x0003b858                __nedf2
 .text          0x0003b8b4       0x64 e:/softwares/quartus2/nios2eds/bin/gnu/h-i686-mingw32/bin/../lib/gcc/nios2-elf/4.7.3/mno-hw-mul\libgcc.a(_gt_df.o)
                0x0003b8b4                __gtdf2
 .text          0x0003b918       0x64 e:/softwares/quartus2/nios2eds/bin/gnu/h-i686-mingw32/bin/../lib/gcc/nios2-elf/4.7.3/mno-hw-mul\libgcc.a(_ge_df.o)
                0x0003b918                __gedf2
 .text          0x0003b97c       0x5c e:/softwares/quartus2/nios2eds/bin/gnu/h-i686-mingw32/bin/../lib/gcc/nios2-elf/4.7.3/mno-hw-mul\libgcc.a(_lt_df.o)
                0x0003b97c                __ltdf2
 .text          0x0003b9d8       0x5c e:/softwares/quartus2/nios2eds/bin/gnu/h-i686-mingw32/bin/../lib/gcc/nios2-elf/4.7.3/mno-hw-mul\libgcc.a(_le_df.o)
                0x0003b9d8                __ledf2
 .text          0x0003ba34       0xd4 e:/softwares/quartus2/nios2eds/bin/gnu/h-i686-mingw32/bin/../lib/gcc/nios2-elf/4.7.3/mno-hw-mul\libgcc.a(_si_to_df.o)
                0x0003ba34                __floatsidf
 .text          0x0003bb08       0xd4 e:/softwares/quartus2/nios2eds/bin/gnu/h-i686-mingw32/bin/../lib/gcc/nios2-elf/4.7.3/mno-hw-mul\libgcc.a(_df_to_si.o)
                0x0003bb08                __fixdfsi
 .text          0x0003bbdc       0xbc e:/softwares/quartus2/nios2eds/bin/gnu/h-i686-mingw32/bin/../lib/gcc/nios2-elf/4.7.3/mno-hw-mul\libgcc.a(_fpcmp_parts_sf.o)
                0x0003bbdc                __fpcmp_parts_f
 .text          0x0003bc98       0xd0 e:/softwares/quartus2/nios2eds/bin/gnu/h-i686-mingw32/bin/../lib/gcc/nios2-elf/4.7.3/mno-hw-mul\libgcc.a(_fpcmp_parts_df.o)
                0x0003bc98                __fpcmp_parts_d
 .text          0x0003bd68      0x11c ../JPEG_Encoder_bsp/\libhal_bsp.a(alt_close.o)
                0x0003bdb8                close
 .text          0x0003be84       0x2c ../JPEG_Encoder_bsp/\libhal_bsp.a(alt_dev.o)
 .text          0x0003beb0       0x40 ../JPEG_Encoder_bsp/\libhal_bsp.a(alt_env_lock.o)
                0x0003beb0                __env_lock
                0x0003bed0                __env_unlock
 .text          0x0003bef0        0x0 ../JPEG_Encoder_bsp/\libhal_bsp.a(alt_errno.o)
 .text          0x0003bef0       0x3c ../JPEG_Encoder_bsp/\libhal_bsp.a(alt_exit.o)
                0x0003bef0                _exit
 .text          0x0003bf2c      0x100 ../JPEG_Encoder_bsp/\libhal_bsp.a(alt_fstat.o)
                0x0003bf7c                fstat
 .text          0x0003c02c       0x20 ../JPEG_Encoder_bsp/\libhal_bsp.a(alt_getpid.o)
                0x0003c02c                getpid
 .text          0x0003c04c       0xf4 ../JPEG_Encoder_bsp/\libhal_bsp.a(alt_isatty.o)
                0x0003c09c                isatty
 .text          0x0003c140      0x180 ../JPEG_Encoder_bsp/\libhal_bsp.a(alt_kill.o)
                0x0003c190                kill
 .text          0x0003c2c0       0xec ../JPEG_Encoder_bsp/\libhal_bsp.a(alt_load.o)
                0x0003c32c                alt_load
 .text          0x0003c3ac      0x124 ../JPEG_Encoder_bsp/\libhal_bsp.a(alt_lseek.o)
                0x0003c3fc                lseek
 .text          0x0003c4d0       0x78 ../JPEG_Encoder_bsp/\libhal_bsp.a(alt_main.o)
                0x0003c4d0                alt_main
 .text          0x0003c548       0x40 ../JPEG_Encoder_bsp/\libhal_bsp.a(alt_malloc_lock.o)
                0x0003c548                __malloc_lock
                0x0003c568                __malloc_unlock
 .text          0x0003c588      0x298 ../JPEG_Encoder_bsp/\libhal_bsp.a(alt_open.o)
                0x0003c6c8                open
 .text          0x0003c820      0x144 ../JPEG_Encoder_bsp/\libhal_bsp.a(alt_read.o)
                0x0003c870                read
 .text          0x0003c964       0x80 ../JPEG_Encoder_bsp/\libhal_bsp.a(alt_release_fd.o)
                0x0003c964                alt_release_fd
 .text          0x0003c9e4       0xb0 ../JPEG_Encoder_bsp/\libhal_bsp.a(alt_sbrk.o)
                0x0003c9e4                sbrk
 .text          0x0003ca94       0x88 ../JPEG_Encoder_bsp/\libhal_bsp.a(alt_unlink.o)
                0x0003cae4                unlink
 .text          0x0003cb1c      0x140 ../JPEG_Encoder_bsp/\libhal_bsp.a(alt_write.o)
                0x0003cb6c                write
 .text          0x0003cc5c       0xd4 ../JPEG_Encoder_bsp/\libhal_bsp.a(alt_sys_init.o)
                0x0003cc94                alt_irq_init
                0x0003ccc8                alt_sys_init
 .text          0x0003cd30      0x164 ../JPEG_Encoder_bsp/\libhal_bsp.a(altera_avalon_jtag_uart_fd.o)
                0x0003cd30                altera_avalon_jtag_uart_read_fd
                0x0003cd90                altera_avalon_jtag_uart_write_fd
                0x0003cdf0                altera_avalon_jtag_uart_close_fd
                0x0003ce40                altera_avalon_jtag_uart_ioctl_fd
 .text          0x0003ce94      0x3d0 ../JPEG_Encoder_bsp/\libhal_bsp.a(altera_avalon_jtag_uart_init.o)
                0x0003ce94                altera_avalon_jtag_uart_init
                0x0003d1fc                altera_avalon_jtag_uart_close
 .text          0x0003d264       0xf4 ../JPEG_Encoder_bsp/\libhal_bsp.a(altera_avalon_jtag_uart_ioctl.o)
                0x0003d264                altera_avalon_jtag_uart_ioctl
 .text          0x0003d358      0x218 ../JPEG_Encoder_bsp/\libhal_bsp.a(altera_avalon_jtag_uart_read.o)
                0x0003d358                altera_avalon_jtag_uart_read
 .text          0x0003d570      0x224 ../JPEG_Encoder_bsp/\libhal_bsp.a(altera_avalon_jtag_uart_write.o)
                0x0003d570                altera_avalon_jtag_uart_write
 .text          0x0003d794       0xfc ../JPEG_Encoder_bsp/\libhal_bsp.a(altera_avalon_timer_sc.o)
                0x0003d808                alt_avalon_timer_sc_init
 .text          0x0003d890      0x628 ../JPEG_Encoder_bsp/\libhal_bsp.a(altera_hostfs.o)
                0x0003d890                alt_hostfs_open
                0x0003d9fc                alt_hostfs_close
                0x0003da68                alt_hostfs_read
                0x0003db20                alt_hostfs_write
                0x0003dbd8                alt_hostfs_seek
                0x0003dc90                alt_hostfs_fstat
 .text          0x0003deb8      0x140 ../JPEG_Encoder_bsp/\libhal_bsp.a(alt_alarm_start.o)
                0x0003deb8                alt_alarm_start
 .text          0x0003dff8       0x1c ../JPEG_Encoder_bsp/\libhal_bsp.a(alt_dcache_flush_all.o)
                0x0003dff8                alt_dcache_flush_all
 .text          0x0003e014       0xf0 ../JPEG_Encoder_bsp/\libhal_bsp.a(alt_dev_llist_insert.o)
                0x0003e064                alt_dev_llist_insert
 .text          0x0003e104       0x5c ../JPEG_Encoder_bsp/\libhal_bsp.a(alt_do_ctors.o)
                0x0003e104                _do_ctors
 .text          0x0003e160       0x5c ../JPEG_Encoder_bsp/\libhal_bsp.a(alt_do_dtors.o)
                0x0003e160                _do_dtors
 .text          0x0003e1bc       0x90 ../JPEG_Encoder_bsp/\libhal_bsp.a(alt_find_dev.o)
                0x0003e1bc                alt_find_dev
 .text          0x0003e24c      0x114 ../JPEG_Encoder_bsp/\libhal_bsp.a(alt_find_file.o)
                0x0003e24c                alt_find_file
 .text          0x0003e360       0x84 ../JPEG_Encoder_bsp/\libhal_bsp.a(alt_fs_reg.o)
                0x0003e360                alt_fs_reg
 .text          0x0003e3e4       0xd4 ../JPEG_Encoder_bsp/\libhal_bsp.a(alt_get_fd.o)
                0x0003e3e4                alt_get_fd
 .text          0x0003e4b8       0x1c ../JPEG_Encoder_bsp/\libhal_bsp.a(alt_icache_flush_all.o)
                0x0003e4b8                alt_icache_flush_all
 .text          0x0003e4d4      0x1d8 ../JPEG_Encoder_bsp/\libhal_bsp.a(alt_iic.o)
                0x0003e4d4                alt_ic_isr_register
                0x0003e524                alt_ic_irq_enable
                0x0003e5c0                alt_ic_irq_disable
                0x0003e660                alt_ic_irq_enabled
 .text          0x0003e6ac       0xf0 ../JPEG_Encoder_bsp/\libhal_bsp.a(alt_iic_isr_register.o)
                0x0003e6ac                alt_iic_isr_register
 .text          0x0003e79c      0x158 ../JPEG_Encoder_bsp/\libhal_bsp.a(alt_io_redirect.o)
                0x0003e87c                alt_io_redirect
 .text          0x0003e8f4        0x0 ../JPEG_Encoder_bsp/\libhal_bsp.a(alt_irq_entry.o)
 .text          0x0003e8f4        0x0 ../JPEG_Encoder_bsp/\libhal_bsp.a(alt_irq_handler.o)
 .text          0x0003e8f4        0x0 ../JPEG_Encoder_bsp/\libhal_bsp.a(alt_irq_vars.o)
 .text          0x0003e8f4      0x19c ../JPEG_Encoder_bsp/\libhal_bsp.a(alt_tick.o)
                0x0003e8f4                alt_alarm_stop
                0x0003e98c                alt_tick
 .text          0x0003ea90       0x20 ../JPEG_Encoder_bsp/\libhal_bsp.a(altera_nios2_qsys_irq.o)
                0x0003ea90                altera_nios2_qsys_irq_init
 .text          0x0003eab0        0x0 ../JPEG_Encoder_bsp/\libhal_bsp.a(alt_exception_entry.o)
 .text          0x0003eab0       0x14 e:/softwares/quartus2/nios2eds/bin/gnu/h-i686-mingw32/bin/../lib/gcc/nios2-elf/4.7.3/../../../../../H-i686-mingw32/nios2-elf/lib/mno-hw-mul\libc.a(lib_a-atexit.o)
                0x0003eab0                atexit
 .text          0x0003eac4       0x7c e:/softwares/quartus2/nios2eds/bin/gnu/h-i686-mingw32/bin/../lib/gcc/nios2-elf/4.7.3/../../../../../H-i686-mingw32/nios2-elf/lib/mno-hw-mul\libc.a(lib_a-memcmp.o)
                0x0003eac4                memcmp
 .text          0x0003eb40      0x130 e:/softwares/quartus2/nios2eds/bin/gnu/h-i686-mingw32/bin/../lib/gcc/nios2-elf/4.7.3/../../../../../H-i686-mingw32/nios2-elf/lib/mno-hw-mul\libc.a(lib_a-__atexit.o)
                0x0003eb40                __register_exitproc
 *(.gnu.warning.*)
 *(.fini)
                0x0003ec70                PROVIDE (__etext, ABSOLUTE (.))
                0x0003ec70                PROVIDE (_etext, ABSOLUTE (.))
                0x0003ec70                PROVIDE (etext, ABSOLUTE (.))
 *(.eh_frame_hdr)
                0x0003ec70                . = ALIGN (0x4)
                0x0003ec70                PROVIDE (__preinit_array_start, ABSOLUTE (.))
 *(.preinit_array)
                0x0003ec70                PROVIDE (__preinit_array_end, ABSOLUTE (.))
                0x0003ec70                PROVIDE (__init_array_start, ABSOLUTE (.))
 *(.init_array)
                0x0003ec70                PROVIDE (__init_array_end, ABSOLUTE (.))
                0x0003ec70                PROVIDE (__fini_array_start, ABSOLUTE (.))
 *(.fini_array)
                0x0003ec70                PROVIDE (__fini_array_end, ABSOLUTE (.))
 *(.eh_frame)
 *(.gcc_except_table .gcc_except_table.*)
 *(.dynamic)
                0x0003ec70                PROVIDE (__CTOR_LIST__, ABSOLUTE (.))
 *(.ctors)
 *(SORT(.ctors.*))
                0x0003ec70                PROVIDE (__CTOR_END__, ABSOLUTE (.))
                0x0003ec70                PROVIDE (__DTOR_LIST__, ABSOLUTE (.))
 *(.dtors)
 *(SORT(.dtors.*))
                0x0003ec70                PROVIDE (__DTOR_END__, ABSOLUTE (.))
 *(.jcr)
                0x0003ec70                . = ALIGN (0x4)

.rodata         0x0003ec70     0x29ec
                0x0003ec70                PROVIDE (__ram_rodata_start, ABSOLUTE (.))
                0x0003ec70                . = ALIGN (0x4)
 *(.rodata .rodata.* .gnu.linkonce.r.*)
 .rodata        0x0003ec70       0xc0 obj/default/application/bmp_extract.o
 .rodata        0x0003ed30       0x14 obj/default/application/jpeg_encoding.o
 .rodata        0x0003ed44      0x1c8 obj/default/application/jpegclib/jaricom.o
                0x0003ed44                jpeg_aritab
 .rodata        0x0003ef0c       0xc0 obj/default/application/jpegclib/jcdctmgr.o
 .rodata        0x0003efcc      0x3a0 obj/default/application/jpegclib/jcparam.o
 .rodata        0x0003f36c     0x1514 obj/default/application/jpegclib/jerror.o
                0x0004067c                jpeg_std_message_table
 .rodata        0x00040880        0x4 obj/default/application/jpegclib/jmemansi.o
 .rodata        0x00040884       0x10 obj/default/application/jpegclib/jmemmgr.o
 .rodata        0x00040894      0x10c obj/default/application/jpegclib/jquant1.o
 .rodata        0x000409a0      0x4ec obj/default/application/jpegclib/jutils.o
                0x000409a0                jpeg_natural_order
                0x00040ae0                jpeg_natural_order7
                0x00040be4                jpeg_natural_order6
                0x00040cb4                jpeg_natural_order5
                0x00040d58                jpeg_natural_order4
                0x00040dd8                jpeg_natural_order3
                0x00040e3c                jpeg_natural_order2
 .rodata        0x00040e8c      0x170 obj/default/jpeg_encoder.o
 .rodata        0x00040ffc       0x10 e:/softwares/quartus2/nios2eds/bin/gnu/h-i686-mingw32/bin/../lib/gcc/nios2-elf/4.7.3/mno-hw-mul\libgcc.a(_thenan_sf.o)
                0x00040ffc                __thenan_sf
 .rodata        0x0004100c       0x14 e:/softwares/quartus2/nios2eds/bin/gnu/h-i686-mingw32/bin/../lib/gcc/nios2-elf/4.7.3/mno-hw-mul\libgcc.a(_thenan_df.o)
                0x0004100c                __thenan_df
 .rodata        0x00041020      0x100 e:/softwares/quartus2/nios2eds/bin/gnu/h-i686-mingw32/bin/../lib/gcc/nios2-elf/4.7.3/mno-hw-mul\libgcc.a(_clz.o)
                0x00041020                __clz_tab
 .rodata        0x00041120      0x281 e:/softwares/quartus2/nios2eds/bin/gnu/h-i686-mingw32/bin/../lib/gcc/nios2-elf/4.7.3/../../../../../H-i686-mingw32/nios2-elf/lib/mno-hw-mul\libc.a(lib_a-ctype_.o)
                0x00041120                _ctype_
 *fill*         0x000413a1        0x3 
 .rodata.str1.4
                0x000413a4        0x2 e:/softwares/quartus2/nios2eds/bin/gnu/h-i686-mingw32/bin/../lib/gcc/nios2-elf/4.7.3/../../../../../H-i686-mingw32/nios2-elf/lib/mno-hw-mul\libc.a(lib_a-impure.o)
                                  0x4 (size before relaxing)
 *fill*         0x000413a6        0x2 
 .rodata.str1.4
                0x000413a8        0x2 e:/softwares/quartus2/nios2eds/bin/gnu/h-i686-mingw32/bin/../lib/gcc/nios2-elf/4.7.3/../../../../../H-i686-mingw32/nios2-elf/lib/mno-hw-mul\libc.a(lib_a-puts.o)
                                  0x4 (size before relaxing)
 *fill*         0x000413aa        0x2 
 .rodata.str1.4
                0x000413ac        0x4 e:/softwares/quartus2/nios2eds/bin/gnu/h-i686-mingw32/bin/../lib/gcc/nios2-elf/4.7.3/../../../../../H-i686-mingw32/nios2-elf/lib/mno-hw-mul\libc.a(lib_a-tmpfile.o)
 .rodata.str1.4
                0x000413b0       0x1f e:/softwares/quartus2/nios2eds/bin/gnu/h-i686-mingw32/bin/../lib/gcc/nios2-elf/4.7.3/../../../../../H-i686-mingw32/nios2-elf/lib/mno-hw-mul\libc.a(lib_a-tmpnam.o)
                                 0x24 (size before relaxing)
 *fill*         0x000413cf        0x1 
 .rodata.str1.4
                0x000413d0       0x42 e:/softwares/quartus2/nios2eds/bin/gnu/h-i686-mingw32/bin/../lib/gcc/nios2-elf/4.7.3/../../../../../H-i686-mingw32/nios2-elf/lib/mno-hw-mul\libc.a(lib_a-vfprintf.o)
                                 0x44 (size before relaxing)
 .rodata        0x00041412       0x20 e:/softwares/quartus2/nios2eds/bin/gnu/h-i686-mingw32/bin/../lib/gcc/nios2-elf/4.7.3/../../../../../H-i686-mingw32/nios2-elf/lib/mno-hw-mul\libc.a(lib_a-vfprintf.o)
 *fill*         0x00041432        0x2 
 .rodata.str1.4
                0x00041434        0x5 e:/softwares/quartus2/nios2eds/bin/gnu/h-i686-mingw32/bin/../lib/gcc/nios2-elf/4.7.3/../../../../../H-i686-mingw32/nios2-elf/lib/mno-hw-mul\libc.a(lib_a-vfscanf.o)
                                  0x8 (size before relaxing)
 *fill*         0x00041439        0x1 
 .rodata        0x0004143a       0x22 e:/softwares/quartus2/nios2eds/bin/gnu/h-i686-mingw32/bin/../lib/gcc/nios2-elf/4.7.3/../../../../../H-i686-mingw32/nios2-elf/lib/mno-hw-mul\libc.a(lib_a-vfscanf.o)
 .rodata.str1.4
                0x0004145c       0x10 e:/softwares/quartus2/nios2eds/bin/gnu/h-i686-mingw32/bin/../lib/gcc/nios2-elf/4.7.3/../../../../../H-i686-mingw32/nios2-elf/lib/mno-hw-mul\libc.a(lib_a-dtoa.o)
                                 0x14 (size before relaxing)
 .rodata.str1.4
                0x0004146c        0xe e:/softwares/quartus2/nios2eds/bin/gnu/h-i686-mingw32/bin/../lib/gcc/nios2-elf/4.7.3/../../../../../H-i686-mingw32/nios2-elf/lib/mno-hw-mul\libc.a(lib_a-locale.o)
                                 0x18 (size before relaxing)
 *fill*         0x0004147a        0x2 
 .rodata        0x0004147c       0x30 e:/softwares/quartus2/nios2eds/bin/gnu/h-i686-mingw32/bin/../lib/gcc/nios2-elf/4.7.3/../../../../../H-i686-mingw32/nios2-elf/lib/mno-hw-mul\libc.a(lib_a-locale.o)
 .rodata.str1.4
                0x00000000        0x4 e:/softwares/quartus2/nios2eds/bin/gnu/h-i686-mingw32/bin/../lib/gcc/nios2-elf/4.7.3/../../../../../H-i686-mingw32/nios2-elf/lib/mno-hw-mul\libc.a(lib_a-mbrtowc.o)
 .rodata        0x000414ac      0x124 e:/softwares/quartus2/nios2eds/bin/gnu/h-i686-mingw32/bin/../lib/gcc/nios2-elf/4.7.3/../../../../../H-i686-mingw32/nios2-elf/lib/mno-hw-mul\libc.a(lib_a-mprec.o)
                0x000414ac                __mprec_tinytens
                0x000414d4                __mprec_bigtens
                0x000414fc                __mprec_tens
 .rodata.str1.4
                0x000415d0        0xf e:/softwares/quartus2/nios2eds/bin/gnu/h-i686-mingw32/bin/../lib/gcc/nios2-elf/4.7.3/../../../../../H-i686-mingw32/nios2-elf/lib/mno-hw-mul\libc.a(lib_a-strtod.o)
                                 0x10 (size before relaxing)
 *fill*         0x000415df        0x1 
 .rodata        0x000415e0       0x28 e:/softwares/quartus2/nios2eds/bin/gnu/h-i686-mingw32/bin/../lib/gcc/nios2-elf/4.7.3/../../../../../H-i686-mingw32/nios2-elf/lib/mno-hw-mul\libc.a(lib_a-strtod.o)
 .rodata.str1.4
                0x00041608       0x1c e:/softwares/quartus2/nios2eds/bin/gnu/h-i686-mingw32/bin/../lib/gcc/nios2-elf/4.7.3/../../../../../H-i686-mingw32/nios2-elf/lib/mno-hw-mul\libc.a(lib_a-gdtoa-gethex.o)
 .rodata        0x00041624        0xc ../JPEG_Encoder_bsp/\libhal_bsp.a(alt_dev.o)
 .rodata        0x00041630       0x10 ../JPEG_Encoder_bsp/\libhal_bsp.a(alt_main.o)
 .rodata        0x00041640       0x1c ../JPEG_Encoder_bsp/\libhal_bsp.a(alt_sys_init.o)
 *(.rodata1)
                0x0004165c                . = ALIGN (0x4)
                0x0004165c                PROVIDE (__ram_rodata_end, ABSOLUTE (.))
                0x0003ec70                PROVIDE (__flash_rodata_start, LOADADDR (.rodata))

.rwdata         0x0004165c     0x1b08 load address 0x00043164
                0x0004165c                PROVIDE (__ram_rwdata_start, ABSOLUTE (.))
                0x0004165c                . = ALIGN (0x4)
 *(.got.plt)
 *(.got)
 *(.data1)
 *(.data .data.* .gnu.linkonce.d.*)
 .data          0x0004165c        0x0 ../JPEG_Encoder_bsp//obj/HAL/src/crt0.o
 .data          0x0004165c        0x0 obj/default/application/bmp_extract.o
 .data          0x0004165c        0x0 obj/default/application/jpeg_encoding.o
 .data          0x0004165c        0x0 obj/default/application/jpegclib/cdjpeg.o
 .data          0x0004165c        0x0 obj/default/application/jpegclib/jaricom.o
 .data          0x0004165c        0x0 obj/default/application/jpegclib/jcapimin.o
 .data          0x0004165c        0x0 obj/default/application/jpegclib/jcapistd.o
 .data          0x0004165c        0x0 obj/default/application/jpegclib/jcarith.o
 .data          0x0004165c        0x0 obj/default/application/jpegclib/jccoefct.o
 .data          0x0004165c        0x0 obj/default/application/jpegclib/jccolor.o
 .data          0x0004165c        0x0 obj/default/application/jpegclib/jcdctmgr.o
 .data          0x0004165c        0x0 obj/default/application/jpegclib/jchuff.o
 .data          0x0004165c        0x0 obj/default/application/jpegclib/jcinit.o
 .data          0x0004165c        0x0 obj/default/application/jpegclib/jcmainct.o
 .data          0x0004165c        0x0 obj/default/application/jpegclib/jcmarker.o
 .data          0x0004165c        0x0 obj/default/application/jpegclib/jcmaster.o
 .data          0x0004165c        0x0 obj/default/application/jpegclib/jcomapi.o
 .data          0x0004165c        0x0 obj/default/application/jpegclib/jcparam.o
 .data          0x0004165c        0x0 obj/default/application/jpegclib/jcprepct.o
 .data          0x0004165c        0x0 obj/default/application/jpegclib/jcsample.o
 .data          0x0004165c        0x0 obj/default/application/jpegclib/jctrans.o
 .data          0x0004165c        0x0 obj/default/application/jpegclib/jdatadst.o
 .data          0x0004165c        0x0 obj/default/application/jpegclib/jerror.o
 .data          0x0004165c        0x0 obj/default/application/jpegclib/jfdctflt.o
 .data          0x0004165c        0x0 obj/default/application/jpegclib/jfdctfst.o
 .data          0x0004165c        0x0 obj/default/application/jpegclib/jfdctint.o
 .data          0x0004165c        0x0 obj/default/application/jpegclib/jidctflt.o
 .data          0x0004165c        0x0 obj/default/application/jpegclib/jidctfst.o
 .data          0x0004165c        0x0 obj/default/application/jpegclib/jidctint.o
 .data          0x0004165c        0x0 obj/default/application/jpegclib/jmemansi.o
 .data          0x0004165c        0x0 obj/default/application/jpegclib/jmemmgr.o
 .data          0x0004165c        0x0 obj/default/application/jpegclib/jquant1.o
 .data          0x0004165c        0x0 obj/default/application/jpegclib/jquant2.o
 .data          0x0004165c        0x0 obj/default/application/jpegclib/jutils.o
 .data          0x0004165c        0x0 obj/default/jpeg_encoder.o
 .data          0x0004165c        0x0 e:/softwares/quartus2/nios2eds/bin/gnu/h-i686-mingw32/bin/../lib/gcc/nios2-elf/4.7.3/mno-hw-mul\libgcc.a(_addsub_sf.o)
 .data          0x0004165c        0x0 e:/softwares/quartus2/nios2eds/bin/gnu/h-i686-mingw32/bin/../lib/gcc/nios2-elf/4.7.3/mno-hw-mul\libgcc.a(_mul_sf.o)
 .data          0x0004165c        0x0 e:/softwares/quartus2/nios2eds/bin/gnu/h-i686-mingw32/bin/../lib/gcc/nios2-elf/4.7.3/mno-hw-mul\libgcc.a(_si_to_sf.o)
 .data          0x0004165c        0x0 e:/softwares/quartus2/nios2eds/bin/gnu/h-i686-mingw32/bin/../lib/gcc/nios2-elf/4.7.3/mno-hw-mul\libgcc.a(_sf_to_si.o)
 .data          0x0004165c        0x0 e:/softwares/quartus2/nios2eds/bin/gnu/h-i686-mingw32/bin/../lib/gcc/nios2-elf/4.7.3/mno-hw-mul\libgcc.a(_thenan_sf.o)
 .data          0x0004165c        0x0 e:/softwares/quartus2/nios2eds/bin/gnu/h-i686-mingw32/bin/../lib/gcc/nios2-elf/4.7.3/mno-hw-mul\libgcc.a(_mul_df.o)
 .data          0x0004165c        0x0 e:/softwares/quartus2/nios2eds/bin/gnu/h-i686-mingw32/bin/../lib/gcc/nios2-elf/4.7.3/mno-hw-mul\libgcc.a(_div_df.o)
 .data          0x0004165c        0x0 e:/softwares/quartus2/nios2eds/bin/gnu/h-i686-mingw32/bin/../lib/gcc/nios2-elf/4.7.3/mno-hw-mul\libgcc.a(_df_to_sf.o)
 .data          0x0004165c        0x0 e:/softwares/quartus2/nios2eds/bin/gnu/h-i686-mingw32/bin/../lib/gcc/nios2-elf/4.7.3/mno-hw-mul\libgcc.a(_thenan_df.o)
 .data          0x0004165c        0x0 e:/softwares/quartus2/nios2eds/bin/gnu/h-i686-mingw32/bin/../lib/gcc/nios2-elf/4.7.3/mno-hw-mul\libgcc.a(_usi_to_df.o)
 .data          0x0004165c        0x0 e:/softwares/quartus2/nios2eds/bin/gnu/h-i686-mingw32/bin/../lib/gcc/nios2-elf/4.7.3/mno-hw-mul\libgcc.a(lib2-divmod.o)
 .data          0x0004165c        0x0 e:/softwares/quartus2/nios2eds/bin/gnu/h-i686-mingw32/bin/../lib/gcc/nios2-elf/4.7.3/mno-hw-mul\libgcc.a(lib2-mul.o)
 .data          0x0004165c        0x0 e:/softwares/quartus2/nios2eds/bin/gnu/h-i686-mingw32/bin/../lib/gcc/nios2-elf/4.7.3/mno-hw-mul\libgcc.a(_muldi3.o)
 .data          0x0004165c        0x0 e:/softwares/quartus2/nios2eds/bin/gnu/h-i686-mingw32/bin/../lib/gcc/nios2-elf/4.7.3/mno-hw-mul\libgcc.a(_clzsi2.o)
 .data          0x0004165c        0x0 e:/softwares/quartus2/nios2eds/bin/gnu/h-i686-mingw32/bin/../lib/gcc/nios2-elf/4.7.3/mno-hw-mul\libgcc.a(_pack_sf.o)
 .data          0x0004165c        0x0 e:/softwares/quartus2/nios2eds/bin/gnu/h-i686-mingw32/bin/../lib/gcc/nios2-elf/4.7.3/mno-hw-mul\libgcc.a(_unpack_sf.o)
 .data          0x0004165c        0x0 e:/softwares/quartus2/nios2eds/bin/gnu/h-i686-mingw32/bin/../lib/gcc/nios2-elf/4.7.3/mno-hw-mul\libgcc.a(_make_sf.o)
 .data          0x0004165c        0x0 e:/softwares/quartus2/nios2eds/bin/gnu/h-i686-mingw32/bin/../lib/gcc/nios2-elf/4.7.3/mno-hw-mul\libgcc.a(_pack_df.o)
 .data          0x0004165c        0x0 e:/softwares/quartus2/nios2eds/bin/gnu/h-i686-mingw32/bin/../lib/gcc/nios2-elf/4.7.3/mno-hw-mul\libgcc.a(_unpack_df.o)
 .data          0x0004165c        0x0 e:/softwares/quartus2/nios2eds/bin/gnu/h-i686-mingw32/bin/../lib/gcc/nios2-elf/4.7.3/mno-hw-mul\libgcc.a(_lshrdi3.o)
 .data          0x0004165c        0x0 e:/softwares/quartus2/nios2eds/bin/gnu/h-i686-mingw32/bin/../lib/gcc/nios2-elf/4.7.3/mno-hw-mul\libgcc.a(_ashldi3.o)
 .data          0x0004165c        0x0 e:/softwares/quartus2/nios2eds/bin/gnu/h-i686-mingw32/bin/../lib/gcc/nios2-elf/4.7.3/mno-hw-mul\libgcc.a(_clz.o)
 .data          0x0004165c        0x0 e:/softwares/quartus2/nios2eds/bin/gnu/h-i686-mingw32/bin/../lib/gcc/nios2-elf/4.7.3/../../../../../H-i686-mingw32/nios2-elf/lib/mno-hw-mul\libc.a(lib_a-ctype_.o)
 .data          0x0004165c        0x0 e:/softwares/quartus2/nios2eds/bin/gnu/h-i686-mingw32/bin/../lib/gcc/nios2-elf/4.7.3/../../../../../H-i686-mingw32/nios2-elf/lib/mno-hw-mul\libc.a(lib_a-exit.o)
 .data          0x0004165c        0x0 e:/softwares/quartus2/nios2eds/bin/gnu/h-i686-mingw32/bin/../lib/gcc/nios2-elf/4.7.3/../../../../../H-i686-mingw32/nios2-elf/lib/mno-hw-mul\libc.a(lib_a-fclose.o)
 .data          0x0004165c        0x0 e:/softwares/quartus2/nios2eds/bin/gnu/h-i686-mingw32/bin/../lib/gcc/nios2-elf/4.7.3/../../../../../H-i686-mingw32/nios2-elf/lib/mno-hw-mul\libc.a(lib_a-fflush.o)
 .data          0x0004165c        0x0 e:/softwares/quartus2/nios2eds/bin/gnu/h-i686-mingw32/bin/../lib/gcc/nios2-elf/4.7.3/../../../../../H-i686-mingw32/nios2-elf/lib/mno-hw-mul\libc.a(lib_a-findfp.o)
 .data          0x0004165c        0x0 e:/softwares/quartus2/nios2eds/bin/gnu/h-i686-mingw32/bin/../lib/gcc/nios2-elf/4.7.3/../../../../../H-i686-mingw32/nios2-elf/lib/mno-hw-mul\libc.a(lib_a-fopen.o)
 .data          0x0004165c        0x0 e:/softwares/quartus2/nios2eds/bin/gnu/h-i686-mingw32/bin/../lib/gcc/nios2-elf/4.7.3/../../../../../H-i686-mingw32/nios2-elf/lib/mno-hw-mul\libc.a(lib_a-fprintf.o)
 .data          0x0004165c        0x0 e:/softwares/quartus2/nios2eds/bin/gnu/h-i686-mingw32/bin/../lib/gcc/nios2-elf/4.7.3/../../../../../H-i686-mingw32/nios2-elf/lib/mno-hw-mul\libc.a(lib_a-fread.o)
 .data          0x0004165c        0x0 e:/softwares/quartus2/nios2eds/bin/gnu/h-i686-mingw32/bin/../lib/gcc/nios2-elf/4.7.3/../../../../../H-i686-mingw32/nios2-elf/lib/mno-hw-mul\libc.a(lib_a-freer.o)
 .data          0x0004165c        0x0 e:/softwares/quartus2/nios2eds/bin/gnu/h-i686-mingw32/bin/../lib/gcc/nios2-elf/4.7.3/../../../../../H-i686-mingw32/nios2-elf/lib/mno-hw-mul\libc.a(lib_a-fseek.o)
 .data          0x0004165c        0x0 e:/softwares/quartus2/nios2eds/bin/gnu/h-i686-mingw32/bin/../lib/gcc/nios2-elf/4.7.3/../../../../../H-i686-mingw32/nios2-elf/lib/mno-hw-mul\libc.a(lib_a-fstatr.o)
 .data          0x0004165c        0x0 e:/softwares/quartus2/nios2eds/bin/gnu/h-i686-mingw32/bin/../lib/gcc/nios2-elf/4.7.3/../../../../../H-i686-mingw32/nios2-elf/lib/mno-hw-mul\libc.a(lib_a-ftell.o)
 .data          0x0004165c        0x0 e:/softwares/quartus2/nios2eds/bin/gnu/h-i686-mingw32/bin/../lib/gcc/nios2-elf/4.7.3/../../../../../H-i686-mingw32/nios2-elf/lib/mno-hw-mul\libc.a(lib_a-fwalk.o)
 .data          0x0004165c        0x0 e:/softwares/quartus2/nios2eds/bin/gnu/h-i686-mingw32/bin/../lib/gcc/nios2-elf/4.7.3/../../../../../H-i686-mingw32/nios2-elf/lib/mno-hw-mul\libc.a(lib_a-fwrite.o)
 .data          0x0004165c        0x0 e:/softwares/quartus2/nios2eds/bin/gnu/h-i686-mingw32/bin/../lib/gcc/nios2-elf/4.7.3/../../../../../H-i686-mingw32/nios2-elf/lib/mno-hw-mul\libc.a(lib_a-getc.o)
 .data          0x0004165c        0x0 e:/softwares/quartus2/nios2eds/bin/gnu/h-i686-mingw32/bin/../lib/gcc/nios2-elf/4.7.3/../../../../../H-i686-mingw32/nios2-elf/lib/mno-hw-mul\libc.a(lib_a-getenv.o)
 .data          0x0004165c        0x0 e:/softwares/quartus2/nios2eds/bin/gnu/h-i686-mingw32/bin/../lib/gcc/nios2-elf/4.7.3/../../../../../H-i686-mingw32/nios2-elf/lib/mno-hw-mul\libc.a(lib_a-getenv_r.o)
 .data          0x0004165c      0x400 e:/softwares/quartus2/nios2eds/bin/gnu/h-i686-mingw32/bin/../lib/gcc/nios2-elf/4.7.3/../../../../../H-i686-mingw32/nios2-elf/lib/mno-hw-mul\libc.a(lib_a-impure.o)
 .data          0x00041a5c        0x0 e:/softwares/quartus2/nios2eds/bin/gnu/h-i686-mingw32/bin/../lib/gcc/nios2-elf/4.7.3/../../../../../H-i686-mingw32/nios2-elf/lib/mno-hw-mul\libc.a(lib_a-int_errno.o)
 .data          0x00041a5c        0x0 e:/softwares/quartus2/nios2eds/bin/gnu/h-i686-mingw32/bin/../lib/gcc/nios2-elf/4.7.3/../../../../../H-i686-mingw32/nios2-elf/lib/mno-hw-mul\libc.a(lib_a-makebuf.o)
 .data          0x00041a5c        0x0 e:/softwares/quartus2/nios2eds/bin/gnu/h-i686-mingw32/bin/../lib/gcc/nios2-elf/4.7.3/../../../../../H-i686-mingw32/nios2-elf/lib/mno-hw-mul\libc.a(lib_a-malloc.o)
 .data          0x00041a5c      0x408 e:/softwares/quartus2/nios2eds/bin/gnu/h-i686-mingw32/bin/../lib/gcc/nios2-elf/4.7.3/../../../../../H-i686-mingw32/nios2-elf/lib/mno-hw-mul\libc.a(lib_a-mallocr.o)
                0x00041a5c                __malloc_av_
 .data          0x00041e64        0x0 e:/softwares/quartus2/nios2eds/bin/gnu/h-i686-mingw32/bin/../lib/gcc/nios2-elf/4.7.3/../../../../../H-i686-mingw32/nios2-elf/lib/mno-hw-mul\libc.a(lib_a-memcpy.o)
 .data          0x00041e64        0x0 e:/softwares/quartus2/nios2eds/bin/gnu/h-i686-mingw32/bin/../lib/gcc/nios2-elf/4.7.3/../../../../../H-i686-mingw32/nios2-elf/lib/mno-hw-mul\libc.a(lib_a-memset.o)
 .data          0x00041e64        0x0 e:/softwares/quartus2/nios2eds/bin/gnu/h-i686-mingw32/bin/../lib/gcc/nios2-elf/4.7.3/../../../../../H-i686-mingw32/nios2-elf/lib/mno-hw-mul\libc.a(lib_a-openr.o)
 .data          0x00041e64        0x0 e:/softwares/quartus2/nios2eds/bin/gnu/h-i686-mingw32/bin/../lib/gcc/nios2-elf/4.7.3/../../../../../H-i686-mingw32/nios2-elf/lib/mno-hw-mul\libc.a(lib_a-printf.o)
 .data          0x00041e64        0x0 e:/softwares/quartus2/nios2eds/bin/gnu/h-i686-mingw32/bin/../lib/gcc/nios2-elf/4.7.3/../../../../../H-i686-mingw32/nios2-elf/lib/mno-hw-mul\libc.a(lib_a-puts.o)
 .data          0x00041e64        0x0 e:/softwares/quartus2/nios2eds/bin/gnu/h-i686-mingw32/bin/../lib/gcc/nios2-elf/4.7.3/../../../../../H-i686-mingw32/nios2-elf/lib/mno-hw-mul\libc.a(lib_a-refill.o)
 .data          0x00041e64        0x0 e:/softwares/quartus2/nios2eds/bin/gnu/h-i686-mingw32/bin/../lib/gcc/nios2-elf/4.7.3/../../../../../H-i686-mingw32/nios2-elf/lib/mno-hw-mul\libc.a(lib_a-rewind.o)
 .data          0x00041e64        0x0 e:/softwares/quartus2/nios2eds/bin/gnu/h-i686-mingw32/bin/../lib/gcc/nios2-elf/4.7.3/../../../../../H-i686-mingw32/nios2-elf/lib/mno-hw-mul\libc.a(lib_a-rget.o)
 .data          0x00041e64        0x0 e:/softwares/quartus2/nios2eds/bin/gnu/h-i686-mingw32/bin/../lib/gcc/nios2-elf/4.7.3/../../../../../H-i686-mingw32/nios2-elf/lib/mno-hw-mul\libc.a(lib_a-sbrkr.o)
 .data          0x00041e64        0x0 e:/softwares/quartus2/nios2eds/bin/gnu/h-i686-mingw32/bin/../lib/gcc/nios2-elf/4.7.3/../../../../../H-i686-mingw32/nios2-elf/lib/mno-hw-mul\libc.a(lib_a-scanf.o)
 .data          0x00041e64        0x0 e:/softwares/quartus2/nios2eds/bin/gnu/h-i686-mingw32/bin/../lib/gcc/nios2-elf/4.7.3/../../../../../H-i686-mingw32/nios2-elf/lib/mno-hw-mul\libc.a(lib_a-sprintf.o)
 .data          0x00041e64        0x0 e:/softwares/quartus2/nios2eds/bin/gnu/h-i686-mingw32/bin/../lib/gcc/nios2-elf/4.7.3/../../../../../H-i686-mingw32/nios2-elf/lib/mno-hw-mul\libc.a(lib_a-sscanf.o)
 .data          0x00041e64        0x0 e:/softwares/quartus2/nios2eds/bin/gnu/h-i686-mingw32/bin/../lib/gcc/nios2-elf/4.7.3/../../../../../H-i686-mingw32/nios2-elf/lib/mno-hw-mul\libc.a(lib_a-stdio.o)
 .data          0x00041e64        0x0 e:/softwares/quartus2/nios2eds/bin/gnu/h-i686-mingw32/bin/../lib/gcc/nios2-elf/4.7.3/../../../../../H-i686-mingw32/nios2-elf/lib/mno-hw-mul\libc.a(lib_a-strlen.o)
 .data          0x00041e64        0x0 e:/softwares/quartus2/nios2eds/bin/gnu/h-i686-mingw32/bin/../lib/gcc/nios2-elf/4.7.3/../../../../../H-i686-mingw32/nios2-elf/lib/mno-hw-mul\libc.a(lib_a-strncmp.o)
 .data          0x00041e64        0x0 e:/softwares/quartus2/nios2eds/bin/gnu/h-i686-mingw32/bin/../lib/gcc/nios2-elf/4.7.3/../../../../../H-i686-mingw32/nios2-elf/lib/mno-hw-mul\libc.a(lib_a-strncpy.o)
 .data          0x00041e64        0x0 e:/softwares/quartus2/nios2eds/bin/gnu/h-i686-mingw32/bin/../lib/gcc/nios2-elf/4.7.3/../../../../../H-i686-mingw32/nios2-elf/lib/mno-hw-mul\libc.a(lib_a-tmpfile.o)
 .data          0x00041e64        0x0 e:/softwares/quartus2/nios2eds/bin/gnu/h-i686-mingw32/bin/../lib/gcc/nios2-elf/4.7.3/../../../../../H-i686-mingw32/nios2-elf/lib/mno-hw-mul\libc.a(lib_a-tmpnam.o)
 .data          0x00041e64        0x0 e:/softwares/quartus2/nios2eds/bin/gnu/h-i686-mingw32/bin/../lib/gcc/nios2-elf/4.7.3/../../../../../H-i686-mingw32/nios2-elf/lib/mno-hw-mul\libc.a(lib_a-vfprintf.o)
 .data          0x00041e64        0x0 e:/softwares/quartus2/nios2eds/bin/gnu/h-i686-mingw32/bin/../lib/gcc/nios2-elf/4.7.3/../../../../../H-i686-mingw32/nios2-elf/lib/mno-hw-mul\libc.a(lib_a-vfscanf.o)
 .data          0x00041e64        0x0 e:/softwares/quartus2/nios2eds/bin/gnu/h-i686-mingw32/bin/../lib/gcc/nios2-elf/4.7.3/../../../../../H-i686-mingw32/nios2-elf/lib/mno-hw-mul\libc.a(lib_a-writer.o)
 .data          0x00041e64        0x0 e:/softwares/quartus2/nios2eds/bin/gnu/h-i686-mingw32/bin/../lib/gcc/nios2-elf/4.7.3/../../../../../H-i686-mingw32/nios2-elf/lib/mno-hw-mul\libc.a(lib_a-wsetup.o)
 .data          0x00041e64        0x0 e:/softwares/quartus2/nios2eds/bin/gnu/h-i686-mingw32/bin/../lib/gcc/nios2-elf/4.7.3/../../../../../H-i686-mingw32/nios2-elf/lib/mno-hw-mul\libc.a(lib_a-__call_atexit.o)
 .data          0x00041e64        0x0 e:/softwares/quartus2/nios2eds/bin/gnu/h-i686-mingw32/bin/../lib/gcc/nios2-elf/4.7.3/../../../../../H-i686-mingw32/nios2-elf/lib/mno-hw-mul\libc.a(lib_a-closer.o)
 .data          0x00041e64        0x0 e:/softwares/quartus2/nios2eds/bin/gnu/h-i686-mingw32/bin/../lib/gcc/nios2-elf/4.7.3/../../../../../H-i686-mingw32/nios2-elf/lib/mno-hw-mul\libc.a(lib_a-dtoa.o)
 .data          0x00041e64        0x0 e:/softwares/quartus2/nios2eds/bin/gnu/h-i686-mingw32/bin/../lib/gcc/nios2-elf/4.7.3/../../../../../H-i686-mingw32/nios2-elf/lib/mno-hw-mul\libc.a(lib_a-environ.o)
 .data          0x00041e64        0x0 e:/softwares/quartus2/nios2eds/bin/gnu/h-i686-mingw32/bin/../lib/gcc/nios2-elf/4.7.3/../../../../../H-i686-mingw32/nios2-elf/lib/mno-hw-mul\libc.a(lib_a-fdopen.o)
 .data          0x00041e64        0x0 e:/softwares/quartus2/nios2eds/bin/gnu/h-i686-mingw32/bin/../lib/gcc/nios2-elf/4.7.3/../../../../../H-i686-mingw32/nios2-elf/lib/mno-hw-mul\libc.a(lib_a-flags.o)
 .data          0x00041e64        0x0 e:/softwares/quartus2/nios2eds/bin/gnu/h-i686-mingw32/bin/../lib/gcc/nios2-elf/4.7.3/../../../../../H-i686-mingw32/nios2-elf/lib/mno-hw-mul\libc.a(lib_a-fvwrite.o)
 .data          0x00041e64        0x0 e:/softwares/quartus2/nios2eds/bin/gnu/h-i686-mingw32/bin/../lib/gcc/nios2-elf/4.7.3/../../../../../H-i686-mingw32/nios2-elf/lib/mno-hw-mul\libc.a(lib_a-isattyr.o)
 .data          0x00041e64        0x0 e:/softwares/quartus2/nios2eds/bin/gnu/h-i686-mingw32/bin/../lib/gcc/nios2-elf/4.7.3/../../../../../H-i686-mingw32/nios2-elf/lib/mno-hw-mul\libc.a(lib_a-iswspace.o)
 .data          0x00041e64        0xc e:/softwares/quartus2/nios2eds/bin/gnu/h-i686-mingw32/bin/../lib/gcc/nios2-elf/4.7.3/../../../../../H-i686-mingw32/nios2-elf/lib/mno-hw-mul\libc.a(lib_a-locale.o)
                0x00041e64                __lc_ctype
 .data          0x00041e70        0x0 e:/softwares/quartus2/nios2eds/bin/gnu/h-i686-mingw32/bin/../lib/gcc/nios2-elf/4.7.3/../../../../../H-i686-mingw32/nios2-elf/lib/mno-hw-mul\libc.a(lib_a-lseekr.o)
 .data          0x00041e70        0x0 e:/softwares/quartus2/nios2eds/bin/gnu/h-i686-mingw32/bin/../lib/gcc/nios2-elf/4.7.3/../../../../../H-i686-mingw32/nios2-elf/lib/mno-hw-mul\libc.a(lib_a-mbrtowc.o)
 .data          0x00041e70        0x0 e:/softwares/quartus2/nios2eds/bin/gnu/h-i686-mingw32/bin/../lib/gcc/nios2-elf/4.7.3/../../../../../H-i686-mingw32/nios2-elf/lib/mno-hw-mul\libc.a(lib_a-mbtowc_r.o)
 .data          0x00041e70        0x0 e:/softwares/quartus2/nios2eds/bin/gnu/h-i686-mingw32/bin/../lib/gcc/nios2-elf/4.7.3/../../../../../H-i686-mingw32/nios2-elf/lib/mno-hw-mul\libc.a(lib_a-memchr.o)
 .data          0x00041e70        0x0 e:/softwares/quartus2/nios2eds/bin/gnu/h-i686-mingw32/bin/../lib/gcc/nios2-elf/4.7.3/../../../../../H-i686-mingw32/nios2-elf/lib/mno-hw-mul\libc.a(lib_a-memmove.o)
 .data          0x00041e70        0x0 e:/softwares/quartus2/nios2eds/bin/gnu/h-i686-mingw32/bin/../lib/gcc/nios2-elf/4.7.3/../../../../../H-i686-mingw32/nios2-elf/lib/mno-hw-mul\libc.a(lib_a-mprec.o)
 .data          0x00041e70        0x0 e:/softwares/quartus2/nios2eds/bin/gnu/h-i686-mingw32/bin/../lib/gcc/nios2-elf/4.7.3/../../../../../H-i686-mingw32/nios2-elf/lib/mno-hw-mul\libc.a(lib_a-readr.o)
 .data          0x00041e70        0x0 e:/softwares/quartus2/nios2eds/bin/gnu/h-i686-mingw32/bin/../lib/gcc/nios2-elf/4.7.3/../../../../../H-i686-mingw32/nios2-elf/lib/mno-hw-mul\libc.a(lib_a-reallocr.o)
 .data          0x00041e70        0x0 e:/softwares/quartus2/nios2eds/bin/gnu/h-i686-mingw32/bin/../lib/gcc/nios2-elf/4.7.3/../../../../../H-i686-mingw32/nios2-elf/lib/mno-hw-mul\libc.a(lib_a-remove.o)
 .data          0x00041e70        0x0 e:/softwares/quartus2/nios2eds/bin/gnu/h-i686-mingw32/bin/../lib/gcc/nios2-elf/4.7.3/../../../../../H-i686-mingw32/nios2-elf/lib/mno-hw-mul\libc.a(lib_a-s_isinfd.o)
 .data          0x00041e70        0x0 e:/softwares/quartus2/nios2eds/bin/gnu/h-i686-mingw32/bin/../lib/gcc/nios2-elf/4.7.3/../../../../../H-i686-mingw32/nios2-elf/lib/mno-hw-mul\libc.a(lib_a-s_isnand.o)
 .data          0x00041e70        0x0 e:/softwares/quartus2/nios2eds/bin/gnu/h-i686-mingw32/bin/../lib/gcc/nios2-elf/4.7.3/../../../../../H-i686-mingw32/nios2-elf/lib/mno-hw-mul\libc.a(lib_a-sccl.o)
 .data          0x00041e70        0x0 e:/softwares/quartus2/nios2eds/bin/gnu/h-i686-mingw32/bin/../lib/gcc/nios2-elf/4.7.3/../../../../../H-i686-mingw32/nios2-elf/lib/mno-hw-mul\libc.a(lib_a-sf_nan.o)
 .data          0x00041e70        0x0 e:/softwares/quartus2/nios2eds/bin/gnu/h-i686-mingw32/bin/../lib/gcc/nios2-elf/4.7.3/../../../../../H-i686-mingw32/nios2-elf/lib/mno-hw-mul\libc.a(lib_a-signalr.o)
 .data          0x00041e70        0x0 e:/softwares/quartus2/nios2eds/bin/gnu/h-i686-mingw32/bin/../lib/gcc/nios2-elf/4.7.3/../../../../../H-i686-mingw32/nios2-elf/lib/mno-hw-mul\libc.a(lib_a-strcmp.o)
 .data          0x00041e70       0x28 e:/softwares/quartus2/nios2eds/bin/gnu/h-i686-mingw32/bin/../lib/gcc/nios2-elf/4.7.3/../../../../../H-i686-mingw32/nios2-elf/lib/mno-hw-mul\libc.a(lib_a-strtod.o)
 .data          0x00041e98        0x0 e:/softwares/quartus2/nios2eds/bin/gnu/h-i686-mingw32/bin/../lib/gcc/nios2-elf/4.7.3/../../../../../H-i686-mingw32/nios2-elf/lib/mno-hw-mul\libc.a(lib_a-strtol.o)
 .data          0x00041e98        0x0 e:/softwares/quartus2/nios2eds/bin/gnu/h-i686-mingw32/bin/../lib/gcc/nios2-elf/4.7.3/../../../../../H-i686-mingw32/nios2-elf/lib/mno-hw-mul\libc.a(lib_a-strtoll_r.o)
 .data          0x00041e98        0x0 e:/softwares/quartus2/nios2eds/bin/gnu/h-i686-mingw32/bin/../lib/gcc/nios2-elf/4.7.3/../../../../../H-i686-mingw32/nios2-elf/lib/mno-hw-mul\libc.a(lib_a-strtoul.o)
 .data          0x00041e98        0x0 e:/softwares/quartus2/nios2eds/bin/gnu/h-i686-mingw32/bin/../lib/gcc/nios2-elf/4.7.3/../../../../../H-i686-mingw32/nios2-elf/lib/mno-hw-mul\libc.a(lib_a-strtoull_r.o)
 .data          0x00041e98        0x0 e:/softwares/quartus2/nios2eds/bin/gnu/h-i686-mingw32/bin/../lib/gcc/nios2-elf/4.7.3/../../../../../H-i686-mingw32/nios2-elf/lib/mno-hw-mul\libc.a(lib_a-ungetc.o)
 .data          0x00041e98        0x0 e:/softwares/quartus2/nios2eds/bin/gnu/h-i686-mingw32/bin/../lib/gcc/nios2-elf/4.7.3/../../../../../H-i686-mingw32/nios2-elf/lib/mno-hw-mul\libc.a(lib_a-unlinkr.o)
 .data          0x00041e98        0x0 e:/softwares/quartus2/nios2eds/bin/gnu/h-i686-mingw32/bin/../lib/gcc/nios2-elf/4.7.3/../../../../../H-i686-mingw32/nios2-elf/lib/mno-hw-mul\libc.a(lib_a-callocr.o)
 .data          0x00041e98        0x0 e:/softwares/quartus2/nios2eds/bin/gnu/h-i686-mingw32/bin/../lib/gcc/nios2-elf/4.7.3/../../../../../H-i686-mingw32/nios2-elf/lib/mno-hw-mul\libc.a(lib_a-gdtoa-gethex.o)
 .data          0x00041e98        0x0 e:/softwares/quartus2/nios2eds/bin/gnu/h-i686-mingw32/bin/../lib/gcc/nios2-elf/4.7.3/../../../../../H-i686-mingw32/nios2-elf/lib/mno-hw-mul\libc.a(lib_a-gdtoa-hexnan.o)
 .data          0x00041e98        0x0 e:/softwares/quartus2/nios2eds/bin/gnu/h-i686-mingw32/bin/../lib/gcc/nios2-elf/4.7.3/mno-hw-mul\libgcc.a(_fixunsdfsi.o)
 .data          0x00041e98        0x0 e:/softwares/quartus2/nios2eds/bin/gnu/h-i686-mingw32/bin/../lib/gcc/nios2-elf/4.7.3/mno-hw-mul\libgcc.a(_udivdi3.o)
 .data          0x00041e98        0x0 e:/softwares/quartus2/nios2eds/bin/gnu/h-i686-mingw32/bin/../lib/gcc/nios2-elf/4.7.3/mno-hw-mul\libgcc.a(_umoddi3.o)
 .data          0x00041e98        0x0 e:/softwares/quartus2/nios2eds/bin/gnu/h-i686-mingw32/bin/../lib/gcc/nios2-elf/4.7.3/mno-hw-mul\libgcc.a(_eq_sf.o)
 .data          0x00041e98        0x0 e:/softwares/quartus2/nios2eds/bin/gnu/h-i686-mingw32/bin/../lib/gcc/nios2-elf/4.7.3/mno-hw-mul\libgcc.a(_gt_sf.o)
 .data          0x00041e98        0x0 e:/softwares/quartus2/nios2eds/bin/gnu/h-i686-mingw32/bin/../lib/gcc/nios2-elf/4.7.3/mno-hw-mul\libgcc.a(_lt_sf.o)
 .data          0x00041e98        0x0 e:/softwares/quartus2/nios2eds/bin/gnu/h-i686-mingw32/bin/../lib/gcc/nios2-elf/4.7.3/mno-hw-mul\libgcc.a(_addsub_df.o)
 .data          0x00041e98        0x0 e:/softwares/quartus2/nios2eds/bin/gnu/h-i686-mingw32/bin/../lib/gcc/nios2-elf/4.7.3/mno-hw-mul\libgcc.a(_eq_df.o)
 .data          0x00041e98        0x0 e:/softwares/quartus2/nios2eds/bin/gnu/h-i686-mingw32/bin/../lib/gcc/nios2-elf/4.7.3/mno-hw-mul\libgcc.a(_ne_df.o)
 .data          0x00041e98        0x0 e:/softwares/quartus2/nios2eds/bin/gnu/h-i686-mingw32/bin/../lib/gcc/nios2-elf/4.7.3/mno-hw-mul\libgcc.a(_gt_df.o)
 .data          0x00041e98        0x0 e:/softwares/quartus2/nios2eds/bin/gnu/h-i686-mingw32/bin/../lib/gcc/nios2-elf/4.7.3/mno-hw-mul\libgcc.a(_ge_df.o)
 .data          0x00041e98        0x0 e:/softwares/quartus2/nios2eds/bin/gnu/h-i686-mingw32/bin/../lib/gcc/nios2-elf/4.7.3/mno-hw-mul\libgcc.a(_lt_df.o)
 .data          0x00041e98        0x0 e:/softwares/quartus2/nios2eds/bin/gnu/h-i686-mingw32/bin/../lib/gcc/nios2-elf/4.7.3/mno-hw-mul\libgcc.a(_le_df.o)
 .data          0x00041e98        0x0 e:/softwares/quartus2/nios2eds/bin/gnu/h-i686-mingw32/bin/../lib/gcc/nios2-elf/4.7.3/mno-hw-mul\libgcc.a(_si_to_df.o)
 .data          0x00041e98        0x0 e:/softwares/quartus2/nios2eds/bin/gnu/h-i686-mingw32/bin/../lib/gcc/nios2-elf/4.7.3/mno-hw-mul\libgcc.a(_df_to_si.o)
 .data          0x00041e98        0x0 e:/softwares/quartus2/nios2eds/bin/gnu/h-i686-mingw32/bin/../lib/gcc/nios2-elf/4.7.3/mno-hw-mul\libgcc.a(_fpcmp_parts_sf.o)
 .data          0x00041e98        0x0 e:/softwares/quartus2/nios2eds/bin/gnu/h-i686-mingw32/bin/../lib/gcc/nios2-elf/4.7.3/mno-hw-mul\libgcc.a(_fpcmp_parts_df.o)
 .data          0x00041e98        0x0 ../JPEG_Encoder_bsp/\libhal_bsp.a(alt_close.o)
 .data          0x00041e98      0x1a8 ../JPEG_Encoder_bsp/\libhal_bsp.a(alt_dev.o)
                0x00041e98                alt_dev_null
                0x00041ec0                alt_fd_list
 .data          0x00042040        0x0 ../JPEG_Encoder_bsp/\libhal_bsp.a(alt_env_lock.o)
 .data          0x00042040        0x0 ../JPEG_Encoder_bsp/\libhal_bsp.a(alt_errno.o)
 .data          0x00042040        0x0 ../JPEG_Encoder_bsp/\libhal_bsp.a(alt_exit.o)
 .data          0x00042040        0x0 ../JPEG_Encoder_bsp/\libhal_bsp.a(alt_fstat.o)
 .data          0x00042040        0x0 ../JPEG_Encoder_bsp/\libhal_bsp.a(alt_getpid.o)
 .data          0x00042040        0x0 ../JPEG_Encoder_bsp/\libhal_bsp.a(alt_isatty.o)
 .data          0x00042040        0x0 ../JPEG_Encoder_bsp/\libhal_bsp.a(alt_kill.o)
 .data          0x00042040        0x0 ../JPEG_Encoder_bsp/\libhal_bsp.a(alt_load.o)
 .data          0x00042040        0x0 ../JPEG_Encoder_bsp/\libhal_bsp.a(alt_lseek.o)
 .data          0x00042040        0x0 ../JPEG_Encoder_bsp/\libhal_bsp.a(alt_main.o)
 .data          0x00042040        0x0 ../JPEG_Encoder_bsp/\libhal_bsp.a(alt_malloc_lock.o)
 .data          0x00042040        0x0 ../JPEG_Encoder_bsp/\libhal_bsp.a(alt_open.o)
 .data          0x00042040        0x0 ../JPEG_Encoder_bsp/\libhal_bsp.a(alt_read.o)
 .data          0x00042040        0x0 ../JPEG_Encoder_bsp/\libhal_bsp.a(alt_release_fd.o)
 .data          0x00042040        0x0 ../JPEG_Encoder_bsp/\libhal_bsp.a(alt_sbrk.o)
 .data          0x00042040        0x0 ../JPEG_Encoder_bsp/\libhal_bsp.a(alt_unlink.o)
 .data          0x00042040        0x0 ../JPEG_Encoder_bsp/\libhal_bsp.a(alt_write.o)
 .data          0x00042040     0x1088 ../JPEG_Encoder_bsp/\libhal_bsp.a(alt_sys_init.o)
 .data          0x000430c8        0x0 ../JPEG_Encoder_bsp/\libhal_bsp.a(altera_avalon_jtag_uart_fd.o)
 .data          0x000430c8        0x0 ../JPEG_Encoder_bsp/\libhal_bsp.a(altera_avalon_jtag_uart_init.o)
 .data          0x000430c8        0x0 ../JPEG_Encoder_bsp/\libhal_bsp.a(altera_avalon_jtag_uart_ioctl.o)
 .data          0x000430c8        0x0 ../JPEG_Encoder_bsp/\libhal_bsp.a(altera_avalon_jtag_uart_read.o)
 .data          0x000430c8        0x0 ../JPEG_Encoder_bsp/\libhal_bsp.a(altera_avalon_jtag_uart_write.o)
 .data          0x000430c8        0x0 ../JPEG_Encoder_bsp/\libhal_bsp.a(altera_avalon_timer_sc.o)
 .data          0x000430c8        0x0 ../JPEG_Encoder_bsp/\libhal_bsp.a(altera_hostfs.o)
 .data          0x000430c8        0x0 ../JPEG_Encoder_bsp/\libhal_bsp.a(alt_alarm_start.o)
 .data          0x000430c8        0x0 ../JPEG_Encoder_bsp/\libhal_bsp.a(alt_dcache_flush_all.o)
 .data          0x000430c8        0x0 ../JPEG_Encoder_bsp/\libhal_bsp.a(alt_dev_llist_insert.o)
 .data          0x000430c8        0x0 ../JPEG_Encoder_bsp/\libhal_bsp.a(alt_do_ctors.o)
 .data          0x000430c8        0x0 ../JPEG_Encoder_bsp/\libhal_bsp.a(alt_do_dtors.o)
 .data          0x000430c8        0x0 ../JPEG_Encoder_bsp/\libhal_bsp.a(alt_find_dev.o)
 .data          0x000430c8        0x0 ../JPEG_Encoder_bsp/\libhal_bsp.a(alt_find_file.o)
 .data          0x000430c8        0x0 ../JPEG_Encoder_bsp/\libhal_bsp.a(alt_fs_reg.o)
 .data          0x000430c8        0x0 ../JPEG_Encoder_bsp/\libhal_bsp.a(alt_get_fd.o)
 .data          0x000430c8        0x0 ../JPEG_Encoder_bsp/\libhal_bsp.a(alt_icache_flush_all.o)
 .data          0x000430c8        0x0 ../JPEG_Encoder_bsp/\libhal_bsp.a(alt_iic.o)
 .data          0x000430c8        0x0 ../JPEG_Encoder_bsp/\libhal_bsp.a(alt_iic_isr_register.o)
 .data          0x000430c8        0x0 ../JPEG_Encoder_bsp/\libhal_bsp.a(alt_io_redirect.o)
 .data          0x000430c8        0x0 ../JPEG_Encoder_bsp/\libhal_bsp.a(alt_irq_entry.o)
 .data          0x000430c8        0x0 ../JPEG_Encoder_bsp/\libhal_bsp.a(alt_irq_handler.o)
 .data          0x000430c8        0x0 ../JPEG_Encoder_bsp/\libhal_bsp.a(alt_irq_vars.o)
 .data          0x000430c8        0x0 ../JPEG_Encoder_bsp/\libhal_bsp.a(alt_tick.o)
 .data          0x000430c8        0x0 ../JPEG_Encoder_bsp/\libhal_bsp.a(altera_nios2_qsys_irq.o)
 .data          0x000430c8        0x0 ../JPEG_Encoder_bsp/\libhal_bsp.a(alt_exception_entry.o)
 .data          0x000430c8        0x0 e:/softwares/quartus2/nios2eds/bin/gnu/h-i686-mingw32/bin/../lib/gcc/nios2-elf/4.7.3/../../../../../H-i686-mingw32/nios2-elf/lib/mno-hw-mul\libc.a(lib_a-atexit.o)
 .data          0x000430c8        0x0 e:/softwares/quartus2/nios2eds/bin/gnu/h-i686-mingw32/bin/../lib/gcc/nios2-elf/4.7.3/../../../../../H-i686-mingw32/nios2-elf/lib/mno-hw-mul\libc.a(lib_a-memcmp.o)
 .data          0x000430c8        0x0 e:/softwares/quartus2/nios2eds/bin/gnu/h-i686-mingw32/bin/../lib/gcc/nios2-elf/4.7.3/../../../../../H-i686-mingw32/nios2-elf/lib/mno-hw-mul\libc.a(lib_a-__atexit.o)
                0x0004b0c8                _gp = ABSOLUTE ((. + 0x8000))
                0x0004b0c8                PROVIDE (gp, _gp)