Archive member included because of file (symbol)

e:/softwares/quartus2/nios2eds/bin/gnu/h-i686-mingw32/bin/../lib/gcc/nios2-elf/4.7.3/mno-hw-mul\libgcc.a(lib2-divmod.o)
                              obj/default/crc_main.o (__udivsi3)
e:/softwares/quartus2/nios2eds/bin/gnu/h-i686-mingw32/bin/../lib/gcc/nios2-elf/4.7.3/mno-hw-mul\libgcc.a(lib2-mul.o)
                              obj/default/crc_main.o (__mulsi3)
e:/softwares/quartus2/nios2eds/bin/gnu/h-i686-mingw32/bin/../lib/gcc/nios2-elf/4.7.3/../../../../../H-i686-mingw32/nios2-elf/lib/mno-hw-mul\libc.a(lib_a-exit.o)
                              obj/default/crc_main.o (exit)
e:/softwares/quartus2/nios2eds/bin/gnu/h-i686-mingw32/bin/../lib/gcc/nios2-elf/4.7.3/../../../../../H-i686-mingw32/nios2-elf/lib/mno-hw-mul\libc.a(lib_a-impure.o)
                              e:/softwares/quartus2/nios2eds/bin/gnu/h-i686-mingw32/bin/../lib/gcc/nios2-elf/4.7.3/../../../../../H-i686-mingw32/nios2-elf/lib/mno-hw-mul\libc.a(lib_a-exit.o) (_global_impure_ptr)
e:/softwares/quartus2/nios2eds/bin/gnu/h-i686-mingw32/bin/../lib/gcc/nios2-elf/4.7.3/../../../../../H-i686-mingw32/nios2-elf/lib/mno-hw-mul\libc.a(lib_a-printf.o)
                              obj/default/crc_main.o (printf)
e:/softwares/quartus2/nios2eds/bin/gnu/h-i686-mingw32/bin/../lib/gcc/nios2-elf/4.7.3/../../../../../H-i686-mingw32/nios2-elf/lib/mno-hw-mul\libc.a(lib_a-puts.o)
                              obj/default/crc_main.o (puts)
e:/softwares/quartus2/nios2eds/bin/gnu/h-i686-mingw32/bin/../lib/gcc/nios2-elf/4.7.3/../../../../../H-i686-mingw32/nios2-elf/lib/mno-hw-mul\libc.a(lib_a-strlen.o)
                              e:/softwares/quartus2/nios2eds/bin/gnu/h-i686-mingw32/bin/../lib/gcc/nios2-elf/4.7.3/../../../../../H-i686-mingw32/nios2-elf/lib/mno-hw-mul\libc.a(lib_a-puts.o) (strlen)
e:/softwares/quartus2/nios2eds/bin/gnu/h-i686-mingw32/bin/../lib/gcc/nios2-elf/4.7.3/../../../../../H-i686-mingw32/nios2-elf/lib/mno-hw-mul\libc.a(lib_a-vfprintf.o)
                              e:/softwares/quartus2/nios2eds/bin/gnu/h-i686-mingw32/bin/../lib/gcc/nios2-elf/4.7.3/../../../../../H-i686-mingw32/nios2-elf/lib/mno-hw-mul\libc.a(lib_a-printf.o) (___vfprintf_internal_r)
e:/softwares/quartus2/nios2eds/bin/gnu/h-i686-mingw32/bin/../lib/gcc/nios2-elf/4.7.3/../../../../../H-i686-mingw32/nios2-elf/lib/mno-hw-mul\libc.a(lib_a-wsetup.o)
                              e:/softwares/quartus2/nios2eds/bin/gnu/h-i686-mingw32/bin/../lib/gcc/nios2-elf/4.7.3/../../../../../H-i686-mingw32/nios2-elf/lib/mno-hw-mul\libc.a(lib_a-vfprintf.o) (__swsetup_r)
e:/softwares/quartus2/nios2eds/bin/gnu/h-i686-mingw32/bin/../lib/gcc/nios2-elf/4.7.3/../../../../../H-i686-mingw32/nios2-elf/lib/mno-hw-mul\libc.a(lib_a-__call_atexit.o)
                              e:/softwares/quartus2/nios2eds/bin/gnu/h-i686-mingw32/bin/../lib/gcc/nios2-elf/4.7.3/../../../../../H-i686-mingw32/nios2-elf/lib/mno-hw-mul\libc.a(lib_a-exit.o) (__call_exitprocs)
e:/softwares/quartus2/nios2eds/bin/gnu/h-i686-mingw32/bin/../lib/gcc/nios2-elf/4.7.3/../../../../../H-i686-mingw32/nios2-elf/lib/mno-hw-mul\libc.a(lib_a-dtoa.o)
                              e:/softwares/quartus2/nios2eds/bin/gnu/h-i686-mingw32/bin/../lib/gcc/nios2-elf/4.7.3/../../../../../H-i686-mingw32/nios2-elf/lib/mno-hw-mul\libc.a(lib_a-vfprintf.o) (_dtoa_r)
e:/softwares/quartus2/nios2eds/bin/gnu/h-i686-mingw32/bin/../lib/gcc/nios2-elf/4.7.3/../../../../../H-i686-mingw32/nios2-elf/lib/mno-hw-mul\libc.a(lib_a-fflush.o)
                              e:/softwares/quartus2/nios2eds/bin/gnu/h-i686-mingw32/bin/../lib/gcc/nios2-elf/4.7.3/../../../../../H-i686-mingw32/nios2-elf/lib/mno-hw-mul\libc.a(lib_a-vfprintf.o) (_fflush_r)
e:/softwares/quartus2/nios2eds/bin/gnu/h-i686-mingw32/bin/../lib/gcc/nios2-elf/4.7.3/../../../../../H-i686-mingw32/nios2-elf/lib/mno-hw-mul\libc.a(lib_a-findfp.o)
                              e:/softwares/quartus2/nios2eds/bin/gnu/h-i686-mingw32/bin/../lib/gcc/nios2-elf/4.7.3/../../../../../H-i686-mingw32/nios2-elf/lib/mno-hw-mul\libc.a(lib_a-vfprintf.o) (__sinit)
e:/softwares/quartus2/nios2eds/bin/gnu/h-i686-mingw32/bin/../lib/gcc/nios2-elf/4.7.3/../../../../../H-i686-mingw32/nios2-elf/lib/mno-hw-mul\libc.a(lib_a-freer.o)
                              e:/softwares/quartus2/nios2eds/bin/gnu/h-i686-mingw32/bin/../lib/gcc/nios2-elf/4.7.3/../../../../../H-i686-mingw32/nios2-elf/lib/mno-hw-mul\libc.a(lib_a-wsetup.o) (_free_r)
e:/softwares/quartus2/nios2eds/bin/gnu/h-i686-mingw32/bin/../lib/gcc/nios2-elf/4.7.3/../../../../../H-i686-mingw32/nios2-elf/lib/mno-hw-mul\libc.a(lib_a-fvwrite.o)
                              e:/softwares/quartus2/nios2eds/bin/gnu/h-i686-mingw32/bin/../lib/gcc/nios2-elf/4.7.3/../../../../../H-i686-mingw32/nios2-elf/lib/mno-hw-mul\libc.a(lib_a-puts.o) (__sfvwrite_r)
e:/softwares/quartus2/nios2eds/bin/gnu/h-i686-mingw32/bin/../lib/gcc/nios2-elf/4.7.3/../../../../../H-i686-mingw32/nios2-elf/lib/mno-hw-mul\libc.a(lib_a-fwalk.o)
[...]
Memory Configuration

Name             Origin             Length             Attributes
reset            0x00000000         0x00000020
sdram_controller 0x00000020         0x07ffffe0
*default*        0x00000000         0xffffffff

Linker script and memory map

LOAD ../lab_crc_bsp//obj/HAL/src/crt0.o
LOAD obj/default/ci_crc.o
LOAD obj/default/crc.o
LOAD obj/default/crc_main.o
LOAD e:/softwares/quartus2/nios2eds/bin/gnu/h-i686-mingw32/bin/../lib/gcc/nios2-elf/4.7.3/../../../../../H-i686-mingw32/nios2-elf/lib/mno-hw-mul\libstdc++.a
LOAD e:/softwares/quartus2/nios2eds/bin/gnu/h-i686-mingw32/bin/../lib/gcc/nios2-elf/4.7.3/../../../../../H-i686-mingw32/nios2-elf/lib/mno-hw-mul\libm.a
LOAD e:/softwares/quartus2/nios2eds/bin/gnu/h-i686-mingw32/bin/../lib/gcc/nios2-elf/4.7.3/mno-hw-mul\libgcc.a
START GROUP
LOAD e:/softwares/quartus2/nios2eds/bin/gnu/h-i686-mingw32/bin/../lib/gcc/nios2-elf/4.7.3/../../../../../H-i686-mingw32/nios2-elf/lib/mno-hw-mul\libc.a
LOAD e:/softwares/quartus2/nios2eds/bin/gnu/h-i686-mingw32/bin/../lib/gcc/nios2-elf/4.7.3/mno-hw-mul\libgcc.a
LOAD ../lab_crc_bsp/\libhal_bsp.a
END GROUP
LOAD e:/softwares/quartus2/nios2eds/bin/gnu/h-i686-mingw32/bin/../lib/gcc/nios2-elf/4.7.3/mno-hw-mul\libgcc.a
                0x00000000                __alt_mem_sdram_controller = 0x0

.entry          0x00000000       0x20
 *(.entry)
 .entry         0x00000000       0x20 ../lab_crc_bsp//obj/HAL/src/crt0.o
                0x00000000                __reset

.exceptions     0x00000020      0x198
                0x00000020                PROVIDE (__ram_exceptions_start, ABSOLUTE (.))
                0x00000020                . = ALIGN (0x20)
 *(.irq)
 *(.exceptions.entry.label)
 .exceptions.entry.label
                0x00000020        0x0 ../lab_crc_bsp/\libhal_bsp.a(alt_irq_entry.o)
                0x00000020                alt_irq_entry
 .exceptions.entry.label
                0x00000020        0x0 ../lab_crc_bsp/\libhal_bsp.a(alt_exception_entry.o)
                0x00000020                alt_exception
 *(.exceptions.entry.user)
 *(.exceptions.entry.ecc_fatal)
 *(.exceptions.entry)
 .exceptions.entry
                0x00000020       0x54 ../lab_crc_bsp/\libhal_bsp.a(alt_exception_entry.o)
 *(.exceptions.irqtest.user)
 *(.exceptions.irqtest)
 .exceptions.irqtest
                0x00000074       0x10 ../lab_crc_bsp/\libhal_bsp.a(alt_irq_entry.o)
 *(.exceptions.irqhandler.user)
 *(.exceptions.irqhandler)
 .exceptions.irqhandler
                0x00000084        0x4 ../lab_crc_bsp/\libhal_bsp.a(alt_irq_entry.o)
 *(.exceptions.irqreturn.user)
 *(.exceptions.irqreturn)
 .exceptions.irqreturn
                0x00000088        0x4 ../lab_crc_bsp/\libhal_bsp.a(alt_irq_entry.o)
 *(.exceptions.notirq.label)
 .exceptions.notirq.label
                0x0000008c        0x0 ../lab_crc_bsp/\libhal_bsp.a(alt_irq_entry.o)
 *(.exceptions.notirq.user)
 *(.exceptions.notirq)
 .exceptions.notirq
                0x0000008c        0x8 ../lab_crc_bsp/\libhal_bsp.a(alt_exception_entry.o)
 *(.exceptions.soft.user)
 *(.exceptions.soft)
 *(.exceptions.unknown.user)
 *(.exceptions.unknown)
 .exceptions.unknown
                0x00000094        0x4 ../lab_crc_bsp/\libhal_bsp.a(alt_exception_entry.o)
 *(.exceptions.exit.label)
 .exceptions.exit.label
                0x00000098        0x0 ../lab_crc_bsp/\libhal_bsp.a(alt_irq_entry.o)
 .exceptions.exit.label
                0x00000098        0x0 ../lab_crc_bsp/\libhal_bsp.a(alt_exception_entry.o)
 *(.exceptions.exit.user)
 *(.exceptions.exit)
 .exceptions.exit
                0x00000098       0x54 ../lab_crc_bsp/\libhal_bsp.a(alt_exception_entry.o)
 *(.exceptions)
 .exceptions    0x000000ec       0xcc ../lab_crc_bsp/\libhal_bsp.a(alt_irq_handler.o)
                0x000000ec                alt_irq_handler
                0x000001b8                PROVIDE (__ram_exceptions_end, ABSOLUTE (.))
                0x00000020                PROVIDE (__flash_exceptions_start, LOADADDR (.exceptions))

.text           0x000001b8     0xcb3c
                0x000001b8                PROVIDE (stext, ABSOLUTE (.))
 *(.interp)
 *(.hash)
 *(.dynsym)
 *(.dynstr)
 *(.gnu.version)
 *(.gnu.version_d)
 *(.gnu.version_r)
 *(.rel.init)
 *(.rela.init)
 *(.rel.text .rel.text.* .rel.gnu.linkonce.t.*)
 *(.rela.text .rela.text.* .rela.gnu.linkonce.t.*)
 *(.rel.fini)
 *(.rela.fini)
 *(.rel.rodata .rel.rodata.* .rel.gnu.linkonce.r.*)
 *(.rela.rodata .rela.rodata.* .rela.gnu.linkonce.r.*)
 *(.rel.data .rel.data.* .rel.gnu.linkonce.d.*)
 *(.rela.data .rela.data.* .rela.gnu.linkonce.d.*)
 *(.rel.tdata .rel.tdata.* .rel.gnu.linkonce.td.*)
 *(.rela.tdata .rela.tdata.* .rela.gnu.linkonce.td.*)
 *(.rel.tbss .rel.tbss.* .rel.gnu.linkonce.tb.*)
 *(.rela.tbss .rela.tbss.* .rela.gnu.linkonce.tb.*)
 *(.rel.ctors)
 *(.rela.ctors)
 *(.rel.dtors)
 *(.rela.dtors)
 *(.rel.got)
 *(.rela.got)
 *(.rel.sdata .rel.sdata.* .rel.gnu.linkonce.s.*)
 *(.rela.sdata .rela.sdata.* .rela.gnu.linkonce.s.*)
 *(.rel.sbss .rel.sbss.* .rel.gnu.linkonce.sb.*)
 *(.rela.sbss .rela.sbss.* .rela.gnu.linkonce.sb.*)
 *(.rel.sdata2 .rel.sdata2.* .rel.gnu.linkonce.s2.*)
 *(.rela.sdata2 .rela.sdata2.* .rela.gnu.linkonce.s2.*)
 *(.rel.sbss2 .rel.sbss2.* .rel.gnu.linkonce.sb2.*)
 *(.rela.sbss2 .rela.sbss2.* .rela.gnu.linkonce.sb2.*)
 *(.rel.bss .rel.bss.* .rel.gnu.linkonce.b.*)
 *(.rela.bss .rela.bss.* .rela.gnu.linkonce.b.*)
 *(.rel.plt)
 *(.rela.plt)
 *(.rel.dyn)
 *(.init)
 *(.plt)
 *(.text .stub .text.* .gnu.linkonce.t.*)
 .text          0x000001b8       0x3c ../lab_crc_bsp//obj/HAL/src/crt0.o
                0x000001b8                _start
 .text          0x000001f4      0x100 obj/default/ci_crc.o
                0x000001f4                crcCI
 .text          0x000002f4      0x2f8 obj/default/crc.o
                0x00000380                crcSlow
                0x0000046c                crcInit
                0x00000528                crcFast
 .text          0x000005ec      0x6e4 obj/default/crc_main.o
                0x000005ec                main
 .text          0x00000cd0      0x130 e:/softwares/quartus2/nios2eds/bin/gnu/h-i686-mingw32/bin/../lib/gcc/nios2-elf/4.7.3/mno-hw-mul\libgcc.a(lib2-divmod.o)
                0x00000d44                __divsi3
                0x00000d94                __modsi3
                0x00000df0                __udivsi3
                0x00000df8                __umodsi3
 .text          0x00000e00       0x28 e:/softwares/quartus2/nios2eds/bin/gnu/h-i686-mingw32/bin/../lib/gcc/nios2-elf/4.7.3/mno-hw-mul\libgcc.a(lib2-mul.o)
                0x00000e00                __mulsi3
 .text          0x00000e28       0x38 e:/softwares/quartus2/nios2eds/bin/gnu/h-i686-mingw32/bin/../lib/gcc/nios2-elf/4.7.3/../../../../../H-i686-mingw32/nios2-elf/lib/mno-hw-mul\libc.a(lib_a-exit.o)
                0x00000e28                exit
 .text          0x00000e60        0x0 e:/softwares/quartus2/nios2eds/bin/gnu/h-i686-mingw32/bin/../lib/gcc/nios2-elf/4.7.3/../../../../../H-i686-mingw32/nios2-elf/lib/mno-hw-mul\libc.a(lib_a-impure.o)
 .text          0x00000e60       0x68 e:/softwares/quartus2/nios2eds/bin/gnu/h-i686-mingw32/bin/../lib/gcc/nios2-elf/4.7.3/../../../../../H-i686-mingw32/nios2-elf/lib/mno-hw-mul\libc.a(lib_a-printf.o)
                0x00000e60                _printf_r
                0x00000e8c                printf
 .text          0x00000ec8       0x98 e:/softwares/quartus2/nios2eds/bin/gnu/h-i686-mingw32/bin/../lib/gcc/nios2-elf/4.7.3/../../../../../H-i686-mingw32/nios2-elf/lib/mno-hw-mul\libc.a(lib_a-puts.o)
                0x00000ec8                _puts_r
                0x00000f4c                puts
 .text          0x00000f60       0x8c e:/softwares/quartus2/nios2eds/bin/gnu/h-i686-mingw32/bin/../lib/gcc/nios2-elf/4.7.3/../../../../../H-i686-mingw32/nios2-elf/lib/mno-hw-mul\libc.a(lib_a-strlen.o)
                0x00000f60                strlen
 .text          0x00000fec     0x1ed4 e:/softwares/quartus2/nios2eds/bin/gnu/h-i686-mingw32/bin/../lib/gcc/nios2-elf/4.7.3/../../../../../H-i686-mingw32/nios2-elf/lib/mno-hw-mul\libc.a(lib_a-vfprintf.o)
                0x00001020                ___vfprintf_internal_r
                0x00002e9c                __vfprintf_internal
 .text          0x00002ec0      0x174 e:/softwares/quartus2/nios2eds/bin/gnu/h-i686-mingw32/bin/../lib/gcc/nios2-elf/4.7.3/../../../../../H-i686-mingw32/nios2-elf/lib/mno-hw-mul\libc.a(lib_a-wsetup.o)
                0x00002ec0                __swsetup_r
 .text          0x00003034      0x1a0 e:/softwares/quartus2/nios2eds/bin/gnu/h-i686-mingw32/bin/../lib/gcc/nios2-elf/4.7.3/../../../../../H-i686-mingw32/nios2-elf/lib/mno-hw-mul\libc.a(lib_a-__call_atexit.o)
                0x00003034                __call_exitprocs
 .text          0x000031d4     0x1858 e:/softwares/quartus2/nios2eds/bin/gnu/h-i686-mingw32/bin/../lib/gcc/nios2-elf/4.7.3/../../../../../H-i686-mingw32/nios2-elf/lib/mno-hw-mul\libc.a(lib_a-dtoa.o)
                0x00003410                _dtoa_r
 .text          0x00004a2c      0x218 e:/softwares/quartus2/nios2eds/bin/gnu/h-i686-mingw32/bin/../lib/gcc/nios2-elf/4.7.3/../../../../../H-i686-mingw32/nios2-elf/lib/mno-hw-mul\libc.a(lib_a-fflush.o)
                0x00004a2c                _fflush_r
                0x00004c14                fflush
 .text          0x00004c44      0x2ec e:/softwares/quartus2/nios2eds/bin/gnu/h-i686-mingw32/bin/../lib/gcc/nios2-elf/4.7.3/../../../../../H-i686-mingw32/nios2-elf/lib/mno-hw-mul\libc.a(lib_a-findfp.o)
                0x00004c54                _cleanup_r
                0x00004c60                __sfmoreglue
                0x00004cd8                _cleanup
                0x00004ce8                __sinit
                0x00004df4                __sfp
                0x00004ef0                __sfp_lock_acquire
                0x00004ef4                __sfp_lock_release
                0x00004ef8                __sinit_lock_acquire
                0x00004efc                __sinit_lock_release
                0x00004f00                __fp_lock_all
                0x00004f18                __fp_unlock_all
 .text          0x00004f30      0x40c e:/softwares/quartus2/nios2eds/bin/gnu/h-i686-mingw32/bin/../lib/gcc/nios2-elf/4.7.3/../../../../../H-i686-mingw32/nios2-elf/lib/mno-hw-mul\libc.a(lib_a-freer.o)
                0x00004f30                _malloc_trim_r
                0x0000506c                _free_r
 .text          0x0000533c      0x4e4 e:/softwares/quartus2/nios2eds/bin/gnu/h-i686-mingw32/bin/../lib/gcc/nios2-elf/4.7.3/../../../../../H-i686-mingw32/nios2-elf/lib/mno-hw-mul\libc.a(lib_a-fvwrite.o)
                0x0000533c                __sfvwrite_r
 .text          0x00005820      0x160 e:/softwares/quartus2/nios2eds/bin/gnu/h-i686-mingw32/bin/../lib/gcc/nios2-elf/4.7.3/../../../../../H-i686-mingw32/nios2-elf/lib/mno-hw-mul\libc.a(lib_a-fwalk.o)
                0x00005820                _fwalk
                0x000058c8                _fwalk_reent
 .text          0x00005980       0xdc e:/softwares/quartus2/nios2eds/bin/gnu/h-i686-mingw32/bin/../lib/gcc/nios2-elf/4.7.3/../../../../../H-i686-mingw32/nios2-elf/lib/mno-hw-mul\libc.a(lib_a-locale.o)
                0x00005980                _setlocale_r
                0x00005a1c                __locale_charset
                0x00005a28                _localeconv_r
                0x00005a34                setlocale
                0x00005a50                localeconv
 .text          0x00005a5c      0x1a8 e:/softwares/quartus2/nios2eds/bin/gnu/h-i686-mingw32/bin/../lib/gcc/nios2-elf/4.7.3/../../../../../H-i686-mingw32/nios2-elf/lib/mno-hw-mul\libc.a(lib_a-makebuf.o)
                0x00005a5c                __smakebuf_r
 .text          0x00005c04      0x784 e:/softwares/quartus2/nios2eds/bin/gnu/h-i686-mingw32/bin/../lib/gcc/nios2-elf/4.7.3/../../../../../H-i686-mingw32/nios2-elf/lib/mno-hw-mul\libc.a(lib_a-mallocr.o)
                0x00005c04                _malloc_r
 .text          0x00006388       0xf8 e:/softwares/quartus2/nios2eds/bin/gnu/h-i686-mingw32/bin/../lib/gcc/nios2-elf/4.7.3/../../../../../H-i686-mingw32/nios2-elf/lib/mno-hw-mul\libc.a(lib_a-memchr.o)
                0x00006388                memchr
 .text          0x00006480      0x140 e:/softwares/quartus2/nios2eds/bin/gnu/h-i686-mingw32/bin/../lib/gcc/nios2-elf/4.7.3/../../../../../H-i686-mingw32/nios2-elf/lib/mno-hw-mul\libc.a(lib_a-memcpy.o)
                0x00006480                memcpy
 .text          0x000065c0      0x18c e:/softwares/quartus2/nios2eds/bin/gnu/h-i686-mingw32/bin/../lib/gcc/nios2-elf/4.7.3/../../../../../H-i686-mingw32/nios2-elf/lib/mno-hw-mul\libc.a(lib_a-memmove.o)
                0x000065c0                memmove
 .text          0x0000674c       0xdc e:/softwares/quartus2/nios2eds/bin/gnu/h-i686-mingw32/bin/../lib/gcc/nios2-elf/4.7.3/../../../../../H-i686-mingw32/nios2-elf/lib/mno-hw-mul\libc.a(lib_a-memset.o)
                0x0000674c                memset
 .text          0x00006828     0x1050 e:/softwares/quartus2/nios2eds/bin/gnu/h-i686-mingw32/bin/../lib/gcc/nios2-elf/4.7.3/../../../../../H-i686-mingw32/nios2-elf/lib/mno-hw-mul\libc.a(lib_a-mprec.o)
                0x00006828                _Balloc
                0x000068d0                _Bfree
                0x000068f8                __multadd
                0x00006a3c                __s2b
                0x00006b40                __hi0bits
                0x00006ba8                __lo0bits
                0x00006c58                __i2b
                0x00006c94                __multiply
                0x00006eec                __pow5mult
                0x00007018                __lshift
                0x00007174                __mcmp
                0x000071cc                __mdiff
                0x00007374                __ulp
                0x000073d4                __b2d
                0x0000751c                __d2b
                0x00007660                __ratio
                0x00007704                _mprec_log10
                0x00007778                __copybits
                0x000077f4                __any_on
 .text          0x00007878      0x5fc e:/softwares/quartus2/nios2eds/bin/gnu/h-i686-mingw32/bin/../lib/gcc/nios2-elf/4.7.3/../../../../../H-i686-mingw32/nios2-elf/lib/mno-hw-mul\libc.a(lib_a-reallocr.o)
                0x00007878                _realloc_r
 .text          0x00007e74       0x38 e:/softwares/quartus2/nios2eds/bin/gnu/h-i686-mingw32/bin/../lib/gcc/nios2-elf/4.7.3/../../../../../H-i686-mingw32/nios2-elf/lib/mno-hw-mul\libc.a(lib_a-s_isinfd.o)
                0x00007e74                __isinfd
 .text          0x00007eac       0x2c e:/softwares/quartus2/nios2eds/bin/gnu/h-i686-mingw32/bin/../lib/gcc/nios2-elf/4.7.3/../../../../../H-i686-mingw32/nios2-elf/lib/mno-hw-mul\libc.a(lib_a-s_isnand.o)
                0x00007eac                __isnand
 .text          0x00007ed8       0x64 e:/softwares/quartus2/nios2eds/bin/gnu/h-i686-mingw32/bin/../lib/gcc/nios2-elf/4.7.3/../../../../../H-i686-mingw32/nios2-elf/lib/mno-hw-mul\libc.a(lib_a-sbrkr.o)
                0x00007ed8                _sbrk_r
 .text          0x00007f3c      0x140 e:/softwares/quartus2/nios2eds/bin/gnu/h-i686-mingw32/bin/../lib/gcc/nios2-elf/4.7.3/../../../../../H-i686-mingw32/nios2-elf/lib/mno-hw-mul\libc.a(lib_a-stdio.o)
                0x00007f3c                __sread
                0x00007f90                __swrite
                0x00008018                __sseek
                0x00008074                __sclose
 .text          0x0000807c       0xa4 e:/softwares/quartus2/nios2eds/bin/gnu/h-i686-mingw32/bin/../lib/gcc/nios2-elf/4.7.3/../../../../../H-i686-mingw32/nios2-elf/lib/mno-hw-mul\libc.a(lib_a-strcmp.o)
                0x0000807c                strcmp
 .text          0x00008120       0x6c e:/softwares/quartus2/nios2eds/bin/gnu/h-i686-mingw32/bin/../lib/gcc/nios2-elf/4.7.3/../../../../../H-i686-mingw32/nios2-elf/lib/mno-hw-mul\libc.a(lib_a-writer.o)
                0x00008120                _write_r
 .text          0x0000818c       0xcc e:/softwares/quartus2/nios2eds/bin/gnu/h-i686-mingw32/bin/../lib/gcc/nios2-elf/4.7.3/../../../../../H-i686-mingw32/nios2-elf/lib/mno-hw-mul\libc.a(lib_a-callocr.o)
                0x0000818c                _calloc_r
 .text          0x00008258       0x64 e:/softwares/quartus2/nios2eds/bin/gnu/h-i686-mingw32/bin/../lib/gcc/nios2-elf/4.7.3/../../../../../H-i686-mingw32/nios2-elf/lib/mno-hw-mul\libc.a(lib_a-closer.o)
                0x00008258                _close_r
 .text          0x000082bc      0x150 e:/softwares/quartus2/nios2eds/bin/gnu/h-i686-mingw32/bin/../lib/gcc/nios2-elf/4.7.3/../../../../../H-i686-mingw32/nios2-elf/lib/mno-hw-mul\libc.a(lib_a-fclose.o)
                0x000082bc                _fclose_r
                0x000083f8                fclose
 .text          0x0000840c       0x68 e:/softwares/quartus2/nios2eds/bin/gnu/h-i686-mingw32/bin/../lib/gcc/nios2-elf/4.7.3/../../../../../H-i686-mingw32/nios2-elf/lib/mno-hw-mul\libc.a(lib_a-fstatr.o)
                0x0000840c                _fstat_r
 .text          0x00008474        0x0 e:/softwares/quartus2/nios2eds/bin/gnu/h-i686-mingw32/bin/../lib/gcc/nios2-elf/4.7.3/../../../../../H-i686-mingw32/nios2-elf/lib/mno-hw-mul\libc.a(lib_a-int_errno.o)
 .text          0x00008474       0x64 e:/softwares/quartus2/nios2eds/bin/gnu/h-i686-mingw32/bin/../lib/gcc/nios2-elf/4.7.3/../../../../../H-i686-mingw32/nios2-elf/lib/mno-hw-mul\libc.a(lib_a-isattyr.o)
                0x00008474                _isatty_r
 .text          0x000084d8       0x6c e:/softwares/quartus2/nios2eds/bin/gnu/h-i686-mingw32/bin/../lib/gcc/nios2-elf/4.7.3/../../../../../H-i686-mingw32/nios2-elf/lib/mno-hw-mul\libc.a(lib_a-lseekr.o)
                0x000084d8                _lseek_r
 .text          0x00008544       0x6c e:/softwares/quartus2/nios2eds/bin/gnu/h-i686-mingw32/bin/../lib/gcc/nios2-elf/4.7.3/../../../../../H-i686-mingw32/nios2-elf/lib/mno-hw-mul\libc.a(lib_a-readr.o)
                0x00008544                _read_r
 .text          0x000085b0      0x650 e:/softwares/quartus2/nios2eds/bin/gnu/h-i686-mingw32/bin/../lib/gcc/nios2-elf/4.7.3/mno-hw-mul\libgcc.a(_udivdi3.o)
                0x000085b0                __udivdi3
 .text          0x00008c00      0x628 e:/softwares/quartus2/nios2eds/bin/gnu/h-i686-mingw32/bin/../lib/gcc/nios2-elf/4.7.3/mno-hw-mul\libgcc.a(_umoddi3.o)
                0x00008c00                __umoddi3
 .text          0x00009228      0x408 e:/softwares/quartus2/nios2eds/bin/gnu/h-i686-mingw32/bin/../lib/gcc/nios2-elf/4.7.3/mno-hw-mul\libgcc.a(_addsub_df.o)
                0x0000957c                __adddf3
                0x000095d0                __subdf3
 .text          0x00009630      0x2e4 e:/softwares/quartus2/nios2eds/bin/gnu/h-i686-mingw32/bin/../lib/gcc/nios2-elf/4.7.3/mno-hw-mul\libgcc.a(_mul_df.o)
                0x00009630                __muldf3
 .text          0x00009914      0x1b4 e:/softwares/quartus2/nios2eds/bin/gnu/h-i686-mingw32/bin/../lib/gcc/nios2-elf/4.7.3/mno-hw-mul\libgcc.a(_div_df.o)
                0x00009914                __divdf3
 .text          0x00009ac8       0x5c e:/softwares/quartus2/nios2eds/bin/gnu/h-i686-mingw32/bin/../lib/gcc/nios2-elf/4.7.3/mno-hw-mul\libgcc.a(_eq_df.o)
                0x00009ac8                __eqdf2
 .text          0x00009b24       0x5c e:/softwares/quartus2/nios2eds/bin/gnu/h-i686-mingw32/bin/../lib/gcc/nios2-elf/4.7.3/mno-hw-mul\libgcc.a(_ne_df.o)
                0x00009b24                __nedf2
 .text          0x00009b80       0x64 e:/softwares/quartus2/nios2eds/bin/gnu/h-i686-mingw32/bin/../lib/gcc/nios2-elf/4.7.3/mno-hw-mul\libgcc.a(_gt_df.o)
                0x00009b80                __gtdf2
 .text          0x00009be4       0x64 e:/softwares/quartus2/nios2eds/bin/gnu/h-i686-mingw32/bin/../lib/gcc/nios2-elf/4.7.3/mno-hw-mul\libgcc.a(_ge_df.o)
                0x00009be4                __gedf2
 .text          0x00009c48       0x5c e:/softwares/quartus2/nios2eds/bin/gnu/h-i686-mingw32/bin/../lib/gcc/nios2-elf/4.7.3/mno-hw-mul\libgcc.a(_lt_df.o)
                0x00009c48                __ltdf2
 .text          0x00009ca4       0xd4 e:/softwares/quartus2/nios2eds/bin/gnu/h-i686-mingw32/bin/../lib/gcc/nios2-elf/4.7.3/mno-hw-mul\libgcc.a(_si_to_df.o)
                0x00009ca4                __floatsidf
 .text          0x00009d78       0xd4 e:/softwares/quartus2/nios2eds/bin/gnu/h-i686-mingw32/bin/../lib/gcc/nios2-elf/4.7.3/mno-hw-mul\libgcc.a(_df_to_si.o)
                0x00009d78                __fixdfsi
 .text          0x00009e4c        0x0 e:/softwares/quartus2/nios2eds/bin/gnu/h-i686-mingw32/bin/../lib/gcc/nios2-elf/4.7.3/mno-hw-mul\libgcc.a(_thenan_df.o)
 .text          0x00009e4c      0x11c e:/softwares/quartus2/nios2eds/bin/gnu/h-i686-mingw32/bin/../lib/gcc/nios2-elf/4.7.3/mno-hw-mul\libgcc.a(_usi_to_df.o)
                0x00009e4c                __floatunsidf
 .text          0x00009f68      0x110 e:/softwares/quartus2/nios2eds/bin/gnu/h-i686-mingw32/bin/../lib/gcc/nios2-elf/4.7.3/mno-hw-mul\libgcc.a(_muldi3.o)
                0x00009f68                __muldi3
 .text          0x0000a078        0x0 e:/softwares/quartus2/nios2eds/bin/gnu/h-i686-mingw32/bin/../lib/gcc/nios2-elf/4.7.3/mno-hw-mul\libgcc.a(_clz.o)
 .text          0x0000a078       0xac e:/softwares/quartus2/nios2eds/bin/gnu/h-i686-mingw32/bin/../lib/gcc/nios2-elf/4.7.3/mno-hw-mul\libgcc.a(_clzsi2.o)
                0x0000a078                __clzsi2
 .text          0x0000a124      0x224 e:/softwares/quartus2/nios2eds/bin/gnu/h-i686-mingw32/bin/../lib/gcc/nios2-elf/4.7.3/mno-hw-mul\libgcc.a(_pack_df.o)
                0x0000a124                __pack_d
 .text          0x0000a348      0x104 e:/softwares/quartus2/nios2eds/bin/gnu/h-i686-mingw32/bin/../lib/gcc/nios2-elf/4.7.3/mno-hw-mul\libgcc.a(_unpack_df.o)
                0x0000a348                __unpack_d
 .text          0x0000a44c       0xd0 e:/softwares/quartus2/nios2eds/bin/gnu/h-i686-mingw32/bin/../lib/gcc/nios2-elf/4.7.3/mno-hw-mul\libgcc.a(_fpcmp_parts_df.o)
                0x0000a44c                __fpcmp_parts_d
 .text          0x0000a51c       0x44 e:/softwares/quartus2/nios2eds/bin/gnu/h-i686-mingw32/bin/../lib/gcc/nios2-elf/4.7.3/mno-hw-mul\libgcc.a(_lshrdi3.o)
                0x0000a51c                __lshrdi3
 .text          0x0000a560       0x44 e:/softwares/quartus2/nios2eds/bin/gnu/h-i686-mingw32/bin/../lib/gcc/nios2-elf/4.7.3/mno-hw-mul\libgcc.a(_ashldi3.o)
                0x0000a560                __ashldi3
 .text          0x0000a5a4      0x11c ../lab_crc_bsp/\libhal_bsp.a(alt_close.o)
                0x0000a5f4                close
 .text          0x0000a6c0       0x2c ../lab_crc_bsp/\libhal_bsp.a(alt_dev.o)
 .text          0x0000a6ec        0x0 ../lab_crc_bsp/\libhal_bsp.a(alt_errno.o)
 .text          0x0000a6ec       0x3c ../lab_crc_bsp/\libhal_bsp.a(alt_exit.o)
                0x0000a6ec                _exit
 .text          0x0000a728      0x100 ../lab_crc_bsp/\libhal_bsp.a(alt_fstat.o)
                0x0000a778                fstat
 .text          0x0000a828       0xf4 ../lab_crc_bsp/\libhal_bsp.a(alt_isatty.o)
                0x0000a878                isatty
 .text          0x0000a91c       0xec ../lab_crc_bsp/\libhal_bsp.a(alt_load.o)
                0x0000a988                alt_load
 .text          0x0000aa08      0x124 ../lab_crc_bsp/\libhal_bsp.a(alt_lseek.o)
                0x0000aa58                lseek
 .text          0x0000ab2c       0x78 ../lab_crc_bsp/\libhal_bsp.a(alt_main.o)
                0x0000ab2c                alt_main
 .text          0x0000aba4       0x40 ../lab_crc_bsp/\libhal_bsp.a(alt_malloc_lock.o)
                0x0000aba4                __malloc_lock
                0x0000abc4                __malloc_unlock
 .text          0x0000abe4      0x144 ../lab_crc_bsp/\libhal_bsp.a(alt_read.o)
                0x0000ac34                read
 .text          0x0000ad28       0x80 ../lab_crc_bsp/\libhal_bsp.a(alt_release_fd.o)
                0x0000ad28                alt_release_fd
 .text          0x0000ada8       0xb0 ../lab_crc_bsp/\libhal_bsp.a(alt_sbrk.o)
                0x0000ada8                sbrk
 .text          0x0000ae58      0x140 ../lab_crc_bsp/\libhal_bsp.a(alt_write.o)
                0x0000aea8                write
 .text          0x0000af98       0xf0 ../lab_crc_bsp/\libhal_bsp.a(alt_sys_init.o)
                0x0000afd0                alt_irq_init
                0x0000b004                alt_sys_init
 .text          0x0000b088      0x164 ../lab_crc_bsp/\libhal_bsp.a(altera_avalon_jtag_uart_fd.o)
                0x0000b088                altera_avalon_jtag_uart_read_fd
                0x0000b0e8                altera_avalon_jtag_uart_write_fd
                0x0000b148                altera_avalon_jtag_uart_close_fd
                0x0000b198                altera_avalon_jtag_uart_ioctl_fd
 .text          0x0000b1ec      0x3d0 ../lab_crc_bsp/\libhal_bsp.a(altera_avalon_jtag_uart_init.o)
                0x0000b1ec                altera_avalon_jtag_uart_init
                0x0000b554                altera_avalon_jtag_uart_close
 .text          0x0000b5bc       0xf4 ../lab_crc_bsp/\libhal_bsp.a(altera_avalon_jtag_uart_ioctl.o)
                0x0000b5bc                altera_avalon_jtag_uart_ioctl
 .text          0x0000b6b0      0x218 ../lab_crc_bsp/\libhal_bsp.a(altera_avalon_jtag_uart_read.o)
                0x0000b6b0                altera_avalon_jtag_uart_read
 .text          0x0000b8c8      0x224 ../lab_crc_bsp/\libhal_bsp.a(altera_avalon_jtag_uart_write.o)
                0x0000b8c8                altera_avalon_jtag_uart_write
 .text          0x0000baec       0xfc ../lab_crc_bsp/\libhal_bsp.a(altera_avalon_timer_sc.o)
                0x0000bb60                alt_avalon_timer_sc_init
 .text          0x0000bbe8      0x140 ../lab_crc_bsp/\libhal_bsp.a(altera_avalon_timer_ts.o)
                0x0000bbe8                alt_timestamp_start
                0x0000bc70                alt_timestamp
                0x0000bd00                alt_timestamp_freq
 .text          0x0000bd28        0x0 ../lab_crc_bsp/\libhal_bsp.a(altera_avalon_timer_vars.o)
 .text          0x0000bd28      0x140 ../lab_crc_bsp/\libhal_bsp.a(alt_alarm_start.o)
                0x0000bd28                alt_alarm_start
 .text          0x0000be68       0x1c ../lab_crc_bsp/\libhal_bsp.a(alt_dcache_flush_all.o)
                0x0000be68                alt_dcache_flush_all
 .text          0x0000be84       0xf0 ../lab_crc_bsp/\libhal_bsp.a(alt_dev_llist_insert.o)
                0x0000bed4                alt_dev_llist_insert
 .text          0x0000bf74       0x5c ../lab_crc_bsp/\libhal_bsp.a(alt_do_ctors.o)
                0x0000bf74                _do_ctors
 .text          0x0000bfd0       0x5c ../lab_crc_bsp/\libhal_bsp.a(alt_do_dtors.o)
                0x0000bfd0                _do_dtors
 .text          0x0000c02c       0x1c ../lab_crc_bsp/\libhal_bsp.a(alt_icache_flush_all.o)
                0x0000c02c                alt_icache_flush_all
 .text          0x0000c048      0x1d8 ../lab_crc_bsp/\libhal_bsp.a(alt_iic.o)
                0x0000c048                alt_ic_isr_register
                0x0000c098                alt_ic_irq_enable
                0x0000c134                alt_ic_irq_disable
                0x0000c1d4                alt_ic_irq_enabled
 .text          0x0000c220       0xf0 ../lab_crc_bsp/\libhal_bsp.a(alt_iic_isr_register.o)
                0x0000c220                alt_iic_isr_register
 .text          0x0000c310      0x158 ../lab_crc_bsp/\libhal_bsp.a(alt_io_redirect.o)
                0x0000c3f0                alt_io_redirect
 .text          0x0000c468        0x0 ../lab_crc_bsp/\libhal_bsp.a(alt_irq_entry.o)
 .text          0x0000c468        0x0 ../lab_crc_bsp/\libhal_bsp.a(alt_irq_handler.o)
 .text          0x0000c468        0x0 ../lab_crc_bsp/\libhal_bsp.a(alt_irq_vars.o)
 .text          0x0000c468      0x298 ../lab_crc_bsp/\libhal_bsp.a(alt_open.o)
                0x0000c5a8                open
 .text          0x0000c700      0x19c ../lab_crc_bsp/\libhal_bsp.a(alt_tick.o)
                0x0000c700                alt_alarm_stop
                0x0000c798                alt_tick
 .text          0x0000c89c       0x20 ../lab_crc_bsp/\libhal_bsp.a(altera_nios2_qsys_irq.o)
                0x0000c89c                altera_nios2_qsys_irq_init
 .text          0x0000c8bc        0x0 ../lab_crc_bsp/\libhal_bsp.a(alt_exception_entry.o)
 .text          0x0000c8bc       0x90 ../lab_crc_bsp/\libhal_bsp.a(alt_find_dev.o)
                0x0000c8bc                alt_find_dev
 .text          0x0000c94c      0x114 ../lab_crc_bsp/\libhal_bsp.a(alt_find_file.o)
                0x0000c94c                alt_find_file
 .text          0x0000ca60       0xd4 ../lab_crc_bsp/\libhal_bsp.a(alt_get_fd.o)
                0x0000ca60                alt_get_fd
 .text          0x0000cb34       0x14 e:/softwares/quartus2/nios2eds/bin/gnu/h-i686-mingw32/bin/../lib/gcc/nios2-elf/4.7.3/../../../../../H-i686-mingw32/nios2-elf/lib/mno-hw-mul\libc.a(lib_a-atexit.o)
                0x0000cb34                atexit
 .text          0x0000cb48       0x7c e:/softwares/quartus2/nios2eds/bin/gnu/h-i686-mingw32/bin/../lib/gcc/nios2-elf/4.7.3/../../../../../H-i686-mingw32/nios2-elf/lib/mno-hw-mul\libc.a(lib_a-memcmp.o)
                0x0000cb48                memcmp
 .text          0x0000cbc4      0x130 e:/softwares/quartus2/nios2eds/bin/gnu/h-i686-mingw32/bin/../lib/gcc/nios2-elf/4.7.3/../../../../../H-i686-mingw32/nios2-elf/lib/mno-hw-mul\libc.a(lib_a-__atexit.o)
                0x0000cbc4                __register_exitproc
 *(.gnu.warning.*)
 *(.fini)
                0x0000ccf4                PROVIDE (__etext, ABSOLUTE (.))
                0x0000ccf4                PROVIDE (_etext, ABSOLUTE (.))
                0x0000ccf4                PROVIDE (etext, ABSOLUTE (.))
 *(.eh_frame_hdr)
                0x0000ccf4                . = ALIGN (0x4)
                0x0000ccf4                PROVIDE (__preinit_array_start, ABSOLUTE (.))
 *(.preinit_array)
                0x0000ccf4                PROVIDE (__preinit_array_end, ABSOLUTE (.))
                0x0000ccf4                PROVIDE (__init_array_start, ABSOLUTE (.))
 *(.init_array)
                0x0000ccf4                PROVIDE (__init_array_end, ABSOLUTE (.))
                0x0000ccf4                PROVIDE (__fini_array_start, ABSOLUTE (.))
 *(.fini_array)
                0x0000ccf4                PROVIDE (__fini_array_end, ABSOLUTE (.))
 *(.eh_frame)
 *(.gcc_except_table .gcc_except_table.*)
 *(.dynamic)
                0x0000ccf4                PROVIDE (__CTOR_LIST__, ABSOLUTE (.))
 *(.ctors)
 *(SORT(.ctors.*))
                0x0000ccf4                PROVIDE (__CTOR_END__, ABSOLUTE (.))
                0x0000ccf4                PROVIDE (__DTOR_LIST__, ABSOLUTE (.))
 *(.dtors)
 *(SORT(.dtors.*))
                0x0000ccf4                PROVIDE (__DTOR_END__, ABSOLUTE (.))
 *(.jcr)
                0x0000ccf4                . = ALIGN (0x4)

.rodata         0x0000ccf4      0x958
                0x0000ccf4                PROVIDE (__ram_rodata_start, ABSOLUTE (.))
                0x0000ccf4                . = ALIGN (0x4)
 *(.rodata .rodata.* .gnu.linkonce.r.*)
 .rodata        0x0000ccf4      0x638 obj/default/crc_main.o
 .rodata.str1.4
                0x0000d32c        0x2 e:/softwares/quartus2/nios2eds/bin/gnu/h-i686-mingw32/bin/../lib/gcc/nios2-elf/4.7.3/../../../../../H-i686-mingw32/nios2-elf/lib/mno-hw-mul\libc.a(lib_a-impure.o)
                                  0x4 (size before relaxing)
 *fill*         0x0000d32e        0x2 
 .rodata.str1.4
                0x0000d330        0x2 e:/softwares/quartus2/nios2eds/bin/gnu/h-i686-mingw32/bin/../lib/gcc/nios2-elf/4.7.3/../../../../../H-i686-mingw32/nios2-elf/lib/mno-hw-mul\libc.a(lib_a-puts.o)
                                  0x4 (size before relaxing)
 *fill*         0x0000d332        0x2 
 .rodata.str1.4
                0x0000d334       0x42 e:/softwares/quartus2/nios2eds/bin/gnu/h-i686-mingw32/bin/../lib/gcc/nios2-elf/4.7.3/../../../../../H-i686-mingw32/nios2-elf/lib/mno-hw-mul\libc.a(lib_a-vfprintf.o)
                                 0x44 (size before relaxing)
 .rodata        0x0000d376       0x20 e:/softwares/quartus2/nios2eds/bin/gnu/h-i686-mingw32/bin/../lib/gcc/nios2-elf/4.7.3/../../../../../H-i686-mingw32/nios2-elf/lib/mno-hw-mul\libc.a(lib_a-vfprintf.o)
 *fill*         0x0000d396        0x2 
 .rodata.str1.4
                0x0000d398       0x10 e:/softwares/quartus2/nios2eds/bin/gnu/h-i686-mingw32/bin/../lib/gcc/nios2-elf/4.7.3/../../../../../H-i686-mingw32/nios2-elf/lib/mno-hw-mul\libc.a(lib_a-dtoa.o)
                                 0x14 (size before relaxing)
 .rodata.str1.4
                0x0000d3a8       0x10 e:/softwares/quartus2/nios2eds/bin/gnu/h-i686-mingw32/bin/../lib/gcc/nios2-elf/4.7.3/../../../../../H-i686-mingw32/nios2-elf/lib/mno-hw-mul\libc.a(lib_a-locale.o)
                                 0x18 (size before relaxing)
 .rodata        0x0000d3b8       0x30 e:/softwares/quartus2/nios2eds/bin/gnu/h-i686-mingw32/bin/../lib/gcc/nios2-elf/4.7.3/../../../../../H-i686-mingw32/nios2-elf/lib/mno-hw-mul\libc.a(lib_a-locale.o)
 .rodata        0x0000d3e8      0x124 e:/softwares/quartus2/nios2eds/bin/gnu/h-i686-mingw32/bin/../lib/gcc/nios2-elf/4.7.3/../../../../../H-i686-mingw32/nios2-elf/lib/mno-hw-mul\libc.a(lib_a-mprec.o)
                0x0000d3e8                __mprec_tinytens
                0x0000d410                __mprec_bigtens
                0x0000d438                __mprec_tens
 .rodata        0x0000d50c       0x14 e:/softwares/quartus2/nios2eds/bin/gnu/h-i686-mingw32/bin/../lib/gcc/nios2-elf/4.7.3/mno-hw-mul\libgcc.a(_thenan_df.o)
                0x0000d50c                __thenan_df
 .rodata        0x0000d520      0x100 e:/softwares/quartus2/nios2eds/bin/gnu/h-i686-mingw32/bin/../lib/gcc/nios2-elf/4.7.3/mno-hw-mul\libgcc.a(_clz.o)
                0x0000d520                __clz_tab
 .rodata        0x0000d620        0xc ../lab_crc_bsp/\libhal_bsp.a(alt_dev.o)
 .rodata        0x0000d62c       0x10 ../lab_crc_bsp/\libhal_bsp.a(alt_main.o)
 .rodata        0x0000d63c       0x10 ../lab_crc_bsp/\libhal_bsp.a(alt_sys_init.o)
 *(.rodata1)
                0x0000d64c                . = ALIGN (0x4)
                0x0000d64c                PROVIDE (__ram_rodata_end, ABSOLUTE (.))
                0x0000ccf4                PROVIDE (__flash_rodata_start, LOADADDR (.rodata))

.rwdata         0x0000d64c     0x1a58 load address 0x0000f0a4
                0x0000d64c                PROVIDE (__ram_rwdata_start, ABSOLUTE (.))
                0x0000d64c                . = ALIGN (0x4)
 *(.got.plt)
 *(.got)
 *(.data1)
 *(.data .data.* .gnu.linkonce.d.*)
 .data          0x0000d64c        0x0 ../lab_crc_bsp//obj/HAL/src/crt0.o
 .data          0x0000d64c        0x0 obj/default/ci_crc.o
 .data          0x0000d64c        0x0 obj/default/crc.o
 .data          0x0000d64c        0x0 obj/default/crc_main.o
 .data          0x0000d64c        0x0 e:/softwares/quartus2/nios2eds/bin/gnu/h-i686-mingw32/bin/../lib/gcc/nios2-elf/4.7.3/mno-hw-mul\libgcc.a(lib2-divmod.o)
 .data          0x0000d64c        0x0 e:/softwares/quartus2/nios2eds/bin/gnu/h-i686-mingw32/bin/../lib/gcc/nios2-elf/4.7.3/mno-hw-mul\libgcc.a(lib2-mul.o)
 .data          0x0000d64c        0x0 e:/softwares/quartus2/nios2eds/bin/gnu/h-i686-mingw32/bin/../lib/gcc/nios2-elf/4.7.3/../../../../../H-i686-mingw32/nios2-elf/lib/mno-hw-mul\libc.a(lib_a-exit.o)
 .data          0x0000d64c      0x400 e:/softwares/quartus2/nios2eds/bin/gnu/h-i686-mingw32/bin/../lib/gcc/nios2-elf/4.7.3/../../../../../H-i686-mingw32/nios2-elf/lib/mno-hw-mul\libc.a(lib_a-impure.o)
 .data          0x0000da4c        0x0 e:/softwares/quartus2/nios2eds/bin/gnu/h-i686-mingw32/bin/../lib/gcc/nios2-elf/4.7.3/../../../../../H-i686-mingw32/nios2-elf/lib/mno-hw-mul\libc.a(lib_a-printf.o)
 .data          0x0000da4c        0x0 e:/softwares/quartus2/nios2eds/bin/gnu/h-i686-mingw32/bin/../lib/gcc/nios2-elf/4.7.3/../../../../../H-i686-mingw32/nios2-elf/lib/mno-hw-mul\libc.a(lib_a-puts.o)
 .data          0x0000da4c        0x0 e:/softwares/quartus2/nios2eds/bin/gnu/h-i686-mingw32/bin/../lib/gcc/nios2-elf/4.7.3/../../../../../H-i686-mingw32/nios2-elf/lib/mno-hw-mul\libc.a(lib_a-strlen.o)
 .data          0x0000da4c        0x0 e:/softwares/quartus2/nios2eds/bin/gnu/h-i686-mingw32/bin/../lib/gcc/nios2-elf/4.7.3/../../../../../H-i686-mingw32/nios2-elf/lib/mno-hw-mul\libc.a(lib_a-vfprintf.o)
 .data          0x0000da4c        0x0 e:/softwares/quartus2/nios2eds/bin/gnu/h-i686-mingw32/bin/../lib/gcc/nios2-elf/4.7.3/../../../../../H-i686-mingw32/nios2-elf/lib/mno-hw-mul\libc.a(lib_a-wsetup.o)
 .data          0x0000da4c        0x0 e:/softwares/quartus2/nios2eds/bin/gnu/h-i686-mingw32/bin/../lib/gcc/nios2-elf/4.7.3/../../../../../H-i686-mingw32/nios2-elf/lib/mno-hw-mul\libc.a(lib_a-__call_atexit.o)
 .data          0x0000da4c        0x0 e:/softwares/quartus2/nios2eds/bin/gnu/h-i686-mingw32/bin/../lib/gcc/nios2-elf/4.7.3/../../../../../H-i686-mingw32/nios2-elf/lib/mno-hw-mul\libc.a(lib_a-dtoa.o)
 .data          0x0000da4c        0x0 e:/softwares/quartus2/nios2eds/bin/gnu/h-i686-mingw32/bin/../lib/gcc/nios2-elf/4.7.3/../../../../../H-i686-mingw32/nios2-elf/lib/mno-hw-mul\libc.a(lib_a-fflush.o)
 .data          0x0000da4c        0x0 e:/softwares/quartus2/nios2eds/bin/gnu/h-i686-mingw32/bin/../lib/gcc/nios2-elf/4.7.3/../../../../../H-i686-mingw32/nios2-elf/lib/mno-hw-mul\libc.a(lib_a-findfp.o)
 .data          0x0000da4c        0x0 e:/softwares/quartus2/nios2eds/bin/gnu/h-i686-mingw32/bin/../lib/gcc/nios2-elf/4.7.3/../../../../../H-i686-mingw32/nios2-elf/lib/mno-hw-mul\libc.a(lib_a-freer.o)
 .data          0x0000da4c        0x0 e:/softwares/quartus2/nios2eds/bin/gnu/h-i686-mingw32/bin/../lib/gcc/nios2-elf/4.7.3/../../../../../H-i686-mingw32/nios2-elf/lib/mno-hw-mul\libc.a(lib_a-fvwrite.o)
 .data          0x0000da4c        0x0 e:/softwares/quartus2/nios2eds/bin/gnu/h-i686-mingw32/bin/../lib/gcc/nios2-elf/4.7.3/../../../../../H-i686-mingw32/nios2-elf/lib/mno-hw-mul\libc.a(lib_a-fwalk.o)
 .data          0x0000da4c        0xc e:/softwares/quartus2/nios2eds/bin/gnu/h-i686-mingw32/bin/../lib/gcc/nios2-elf/4.7.3/../../../../../H-i686-mingw32/nios2-elf/lib/mno-hw-mul\libc.a(lib_a-locale.o)
                0x0000da4c                __lc_ctype
 .data          0x0000da58        0x0 e:/softwares/quartus2/nios2eds/bin/gnu/h-i686-mingw32/bin/../lib/gcc/nios2-elf/4.7.3/../../../../../H-i686-mingw32/nios2-elf/lib/mno-hw-mul\libc.a(lib_a-makebuf.o)
 .data          0x0000da58      0x408 e:/softwares/quartus2/nios2eds/bin/gnu/h-i686-mingw32/bin/../lib/gcc/nios2-elf/4.7.3/../../../../../H-i686-mingw32/nios2-elf/lib/mno-hw-mul\libc.a(lib_a-mallocr.o)
                0x0000da58                __malloc_av_
 .data          0x0000de60        0x0 e:/softwares/quartus2/nios2eds/bin/gnu/h-i686-mingw32/bin/../lib/gcc/nios2-elf/4.7.3/../../../../../H-i686-mingw32/nios2-elf/lib/mno-hw-mul\libc.a(lib_a-memchr.o)
 .data          0x0000de60        0x0 e:/softwares/quartus2/nios2eds/bin/gnu/h-i686-mingw32/bin/../lib/gcc/nios2-elf/4.7.3/../../../../../H-i686-mingw32/nios2-elf/lib/mno-hw-mul\libc.a(lib_a-memcpy.o)
 .data          0x0000de60        0x0 e:/softwares/quartus2/nios2eds/bin/gnu/h-i686-mingw32/bin/../lib/gcc/nios2-elf/4.7.3/../../../../../H-i686-mingw32/nios2-elf/lib/mno-hw-mul\libc.a(lib_a-memmove.o)
 .data          0x0000de60        0x0 e:/softwares/quartus2/nios2eds/bin/gnu/h-i686-mingw32/bin/../lib/gcc/nios2-elf/4.7.3/../../../../../H-i686-mingw32/nios2-elf/lib/mno-hw-mul\libc.a(lib_a-memset.o)
 .data          0x0000de60        0x0 e:/softwares/quartus2/nios2eds/bin/gnu/h-i686-mingw32/bin/../lib/gcc/nios2-elf/4.7.3/../../../../../H-i686-mingw32/nios2-elf/lib/mno-hw-mul\libc.a(lib_a-mprec.o)
 .data          0x0000de60        0x0 e:/softwares/quartus2/nios2eds/bin/gnu/h-i686-mingw32/bin/../lib/gcc/nios2-elf/4.7.3/../../../../../H-i686-mingw32/nios2-elf/lib/mno-hw-mul\libc.a(lib_a-reallocr.o)
 .data          0x0000de60        0x0 e:/softwares/quartus2/nios2eds/bin/gnu/h-i686-mingw32/bin/../lib/gcc/nios2-elf/4.7.3/../../../../../H-i686-mingw32/nios2-elf/lib/mno-hw-mul\libc.a(lib_a-s_isinfd.o)
 .data          0x0000de60        0x0 e:/softwares/quartus2/nios2eds/bin/gnu/h-i686-mingw32/bin/../lib/gcc/nios2-elf/4.7.3/../../../../../H-i686-mingw32/nios2-elf/lib/mno-hw-mul\libc.a(lib_a-s_isnand.o)
 .data          0x0000de60        0x0 e:/softwares/quartus2/nios2eds/bin/gnu/h-i686-mingw32/bin/../lib/gcc/nios2-elf/4.7.3/../../../../../H-i686-mingw32/nios2-elf/lib/mno-hw-mul\libc.a(lib_a-sbrkr.o)
 .data          0x0000de60        0x0 e:/softwares/quartus2/nios2eds/bin/gnu/h-i686-mingw32/bin/../lib/gcc/nios2-elf/4.7.3/../../../../../H-i686-mingw32/nios2-elf/lib/mno-hw-mul\libc.a(lib_a-stdio.o)
 .data          0x0000de60        0x0 e:/softwares/quartus2/nios2eds/bin/gnu/h-i686-mingw32/bin/../lib/gcc/nios2-elf/4.7.3/../../../../../H-i686-mingw32/nios2-elf/lib/mno-hw-mul\libc.a(lib_a-strcmp.o)
 .data          0x0000de60        0x0 e:/softwares/quartus2/nios2eds/bin/gnu/h-i686-mingw32/bin/../lib/gcc/nios2-elf/4.7.3/../../../../../H-i686-mingw32/nios2-elf/lib/mno-hw-mul\libc.a(lib_a-writer.o)
 .data          0x0000de60        0x0 e:/softwares/quartus2/nios2eds/bin/gnu/h-i686-mingw32/bin/../lib/gcc/nios2-elf/4.7.3/../../../../../H-i686-mingw32/nios2-elf/lib/mno-hw-mul\libc.a(lib_a-callocr.o)
 .data          0x0000de60        0x0 e:/softwares/quartus2/nios2eds/bin/gnu/h-i686-mingw32/bin/../lib/gcc/nios2-elf/4.7.3/../../../../../H-i686-mingw32/nios2-elf/lib/mno-hw-mul\libc.a(lib_a-closer.o)
 .data          0x0000de60        0x0 e:/softwares/quartus2/nios2eds/bin/gnu/h-i686-mingw32/bin/../lib/gcc/nios2-elf/4.7.3/../../../../../H-i686-mingw32/nios2-elf/lib/mno-hw-mul\libc.a(lib_a-fclose.o)
 .data          0x0000de60        0x0 e:/softwares/quartus2/nios2eds/bin/gnu/h-i686-mingw32/bin/../lib/gcc/nios2-elf/4.7.3/../../../../../H-i686-mingw32/nios2-elf/lib/mno-hw-mul\libc.a(lib_a-fstatr.o)
 .data          0x0000de60        0x0 e:/softwares/quartus2/nios2eds/bin/gnu/h-i686-mingw32/bin/../lib/gcc/nios2-elf/4.7.3/../../../../../H-i686-mingw32/nios2-elf/lib/mno-hw-mul\libc.a(lib_a-int_errno.o)
 .data          0x0000de60        0x0 e:/softwares/quartus2/nios2eds/bin/gnu/h-i686-mingw32/bin/../lib/gcc/nios2-elf/4.7.3/../../../../../H-i686-mingw32/nios2-elf/lib/mno-hw-mul\libc.a(lib_a-isattyr.o)
 .data          0x0000de60        0x0 e:/softwares/quartus2/nios2eds/bin/gnu/h-i686-mingw32/bin/../lib/gcc/nios2-elf/4.7.3/../../../../../H-i686-mingw32/nios2-elf/lib/mno-hw-mul\libc.a(lib_a-lseekr.o)
 .data          0x0000de60        0x0 e:/softwares/quartus2/nios2eds/bin/gnu/h-i686-mingw32/bin/../lib/gcc/nios2-elf/4.7.3/../../../../../H-i686-mingw32/nios2-elf/lib/mno-hw-mul\libc.a(lib_a-readr.o)
 .data          0x0000de60        0x0 e:/softwares/quartus2/nios2eds/bin/gnu/h-i686-mingw32/bin/../lib/gcc/nios2-elf/4.7.3/mno-hw-mul\libgcc.a(_udivdi3.o)
 .data          0x0000de60        0x0 e:/softwares/quartus2/nios2eds/bin/gnu/h-i686-mingw32/bin/../lib/gcc/nios2-elf/4.7.3/mno-hw-mul\libgcc.a(_umoddi3.o)
 .data          0x0000de60        0x0 e:/softwares/quartus2/nios2eds/bin/gnu/h-i686-mingw32/bin/../lib/gcc/nios2-elf/4.7.3/mno-hw-mul\libgcc.a(_addsub_df.o)
 .data          0x0000de60        0x0 e:/softwares/quartus2/nios2eds/bin/gnu/h-i686-mingw32/bin/../lib/gcc/nios2-elf/4.7.3/mno-hw-mul\libgcc.a(_mul_df.o)
 .data          0x0000de60        0x0 e:/softwares/quartus2/nios2eds/bin/gnu/h-i686-mingw32/bin/../lib/gcc/nios2-elf/4.7.3/mno-hw-mul\libgcc.a(_div_df.o)
 .data          0x0000de60        0x0 e:/softwares/quartus2/nios2eds/bin/gnu/h-i686-mingw32/bin/../lib/gcc/nios2-elf/4.7.3/mno-hw-mul\libgcc.a(_eq_df.o)
 .data          0x0000de60        0x0 e:/softwares/quartus2/nios2eds/bin/gnu/h-i686-mingw32/bin/../lib/gcc/nios2-elf/4.7.3/mno-hw-mul\libgcc.a(_ne_df.o)
 .data          0x0000de60        0x0 e:/softwares/quartus2/nios2eds/bin/gnu/h-i686-mingw32/bin/../lib/gcc/nios2-elf/4.7.3/mno-hw-mul\libgcc.a(_gt_df.o)
 .data          0x0000de60        0x0 e:/softwares/quartus2/nios2eds/bin/gnu/h-i686-mingw32/bin/../lib/gcc/nios2-elf/4.7.3/mno-hw-mul\libgcc.a(_ge_df.o)
 .data          0x0000de60        0x0 e:/softwares/quartus2/nios2eds/bin/gnu/h-i686-mingw32/bin/../lib/gcc/nios2-elf/4.7.3/mno-hw-mul\libgcc.a(_lt_df.o)
 .data          0x0000de60        0x0 e:/softwares/quartus2/nios2eds/bin/gnu/h-i686-mingw32/bin/../lib/gcc/nios2-elf/4.7.3/mno-hw-mul\libgcc.a(_si_to_df.o)
 .data          0x0000de60        0x0 e:/softwares/quartus2/nios2eds/bin/gnu/h-i686-mingw32/bin/../lib/gcc/nios2-elf/4.7.3/mno-hw-mul\libgcc.a(_df_to_si.o)
 .data          0x0000de60        0x0 e:/softwares/quartus2/nios2eds/bin/gnu/h-i686-mingw32/bin/../lib/gcc/nios2-elf/4.7.3/mno-hw-mul\libgcc.a(_thenan_df.o)
 .data          0x0000de60        0x0 e:/softwares/quartus2/nios2eds/bin/gnu/h-i686-mingw32/bin/../lib/gcc/nios2-elf/4.7.3/mno-hw-mul\libgcc.a(_usi_to_df.o)
 .data          0x0000de60        0x0 e:/softwares/quartus2/nios2eds/bin/gnu/h-i686-mingw32/bin/../lib/gcc/nios2-elf/4.7.3/mno-hw-mul\libgcc.a(_muldi3.o)
 .data          0x0000de60        0x0 e:/softwares/quartus2/nios2eds/bin/gnu/h-i686-mingw32/bin/../lib/gcc/nios2-elf/4.7.3/mno-hw-mul\libgcc.a(_clz.o)
 .data          0x0000de60        0x0 e:/softwares/quartus2/nios2eds/bin/gnu/h-i686-mingw32/bin/../lib/gcc/nios2-elf/4.7.3/mno-hw-mul\libgcc.a(_clzsi2.o)
 .data          0x0000de60        0x0 e:/softwares/quartus2/nios2eds/bin/gnu/h-i686-mingw32/bin/../lib/gcc/nios2-elf/4.7.3/mno-hw-mul\libgcc.a(_pack_df.o)
 .data          0x0000de60        0x0 e:/softwares/quartus2/nios2eds/bin/gnu/h-i686-mingw32/bin/../lib/gcc/nios2-elf/4.7.3/mno-hw-mul\libgcc.a(_unpack_df.o)
 .data          0x0000de60        0x0 e:/softwares/quartus2/nios2eds/bin/gnu/h-i686-mingw32/bin/../lib/gcc/nios2-elf/4.7.3/mno-hw-mul\libgcc.a(_fpcmp_parts_df.o)
 .data          0x0000de60        0x0 e:/softwares/quartus2/nios2eds/bin/gnu/h-i686-mingw32/bin/../lib/gcc/nios2-elf/4.7.3/mno-hw-mul\libgcc.a(_lshrdi3.o)
 .data          0x0000de60        0x0 e:/softwares/quartus2/nios2eds/bin/gnu/h-i686-mingw32/bin/../lib/gcc/nios2-elf/4.7.3/mno-hw-mul\libgcc.a(_ashldi3.o)
 .data          0x0000de60        0x0 ../lab_crc_bsp/\libhal_bsp.a(alt_close.o)
 .data          0x0000de60      0x1a8 ../lab_crc_bsp/\libhal_bsp.a(alt_dev.o)
                0x0000de60                alt_dev_null
                0x0000de88                alt_fd_list
 .data          0x0000e008        0x0 ../lab_crc_bsp/\libhal_bsp.a(alt_errno.o)
 .data          0x0000e008        0x0 ../lab_crc_bsp/\libhal_bsp.a(alt_exit.o)
 .data          0x0000e008        0x0 ../lab_crc_bsp/\libhal_bsp.a(alt_fstat.o)
 .data          0x0000e008        0x0 ../lab_crc_bsp/\libhal_bsp.a(alt_isatty.o)
 .data          0x0000e008        0x0 ../lab_crc_bsp/\libhal_bsp.a(alt_load.o)
 .data          0x0000e008        0x0 ../lab_crc_bsp/\libhal_bsp.a(alt_lseek.o)
 .data          0x0000e008        0x0 ../lab_crc_bsp/\libhal_bsp.a(alt_main.o)
 .data          0x0000e008        0x0 ../lab_crc_bsp/\libhal_bsp.a(alt_malloc_lock.o)
 .data          0x0000e008        0x0 ../lab_crc_bsp/\libhal_bsp.a(alt_read.o)
 .data          0x0000e008        0x0 ../lab_crc_bsp/\libhal_bsp.a(alt_release_fd.o)
 .data          0x0000e008        0x0 ../lab_crc_bsp/\libhal_bsp.a(alt_sbrk.o)
 .data          0x0000e008        0x0 ../lab_crc_bsp/\libhal_bsp.a(alt_write.o)
 .data          0x0000e008     0x1060 ../lab_crc_bsp/\libhal_bsp.a(alt_sys_init.o)
 .data          0x0000f068        0x0 ../lab_crc_bsp/\libhal_bsp.a(altera_avalon_jtag_uart_fd.o)
 .data          0x0000f068        0x0 ../lab_crc_bsp/\libhal_bsp.a(altera_avalon_jtag_uart_init.o)
 .data          0x0000f068        0x0 ../lab_crc_bsp/\libhal_bsp.a(altera_avalon_jtag_uart_ioctl.o)
 .data          0x0000f068        0x0 ../lab_crc_bsp/\libhal_bsp.a(altera_avalon_jtag_uart_read.o)
 .data          0x0000f068        0x0 ../lab_crc_bsp/\libhal_bsp.a(altera_avalon_jtag_uart_write.o)
 .data          0x0000f068        0x0 ../lab_crc_bsp/\libhal_bsp.a(altera_avalon_timer_sc.o)
 .data          0x0000f068        0x0 ../lab_crc_bsp/\libhal_bsp.a(altera_avalon_timer_ts.o)
 .data          0x0000f068        0x0 ../lab_crc_bsp/\libhal_bsp.a(altera_avalon_timer_vars.o)
 .data          0x0000f068        0x0 ../lab_crc_bsp/\libhal_bsp.a(alt_alarm_start.o)
 .data          0x0000f068        0x0 ../lab_crc_bsp/\libhal_bsp.a(alt_dcache_flush_all.o)
 .data          0x0000f068        0x0 ../lab_crc_bsp/\libhal_bsp.a(alt_dev_llist_insert.o)
 .data          0x0000f068        0x0 ../lab_crc_bsp/\libhal_bsp.a(alt_do_ctors.o)
 .data          0x0000f068        0x0 ../lab_crc_bsp/\libhal_bsp.a(alt_do_dtors.o)
 .data          0x0000f068        0x0 ../lab_crc_bsp/\libhal_bsp.a(alt_icache_flush_all.o)
 .data          0x0000f068        0x0 ../lab_crc_bsp/\libhal_bsp.a(alt_iic.o)
 .data          0x0000f068        0x0 ../lab_crc_bsp/\libhal_bsp.a(alt_iic_isr_register.o)
 .data          0x0000f068        0x0 ../lab_crc_bsp/\libhal_bsp.a(alt_io_redirect.o)
 .data          0x0000f068        0x0 ../lab_crc_bsp/\libhal_bsp.a(alt_irq_entry.o)
 .data          0x0000f068        0x0 ../lab_crc_bsp/\libhal_bsp.a(alt_irq_handler.o)
 .data          0x0000f068        0x0 ../lab_crc_bsp/\libhal_bsp.a(alt_irq_vars.o)
 .data          0x0000f068        0x0 ../lab_crc_bsp/\libhal_bsp.a(alt_open.o)
 .data          0x0000f068        0x0 ../lab_crc_bsp/\libhal_bsp.a(alt_tick.o)
 .data          0x0000f068        0x0 ../lab_crc_bsp/\libhal_bsp.a(altera_nios2_qsys_irq.o)
 .data          0x0000f068        0x0 ../lab_crc_bsp/\libhal_bsp.a(alt_exception_entry.o)
 .data          0x0000f068        0x0 ../lab_crc_bsp/\libhal_bsp.a(alt_find_dev.o)
 .data          0x0000f068        0x0 ../lab_crc_bsp/\libhal_bsp.a(alt_find_file.o)
 .data          0x0000f068        0x0 ../lab_crc_bsp/\libhal_bsp.a(alt_get_fd.o)
 .data          0x0000f068        0x0 e:/softwares/quartus2/nios2eds/bin/gnu/h-i686-mingw32/bin/../lib/gcc/nios2-elf/4.7.3/../../../../../H-i686-mingw32/nios2-elf/lib/mno-hw-mul\libc.a(lib_a-atexit.o)
 .data          0x0000f068        0x0 e:/softwares/quartus2/nios2eds/bin/gnu/h-i686-mingw32/bin/../lib/gcc/nios2-elf/4.7.3/../../../../../H-i686-mingw32/nios2-elf/lib/mno-hw-mul\libc.a(lib_a-memcmp.o)
 .data          0x0000f068        0x0 e:/softwares/quartus2/nios2eds/bin/gnu/h-i686-mingw32/bin/../lib/gcc/nios2-elf/4.7.3/../../../../../H-i686-mingw32/nios2-elf/lib/mno-hw-mul\libc.a(lib_a-__atexit.o)
                0x00017068                _gp = ABSOLUTE ((. + 0x8000))
                0x00017068                PROVIDE (gp, _gp)
 *(.rwdata .rwdata.*)
 *(.sdata .sdata.* .gnu.linkonce.s.*)
 .sdata         0x0000f068        0x8 e:/softwares/quartus2/nios2eds/bin/gnu/h-i686-mingw32/bin/../lib/gcc/nios2-elf/4.7.3/../../../../../H-i686-mingw32/nios2-elf/lib/mno-hw-mul\libc.a(lib_a-impure.o)
                0x0000f068                _global_impure_ptr
                0x0000f06c                _impure_ptr
 .sdata         0x0000f070        0x4 e:/softwares/quartus2/nios2eds/bin/gnu/h-i686-mingw32/bin/../lib/gcc/nios2-elf/4.7.3/../../../../../H-i686-mingw32/nios2-elf/lib/mno-hw-mul\libc.a(lib_a-locale.o)
                0x0000f070                __mb_cur_max
 .sdata         0x0000f074        0x8 e:/softwares/quartus2/nios2eds/bin/gnu/h-i686-mingw32/bin/../lib/gcc/nios2-elf/4.7.3/../../../../../H-i686-mingw32/nios2-elf/lib/mno-hw-mul\libc.a(lib_a-mallocr.o)
                0x0000f074                __malloc_sbrk_base
                0x0000f078                __malloc_trim_threshold
 .sdata         0x0000f07c       0x14 ../lab_crc_bsp/\libhal_bsp.a(alt_dev.o)
                0x0000f07c                alt_fs_list
                0x0000f084                alt_dev_list
                0x0000f08c                alt_max_fd
 .sdata         0x0000f090        0x4 ../lab_crc_bsp/\libhal_bsp.a(alt_errno.o)
                0x0000f090                alt_errno
 .sdata         0x0000f094        0x4 ../lab_crc_bsp/\libhal_bsp.a(alt_sbrk.o)
 .sdata         0x0000f098        0x4 ../lab_crc_bsp/\libhal_bsp.a(alt_irq_vars.o)
                0x0000f098                alt_priority_mask
 .sdata         0x0000f09c        0x8 ../lab_crc_bsp/\libhal_bsp.a(alt_tick.o)
                0x0000f09c                alt_alarm_list
 *(.sdata2 .sdata2.* .gnu.linkonce.s2.*)
                0x0000f0a4                . = ALIGN (0x4)
                0x0000f0a4                _edata = ABSOLUTE (.)
                0x0000f0a4                PROVIDE (edata, ABSOLUTE (.))
                0x0000f0a4                PROVIDE (__ram_rwdata_end, ABSOLUTE (.))
                0x0000f0a4                PROVIDE (__flash_rwdata_start, LOADADDR (.rwdata))

.bss            0x00010afc     0x26f4
                0x00010afc                __bss_start = ABSOLUTE (.)
                0x00010afc                PROVIDE (__sbss_start, ABSOLUTE (.))
                0x00010afc                PROVIDE (___sbss_start, ABSOLUTE (.))
 *(.dynsbss)
 *(.sbss .sbss.* .gnu.linkonce.sb.*)
 .sbss          0x00010afc        0xc e:/softwares/quartus2/nios2eds/bin/gnu/h-i686-mingw32/bin/../lib/gcc/nios2-elf/4.7.3/../../../../../H-i686-mingw32/nios2-elf/lib/mno-hw-mul\libc.a(lib_a-locale.o)
                0x00010afc                _PathLocale
                0x00010b00                __mlocale_changed
                0x00010b04                __nlocale_changed
 .sbss          0x00010b08        0xc e:/softwares/quartus2/nios2eds/bin/gnu/h-i686-mingw32/bin/../lib/gcc/nios2-elf/4.7.3/../../../../../H-i686-mingw32/nios2-elf/lib/mno-hw-mul\libc.a(lib_a-mallocr.o)
                0x00010b08                __malloc_max_total_mem
                0x00010b0c                __malloc_max_sbrked_mem
                0x00010b10                __malloc_top_pad
 .sbss          0x00010b14        0x4 e:/softwares/quartus2/nios2eds/bin/gnu/h-i686-mingw32/bin/../lib/gcc/nios2-elf/4.7.3/../../../../../H-i686-mingw32/nios2-elf/lib/mno-hw-mul\libc.a(lib_a-int_errno.o)
                0x00010b14                errno
 .sbss          0x00010b18        0xc ../lab_crc_bsp/\libhal_bsp.a(alt_main.o)
                0x00010b18                alt_argc
                0x00010b1c                alt_argv
                0x00010b20                alt_envp
 .sbss          0x00010b24        0x8 ../lab_crc_bsp/\libhal_bsp.a(altera_avalon_timer_vars.o)
                0x00010b24                altera_avalon_timer_ts_base
                0x00010b28                altera_avalon_timer_ts_freq
 .sbss          0x00010b2c        0x4 ../lab_crc_bsp/\libhal_bsp.a(alt_irq_vars.o)
                0x00010b2c                alt_irq_active
 .sbss          0x00010b30        0x8 ../lab_crc_bsp/\libhal_bsp.a(alt_tick.o)
                0x00010b30                _alt_tick_rate
                0x00010b34                _alt_nticks
 *(.sbss2 .sbss2.* .gnu.linkonce.sb2.*)
 *(.scommon)
                0x00010b38                PROVIDE (__sbss_end, ABSOLUTE (.))
                0x00010b38                PROVIDE (___sbss_end, ABSOLUTE (.))
 *(.dynbss)
 *(.bss .bss.* .gnu.linkonce.b.*)
 .bss           0x00010b38        0x0 ../lab_crc_bsp//obj/HAL/src/crt0.o
 .bss           0x00010b38        0x0 obj/default/ci_crc.o
 .bss           0x00010b38        0x0 obj/default/crc.o
 .bss           0x00010b38        0x0 obj/default/crc_main.o
 .bss           0x00010b38        0x0 e:/softwares/quartus2/nios2eds/bin/gnu/h-i686-mingw32/bin/../lib/gcc/nios2-elf/4.7.3/mno-hw-mul\libgcc.a(lib2-divmod.o)
 .bss           0x00010b38        0x0 e:/softwares/quartus2/nios2eds/bin/gnu/h-i686-mingw32/bin/../lib/gcc/nios2-elf/4.7.3/mno-hw-mul\libgcc.a(lib2-mul.o)
 .bss           0x00010b38        0x0 e:/softwares/quartus2/nios2eds/bin/gnu/h-i686-mingw32/bin/../lib/gcc/nios2-elf/4.7.3/../../../../../H-i686-mingw32/nios2-elf/lib/mno-hw-mul\libc.a(lib_a-exit.o)
 .bss           0x00010b38        0x0 e:/softwares/quartus2/nios2eds/bin/gnu/h-i686-mingw32/bin/../lib/gcc/nios2-elf/4.7.3/../../../../../H-i686-mingw32/nios2-elf/lib/mno-hw-mul\libc.a(lib_a-impure.o)
 .bss           0x00010b38        0x0 e:/softwares/quartus2/nios2eds/bin/gnu/h-i686-mingw32/bin/../lib/gcc/nios2-elf/4.7.3/../../../../../H-i686-mingw32/nios2-elf/lib/mno-hw-mul\libc.a(lib_a-printf.o)
 .bss           0x00010b38        0x0 e:/softwares/quartus2/nios2eds/bin/gnu/h-i686-mingw32/bin/../lib/gcc/nios2-elf/4.7.3/../../../../../H-i686-mingw32/nios2-elf/lib/mno-hw-mul\libc.a(lib_a-puts.o)
 .bss           0x00010b38        0x0 e:/softwares/quartus2/nios2eds/bin/gnu/h-i686-mingw32/bin/../lib/gcc/nios2-elf/4.7.3/../../../../../H-i686-mingw32/nios2-elf/lib/mno-hw-mul\libc.a(lib_a-strlen.o)
 .bss           0x00010b38        0x0 e:/softwares/quartus2/nios2eds/bin/gnu/h-i686-mingw32/bin/../lib/gcc/nios2-elf/4.7.3/../../../../../H-i686-mingw32/nios2-elf/lib/mno-hw-mul\libc.a(lib_a-vfprintf.o)
 .bss           0x00010b38        0x0 e:/softwares/quartus2/nios2eds/bin/gnu/h-i686-mingw32/bin/../lib/gcc/nios2-elf/4.7.3/../../../../../H-i686-mingw32/nios2-elf/lib/mno-hw-mul\libc.a(lib_a-wsetup.o)
 .bss           0x00010b38        0x0 e:/softwares/quartus2/nios2eds/bin/gnu/h-i686-mingw32/bin/../lib/gcc/nios2-elf/4.7.3/../../../../../H-i686-mingw32/nios2-elf/lib/mno-hw-mul\libc.a(lib_a-__call_atexit.o)
 .bss           0x00010b38        0x0 e:/softwares/quartus2/nios2eds/bin/gnu/h-i686-mingw32/bin/../lib/gcc/nios2-elf/4.7.3/../../../../../H-i686-mingw32/nios2-elf/lib/mno-hw-mul\libc.a(lib_a-dtoa.o)
 .bss           0x00010b38        0x0 e:/softwares/quartus2/nios2eds/bin/gnu/h-i686-mingw32/bin/../lib/gcc/nios2-elf/4.7.3/../../../../../H-i686-mingw32/nios2-elf/lib/mno-hw-mul\libc.a(lib_a-fflush.o)
 .bss           0x00010b38        0x0 e:/softwares/quartus2/nios2eds/bin/gnu/h-i686-mingw32/bin/../lib/gcc/nios2-elf/4.7.3/../../../../../H-i686-mingw32/nios2-elf/lib/mno-hw-mul\libc.a(lib_a-findfp.o)
 .bss           0x00010b38        0x0 e:/softwares/quartus2/nios2eds/bin/gnu/h-i686-mingw32/bin/../lib/gcc/nios2-elf/4.7.3/../../../../../H-i686-mingw32/nios2-elf/lib/mno-hw-mul\libc.a(lib_a-freer.o)
 .bss           0x00010b38        0x0 e:/softwares/quartus2/nios2eds/bin/gnu/h-i686-mingw32/bin/../lib/gcc/nios2-elf/4.7.3/../../../../../H-i686-mingw32/nios2-elf/lib/mno-hw-mul\libc.a(lib_a-fvwrite.o)
 .bss           0x00010b38        0x0 e:/softwares/quartus2/nios2eds/bin/gnu/h-i686-mingw32/bin/../lib/gcc/nios2-elf/4.7.3/../../../../../H-i686-mingw32/nios2-elf/lib/mno-hw-mul\libc.a(lib_a-fwalk.o)
 .bss           0x00010b38        0x0 e:/softwares/quartus2/nios2eds/bin/gnu/h-i686-mingw32/bin/../lib/gcc/nios2-elf/4.7.3/../../../../../H-i686-mingw32/nios2-elf/lib/mno-hw-mul\libc.a(lib_a-locale.o)
 .bss           0x00010b38        0x0 e:/softwares/quartus2/nios2eds/bin/gnu/h-i686-mingw32/bin/../lib/gcc/nios2-elf/4.7.3/../../../../../H-i686-mingw32/nios2-elf/lib/mno-hw-mul\libc.a(lib_a-makebuf.o)
 .bss           0x00010b38       0x28 e:/softwares/quartus2/nios2eds/bin/gnu/h-i686-mingw32/bin/../lib/gcc/nios2-elf/4.7.3/../../../../../H-i686-mingw32/nios2-elf/lib/mno-hw-mul\libc.a(lib_a-mallocr.o)
                0x00010b38                __malloc_current_mallinfo
 .bss           0x00010b60        0x0 e:/softwares/quartus2/nios2eds/bin/gnu/h-i686-mingw32/bin/../lib/gcc/nios2-elf/4.7.3/../../../../../H-i686-mingw32/nios2-elf/lib/mno-hw-mul\libc.a(lib_a-memchr.o)
 .bss           0x00010b60        0x0 e:/softwares/quartus2/nios2eds/bin/gnu/h-i686-mingw32/bin/../lib/gcc/nios2-elf/4.7.3/../../../../../H-i686-mingw32/nios2-elf/lib/mno-hw-mul\libc.a(lib_a-memcpy.o)
 .bss           0x00010b60        0x0 e:/softwares/quartus2/nios2eds/bin/gnu/h-i686-mingw32/bin/../lib/gcc/nios2-elf/4.7.3/../../../../../H-i686-mingw32/nios2-elf/lib/mno-hw-mul\libc.a(lib_a-memmove.o)
 .bss           0x00010b60        0x0 e:/softwares/quartus2/nios2eds/bin/gnu/h-i686-mingw32/bin/../lib/gcc/nios2-elf/4.7.3/../../../../../H-i686-mingw32/nios2-elf/lib/mno-hw-mul\libc.a(lib_a-memset.o)
 .bss           0x00010b60        0x0 e:/softwares/quartus2/nios2eds/bin/gnu/h-i686-mingw32/bin/../lib/gcc/nios2-elf/4.7.3/../../../../../H-i686-mingw32/nios2-elf/lib/mno-hw-mul\libc.a(lib_a-mprec.o)
 .bss           0x00010b60        0x0 e:/softwares/quartus2/nios2eds/bin/gnu/h-i686-mingw32/bin/../lib/gcc/nios2-elf/4.7.3/../../../../../H-i686-mingw32/nios2-elf/lib/mno-hw-mul\libc.a(lib_a-reallocr.o)
 .bss           0x00010b60        0x0 e:/softwares/quartus2/nios2eds/bin/gnu/h-i686-mingw32/bin/../lib/gcc/nios2-elf/4.7.3/../../../../../H-i686-mingw32/nios2-elf/lib/mno-hw-mul\libc.a(lib_a-s_isinfd.o)
 .bss           0x00010b60        0x0 e:/softwares/quartus2/nios2eds/bin/gnu/h-i686-mingw32/bin/../lib/gcc/nios2-elf/4.7.3/../../../../../H-i686-mingw32/nios2-elf/lib/mno-hw-mul\libc.a(lib_a-s_isnand.o)
 .bss           0x00010b60        0x0 e:/softwares/quartus2/nios2eds/bin/gnu/h-i686-mingw32/bin/../lib/gcc/nios2-elf/4.7.3/../../../../../H-i686-mingw32/nios2-elf/lib/mno-hw-mul\libc.a(lib_a-sbrkr.o)
 .bss           0x00010b60        0x0 e:/softwares/quartus2/nios2eds/bin/gnu/h-i686-mingw32/bin/../lib/gcc/nios2-elf/4.7.3/../../../../../H-i686-mingw32/nios2-elf/lib/mno-hw-mul\libc.a(lib_a-stdio.o)
 .bss           0x00010b60        0x0 e:/softwares/quartus2/nios2eds/bin/gnu/h-i686-mingw32/bin/../lib/gcc/nios2-elf/4.7.3/../../../../../H-i686-mingw32/nios2-elf/lib/mno-hw-mul\libc.a(lib_a-strcmp.o)
 .bss           0x00010b60        0x0 e:/softwares/quartus2/nios2eds/bin/gnu/h-i686-mingw32/bin/../lib/gcc/nios2-elf/4.7.3/../../../../../H-i686-mingw32/nios2-elf/lib/mno-hw-mul\libc.a(lib_a-writer.o)
 .bss           0x00010b60        0x0 e:/softwares/quartus2/nios2eds/bin/gnu/h-i686-mingw32/bin/../lib/gcc/nios2-elf/4.7.3/../../../../../H-i686-mingw32/nios2-elf/lib/mno-hw-mul\libc.a(lib_a-callocr.o)
 .bss           0x00010b60        0x0 e:/softwares/quartus2/nios2eds/bin/gnu/h-i686-mingw32/bin/../lib/gcc/nios2-elf/4.7.3/../../../../../H-i686-mingw32/nios2-elf/lib/mno-hw-mul\libc.a(lib_a-closer.o)
 .bss           0x00010b60        0x0 e:/softwares/quartus2/nios2eds/bin/gnu/h-i686-mingw32/bin/../lib/gcc/nios2-elf/4.7.3/../../../../../H-i686-mingw32/nios2-elf/lib/mno-hw-mul\libc.a(lib_a-fclose.o)
 .bss           0x00010b60        0x0 e:/softwares/quartus2/nios2eds/bin/gnu/h-i686-mingw32/bin/../lib/gcc/nios2-elf/4.7.3/../../../../../H-i686-mingw32/nios2-elf/lib/mno-hw-mul\libc.a(lib_a-fstatr.o)
 .bss           0x00010b60        0x0 e:/softwares/quartus2/nios2eds/bin/gnu/h-i686-mingw32/bin/../lib/gcc/nios2-elf/4.7.3/../../../../../H-i686-mingw32/nios2-elf/lib/mno-hw-mul\libc.a(lib_a-int_errno.o)
 .bss           0x00010b60        0x0 e:/softwares/quartus2/nios2eds/bin/gnu/h-i686-mingw32/bin/../lib/gcc/nios2-elf/4.7.3/../../../../../H-i686-mingw32/nios2-elf/lib/mno-hw-mul\libc.a(lib_a-isattyr.o)
 .bss           0x00010b60        0x0 e:/softwares/quartus2/nios2eds/bin/gnu/h-i686-mingw32/bin/../lib/gcc/nios2-elf/4.7.3/../../../../../H-i686-mingw32/nios2-elf/lib/mno-hw-mul\libc.a(lib_a-lseekr.o)
 .bss           0x00010b60        0x0 e:/softwares/quartus2/nios2eds/bin/gnu/h-i686-mingw32/bin/../lib/gcc/nios2-elf/4.7.3/../../../../../H-i686-mingw32/nios2-elf/lib/mno-hw-mul\libc.a(lib_a-readr.o)
 .bss           0x00010b60        0x0 e:/softwares/quartus2/nios2eds/bin/gnu/h-i686-mingw32/bin/../lib/gcc/nios2-elf/4.7.3/mno-hw-mul\libgcc.a(_udivdi3.o)
 .bss           0x00010b60        0x0 e:/softwares/quartus2/nios2eds/bin/gnu/h-i686-mingw32/bin/../lib/gcc/nios2-elf/4.7.3/mno-hw-mul\libgcc.a(_umoddi3.o)
 .bss           0x00010b60        0x0 e:/softwares/quartus2/nios2eds/bin/gnu/h-i686-mingw32/bin/../lib/gcc/nios2-elf/4.7.3/mno-hw-mul\libgcc.a(_addsub_df.o)
 .bss           0x00010b60        0x0 e:/softwares/quartus2/nios2eds/bin/gnu/h-i686-mingw32/bin/../lib/gcc/nios2-elf/4.7.3/mno-hw-mul\libgcc.a(_mul_df.o)
 .bss           0x00010b60        0x0 e:/softwares/quartus2/nios2eds/bin/gnu/h-i686-mingw32/bin/../lib/gcc/nios2-elf/4.7.3/mno-hw-mul\libgcc.a(_div_df.o)
 .bss           0x00010b60        0x0 e:/softwares/quartus2/nios2eds/bin/gnu/h-i686-mingw32/bin/../lib/gcc/nios2-elf/4.7.3/mno-hw-mul\libgcc.a(_eq_df.o)
 .bss           0x00010b60        0x0 e:/softwares/quartus2/nios2eds/bin/gnu/h-i686-mingw32/bin/../lib/gcc/nios2-elf/4.7.3/mno-hw-mul\libgcc.a(_ne_df.o)
 .bss           0x00010b60        0x0 e:/softwares/quartus2/nios2eds/bin/gnu/h-i686-mingw32/bin/../lib/gcc/nios2-elf/4.7.3/mno-hw-mul\libgcc.a(_gt_df.o)
 .bss           0x00010b60        0x0 e:/softwares/quartus2/nios2eds/bin/gnu/h-i686-mingw32/bin/../lib/gcc/nios2-elf/4.7.3/mno-hw-mul\libgcc.a(_ge_df.o)
 .bss           0x00010b60        0x0 e:/softwares/quartus2/nios2eds/bin/gnu/h-i686-mingw32/bin/../lib/gcc/nios2-elf/4.7.3/mno-hw-mul\libgcc.a(_lt_df.o)
 .bss           0x00010b60        0x0 e:/softwares/quartus2/nios2eds/bin/gnu/h-i686-mingw32/bin/../lib/gcc/nios2-elf/4.7.3/mno-hw-mul\libgcc.a(_si_to_df.o)
 .bss           0x00010b60        0x0 e:/softwares/quartus2/nios2eds/bin/gnu/h-i686-mingw32/bin/../lib/gcc/nios2-elf/4.7.3/mno-hw-mul\libgcc.a(_df_to_si.o)
 .bss           0x00010b60        0x0 e:/softwares/quartus2/nios2eds/bin/gnu/h-i686-mingw32/bin/../lib/gcc/nios2-elf/4.7.3/mno-hw-mul\libgcc.a(_thenan_df.o)
 .bss           0x00010b60        0x0 e:/softwares/quartus2/nios2eds/bin/gnu/h-i686-mingw32/bin/../lib/gcc/nios2-elf/4.7.3/mno-hw-mul\libgcc.a(_usi_to_df.o)
 .bss           0x00010b60        0x0 e:/softwares/quartus2/nios2eds/bin/gnu/h-i686-mingw32/bin/../lib/gcc/nios2-elf/4.7.3/mno-hw-mul\libgcc.a(_muldi3.o)
 .bss           0x00010b60        0x0 e:/softwares/quartus2/nios2eds/bin/gnu/h-i686-mingw32/bin/../lib/gcc/nios2-elf/4.7.3/mno-hw-mul\libgcc.a(_clz.o)
 .bss           0x00010b60        0x0 e:/softwares/quartus2/nios2eds/bin/gnu/h-i686-mingw32/bin/../lib/gcc/nios2-elf/4.7.3/mno-hw-mul\libgcc.a(_clzsi2.o)
 .bss           0x00010b60        0x0 e:/softwares/quartus2/nios2eds/bin/gnu/h-i686-mingw32/bin/../lib/gcc/nios2-elf/4.7.3/mno-hw-mul\libgcc.a(_pack_df.o)
 .bss           0x00010b60        0x0 e:/softwares/quartus2/nios2eds/bin/gnu/h-i686-mingw32/bin/../lib/gcc/nios2-elf/4.7.3/mno-hw-mul\libgcc.a(_unpack_df.o)
 .bss           0x00010b60        0x0 e:/softwares/quartus2/nios2eds/bin/gnu/h-i686-mingw32/bin/../lib/gcc/nios2-elf/4.7.3/mno-hw-mul\libgcc.a(_fpcmp_parts_df.o)
 .bss           0x00010b60        0x0 e:/softwares/quartus2/nios2eds/bin/gnu/h-i686-mingw32/bin/../lib/gcc/nios2-elf/4.7.3/mno-hw-mul\libgcc.a(_lshrdi3.o)
 .bss           0x00010b60        0x0 e:/softwares/quartus2/nios2eds/bin/gnu/h-i686-mingw32/bin/../lib/gcc/nios2-elf/4.7.3/mno-hw-mul\libgcc.a(_ashldi3.o)
 .bss           0x00010b60        0x0 ../lab_crc_bsp/\libhal_bsp.a(alt_close.o)
 .bss           0x00010b60        0x0 ../lab_crc_bsp/\libhal_bsp.a(alt_dev.o)
 .bss           0x00010b60        0x0 ../lab_crc_bsp/\libhal_bsp.a(alt_errno.o)
 .bss           0x00010b60        0x0 ../lab_crc_bsp/\libhal_bsp.a(alt_exit.o)
 .bss           0x00010b60        0x0 ../lab_crc_bsp/\libhal_bsp.a(alt_fstat.o)
 .bss           0x00010b60        0x0 ../lab_crc_bsp/\libhal_bsp.a(alt_isatty.o)
 .bss           0x00010b60        0x0 ../lab_crc_bsp/\libhal_bsp.a(alt_load.o)
 .bss           0x00010b60        0x0 ../lab_crc_bsp/\libhal_bsp.a(alt_lseek.o)
 .bss           0x00010b60        0x0 ../lab_crc_bsp/\libhal_bsp.a(alt_main.o)
 .bss           0x00010b60        0x0 ../lab_crc_bsp/\libhal_bsp.a(alt_malloc_lock.o)
 .bss           0x00010b60        0x0 ../lab_crc_bsp/\libhal_bsp.a(alt_read.o)
 .bss           0x00010b60        0x0 ../lab_crc_bsp/\libhal_bsp.a(alt_release_fd.o)
 .bss           0x00010b60        0x0 ../lab_crc_bsp/\libhal_bsp.a(alt_sbrk.o)
 .bss           0x00010b60        0x0 ../lab_crc_bsp/\libhal_bsp.a(alt_write.o)
 .bss           0x00010b60        0x0 ../lab_crc_bsp/\libhal_bsp.a(alt_sys_init.o)
 .bss           0x00010b60        0x0 ../lab_crc_bsp/\libhal_bsp.a(altera_avalon_jtag_uart_fd.o)
 .bss           0x00010b60        0x0 ../lab_crc_bsp/\libhal_bsp.a(altera_avalon_jtag_uart_init.o)
 .bss           0x00010b60        0x0 ../lab_crc_bsp/\libhal_bsp.a(altera_avalon_jtag_uart_ioctl.o)
 .bss           0x00010b60        0x0 ../lab_crc_bsp/\libhal_bsp.a(altera_avalon_jtag_uart_read.o)
 .bss           0x00010b60        0x0 ../lab_crc_bsp/\libhal_bsp.a(altera_avalon_jtag_uart_write.o)
 .bss           0x00010b60        0x0 ../lab_crc_bsp/\libhal_bsp.a(altera_avalon_timer_sc.o)
 .bss           0x00010b60        0x0 ../lab_crc_bsp/\libhal_bsp.a(altera_avalon_timer_ts.o)
 .bss           0x00010b60        0x0 ../lab_crc_bsp/\libhal_bsp.a(altera_avalon_timer_vars.o)
 .bss           0x00010b60        0x0 ../lab_crc_bsp/\libhal_bsp.a(alt_alarm_start.o)
 .bss           0x00010b60        0x0 ../lab_crc_bsp/\libhal_bsp.a(alt_dcache_flush_all.o)
 .bss           0x00010b60        0x0 ../lab_crc_bsp/\libhal_bsp.a(alt_dev_llist_insert.o)
 .bss           0x00010b60        0x0 ../lab_crc_bsp/\libhal_bsp.a(alt_do_ctors.o)
 .bss           0x00010b60        0x0 ../lab_crc_bsp/\libhal_bsp.a(alt_do_dtors.o)
 .bss           0x00010b60        0x0 ../lab_crc_bsp/\libhal_bsp.a(alt_icache_flush_all.o)
 .bss           0x00010b60        0x0 ../lab_crc_bsp/\libhal_bsp.a(alt_iic.o)
 .bss           0x00010b60        0x0 ../lab_crc_bsp/\libhal_bsp.a(alt_iic_isr_register.o)
 .bss           0x00010b60        0x0 ../lab_crc_bsp/\libhal_bsp.a(alt_io_redirect.o)
 .bss           0x00010b60        0x0 ../lab_crc_bsp/\libhal_bsp.a(alt_irq_entry.o)
 .bss           0x00010b60        0x0 ../lab_crc_bsp/\libhal_bsp.a(alt_irq_handler.o)
 .bss           0x00010b60        0x0 ../lab_crc_bsp/\libhal_bsp.a(alt_irq_vars.o)
 .bss           0x00010b60        0x0 ../lab_crc_bsp/\libhal_bsp.a(alt_open.o)
 .bss           0x00010b60        0x0 ../lab_crc_bsp/\libhal_bsp.a(alt_tick.o)
 .bss           0x00010b60        0x0 ../lab_crc_bsp/\libhal_bsp.a(altera_nios2_qsys_irq.o)
 .bss           0x00010b60        0x0 ../lab_crc_bsp/\libhal_bsp.a(alt_exception_entry.o)
 .bss           0x00010b60        0x0 ../lab_crc_bsp/\libhal_bsp.a(alt_find_dev.o)
 .bss           0x00010b60        0x0 ../lab_crc_bsp/\libhal_bsp.a(alt_find_file.o)
 .bss           0x00010b60        0x0 ../lab_crc_bsp/\libhal_bsp.a(alt_get_fd.o)
 .bss           0x00010b60        0x0 e:/softwares/quartus2/nios2eds/bin/gnu/h-i686-mingw32/bin/../lib/gcc/nios2-elf/4.7.3/../../../../../H-i686-mingw32/nios2-elf/lib/mno-hw-mul\libc.a(lib_a-atexit.o)
 .bss           0x00010b60        0x0 e:/softwares/quartus2/nios2eds/bin/gnu/h-i686-mingw32/bin/../lib/gcc/nios2-elf/4.7.3/../../../../../H-i686-mingw32/nios2-elf/lib/mno-hw-mul\libc.a(lib_a-memcmp.o)
 .bss           0x00010b60        0x0 e:/softwares/quartus2/nios2eds/bin/gnu/h-i686-mingw32/bin/../lib/gcc/nios2-elf/4.7.3/../../../../../H-i686-mingw32/nios2-elf/lib/mno-hw-mul\libc.a(lib_a-__atexit.o)
 *(COMMON)
 COMMON         0x00010b60      0x400 obj/default/crc.o
                0x00010b60                crcTable
 COMMON         0x00010f60     0x2000 obj/default/crc_main.o
                0x00010f60                data_buffer_region
 COMMON         0x00012f60      0x100 ../lab_crc_bsp/\libhal_bsp.a(alt_irq_handler.o)
                0x00012f60                alt_irq
 COMMON         0x00013060      0x190 e:/softwares/quartus2/nios2eds/bin/gnu/h-i686-mingw32/bin/../lib/gcc/nios2-elf/4.7.3/../../../../../H-i686-mingw32/nios2-elf/lib/mno-hw-mul\libc.a(lib_a-atexit.o)
                0x00013060                _atexit0
                0x000131f0                . = ALIGN (0x4)
                0x000131f0                __bss_end = ABSOLUTE (.)

.sdram_controller
                0x000131f0        0x0
                0x000131f0                PROVIDE (_alt_partition_sdram_controller_start, ABSOLUTE (.))
 *(.sdram_controller .sdram_controller. sdram_controller.*)
                0x000131f0                . = ALIGN (0x4)
                0x000131f0                PROVIDE (_alt_partition_sdram_controller_end, ABSOLUTE (.))
                0x000131f0                _end = ABSOLUTE (.)
                0x000131f0                end = ABSOLUTE (.)
                0x000131f0                __alt_stack_base = ABSOLUTE (.)
                0x000131f0                PROVIDE (_alt_partition_sdram_controller_load_addr, LOADADDR (.sdram_controller))

.stab
 *(.stab)

.stabstr
 *(.stabstr)

.stab.excl
 *(.stab.excl)

.stab.exclstr
 *(.stab.exclstr)

.stab.index
 *(.stab.index)

.stab.indexstr
 *(.stab.indexstr)

.comment        0x00000000       0x23
 *(.comment)
 .comment       0x00000000       0x23 obj/default/ci_crc.o
                                 0x24 (size before relaxing)
 .comment       0x00000000       0x24 obj/default/crc.o
 .comment       0x00000000       0x24 obj/default/crc_main.o
 .comment       0x00000000       0x24 e:/softwares/quartus2/nios2eds/bin/gnu/h-i686-mingw32/bin/../lib/gcc/nios2-elf/4.7.3/mno-hw-mul\libgcc.a(lib2-divmod.o)
 .comment       0x00000000       0x24 e:/softwares/quartus2/nios2eds/bin/gnu/h-i686-mingw32/bin/../lib/gcc/nios2-elf/4.7.3/mno-hw-mul\libgcc.a(lib2-mul.o)
 .comment       0x00000000       0x24 e:/softwares/quartus2/nios2eds/bin/gnu/h-i686-mingw32/bin/../lib/gcc/nios2-elf/4.7.3/../../../../../H-i686-mingw32/nios2-elf/lib/mno-hw-mul\libc.a(lib_a-exit.o)
 .comment       0x00000000       0x24 e:/softwares/quartus2/nios2eds/bin/gnu/h-i686-mingw32/bin/../lib/gcc/nios2-elf/4.7.3/../../../../../H-i686-mingw32/nios2-elf/lib/mno-hw-mul\libc.a(lib_a-impure.o)
 .comment       0x00000000       0x24 e:/softwares/quartus2/nios2eds/bin/gnu/h-i686-mingw32/bin/../lib/gcc/nios2-elf/4.7.3/../../../../../H-i686-mingw32/nios2-elf/lib/mno-hw-mul\libc.a(lib_a-printf.o)
 .comment       0x00000000       0x24 e:/softwares/quartus2/nios2eds/bin/gnu/h-i686-mingw32/bin/../lib/gcc/nios2-elf/4.7.3/../../../../../H-i686-mingw32/nios2-elf/lib/mno-hw-mul\libc.a(lib_a-puts.o)
 .comment       0x00000000       0x24 e:/softwares/quartus2/nios2eds/bin/gnu/h-i686-mingw32/bin/../lib/gcc/nios2-elf/4.7.3/../../../../../H-i686-mingw32/nios2-elf/lib/mno-hw-mul\libc.a(lib_a-strlen.o)
 .comment       0x00000000       0x24 e:/softwares/quartus2/nios2eds/bin/gnu/h-i686-mingw32/bin/../lib/gcc/nios2-elf/4.7.3/../../../../../H-i686-mingw32/nios2-elf/lib/mno-hw-mul\libc.a(lib_a-vfprintf.o)
 .comment       0x00000000       0x24 e:/softwares/quartus2/nios2eds/bin/gnu/h-i686-mingw32/bin/../lib/gcc/nios2-elf/4.7.3/../../../../../H-i686-mingw32/nios2-elf/lib/mno-hw-mul\libc.a(lib_a-wsetup.o)
 .comment       0x00000000       0x24 e:/softwares/quartus2/nios2eds/bin/gnu/h-i686-mingw32/bin/../lib/gcc/nios2-elf/4.7.3/../../../../../H-i686-mingw32/nios2-elf/lib/mno-hw-mul\libc.a(lib_a-__call_atexit.o)
 .comment       0x00000000       0x24 e:/softwares/quartus2/nios2eds/bin/gnu/h-i686-mingw32/bin/../lib/gcc/nios2-elf/4.7.3/../../../../../H-i686-mingw32/nios2-elf/lib/mno-hw-mul\libc.a(lib_a-dtoa.o)
 .comment       0x00000000       0x24 e:/softwares/quartus2/nios2eds/bin/gnu/h-i686-mingw32/bin/../lib/gcc/nios2-elf/4.7.3/../../../../../H-i686-mingw32/nios2-elf/lib/mno-hw-mul\libc.a(lib_a-fflush.o)
 .comment       0x00000000       0x24 e:/softwares/quartus2/nios2eds/bin/gnu/h-i686-mingw32/bin/../lib/gcc/nios2-elf/4.7.3/../../../../../H-i686-mingw32/nios2-elf/lib/mno-hw-mul\libc.a(lib_a-findfp.o)
 .comment       0x00000000       0x24 e:/softwares/quartus2/nios2eds/bin/gnu/h-i686-mingw32/bin/../lib/gcc/nios2-elf/4.7.3/../../../../../H-i686-mingw32/nios2-elf/lib/mno-hw-mul\libc.a(lib_a-freer.o)
 .comment       0x00000000       0x24 e:/softwares/quartus2/nios2eds/bin/gnu/h-i686-mingw32/bin/../lib/gcc/nios2-elf/4.7.3/../../../../../H-i686-mingw32/nios2-elf/lib/mno-hw-mul\libc.a(lib_a-fvwrite.o)
 .comment       0x00000000       0x24 e:/softwares/quartus2/nios2eds/bin/gnu/h-i686-mingw32/bin/../lib/gcc/nios2-elf/4.7.3/../../../../../H-i686-mingw32/nios2-elf/lib/mno-hw-mul\libc.a(lib_a-fwalk.o)
 .comment       0x00000000       0x24 e:/softwares/quartus2/nios2eds/bin/gnu/h-i686-mingw32/bin/../lib/gcc/nios2-elf/4.7.3/../../../../../H-i686-mingw32/nios2-elf/lib/mno-hw-mul\libc.a(lib_a-locale.o)
 .comment       0x00000000       0x24 e:/softwares/quartus2/nios2eds/bin/gnu/h-i686-mingw32/bin/../lib/gcc/nios2-elf/4.7.3/../../../../../H-i686-mingw32/nios2-elf/lib/mno-hw-mul\libc.a(lib_a-makebuf.o)
 .comment       0x00000000       0x24 e:/softwares/quartus2/nios2eds/bin/gnu/h-i686-mingw32/bin/../lib/gcc/nios2-elf/4.7.3/../../../../../H-i686-mingw32/nios2-elf/lib/mno-hw-mul\libc.a(lib_a-mallocr.o)
 .comment       0x00000000       0x24 e:/softwares/quartus2/nios2eds/bin/gnu/h-i686-mingw32/bin/../lib/gcc/nios2-elf/4.7.3/../../../../../H-i686-mingw32/nios2-elf/lib/mno-hw-mul\libc.a(lib_a-memchr.o)
 .comment       0x00000000       0x24 e:/softwares/quartus2/nios2eds/bin/gnu/h-i686-mingw32/bin/../lib/gcc/nios2-elf/4.7.3/../../../../../H-i686-mingw32/nios2-elf/lib/mno-hw-mul\libc.a(lib_a-memcpy.o)
 .comment       0x00000000       0x24 e:/softwares/quartus2/nios2eds/bin/gnu/h-i686-mingw32/bin/../lib/gcc/nios2-elf/4.7.3/../../../../../H-i686-mingw32/nios2-elf/lib/mno-hw-mul\libc.a(lib_a-memmove.o)
 .comment       0x00000000       0x24 e:/softwares/quartus2/nios2eds/bin/gnu/h-i686-mingw32/bin/../lib/gcc/nios2-elf/4.7.3/../../../../../H-i686-mingw32/nios2-elf/lib/mno-hw-mul\libc.a(lib_a-memset.o)
 .comment       0x00000000       0x24 e:/softwares/quartus2/nios2eds/bin/gnu/h-i686-mingw32/bin/../lib/gcc/nios2-elf/4.7.3/../../../../../H-i686-mingw32/nios2-elf/lib/mno-hw-mul\libc.a(lib_a-mprec.o)
 .comment       0x00000000       0x24 e:/softwares/quartus2/nios2eds/bin/gnu/h-i686-mingw32/bin/../lib/gcc/nios2-elf/4.7.3/../../../../../H-i686-mingw32/nios2-elf/lib/mno-hw-mul\libc.a(lib_a-reallocr.o)
 .comment       0x00000000       0x24 e:/softwares/quartus2/nios2eds/bin/gnu/h-i686-mingw32/bin/../lib/gcc/nios2-elf/4.7.3/../../../../../H-i686-mingw32/nios2-elf/lib/mno-hw-mul\libc.a(lib_a-s_isinfd.o)
 .comment       0x00000000       0x24 e:/softwares/quartus2/nios2eds/bin/gnu/h-i686-mingw32/bin/../lib/gcc/nios2-elf/4.7.3/../../../../../H-i686-mingw32/nios2-elf/lib/mno-hw-mul\libc.a(lib_a-s_isnand.o)
 .comment       0x00000000       0x24 e:/softwares/quartus2/nios2eds/bin/gnu/h-i686-mingw32/bin/../lib/gcc/nios2-elf/4.7.3/../../../../../H-i686-mingw32/nios2-elf/lib/mno-hw-mul\libc.a(lib_a-sbrkr.o)
 .comment       0x00000000       0x24 e:/softwares/quartus2/nios2eds/bin/gnu/h-i686-mingw32/bin/../lib/gcc/nios2-elf/4.7.3/../../../../../H-i686-mingw32/nios2-elf/lib/mno-hw-mul\libc.a(lib_a-stdio.o)
 .comment       0x00000000       0x24 e:/softwares/quartus2/nios2eds/bin/gnu/h-i686-mingw32/bin/../lib/gcc/nios2-elf/4.7.3/../../../../../H-i686-mingw32/nios2-elf/lib/mno-hw-mul\libc.a(lib_a-strcmp.o)
 .comment       0x00000000       0x24 e:/softwares/quartus2/nios2eds/bin/gnu/h-i686-mingw32/bin/../lib/gcc/nios2-elf/4.7.3/../../../../../H-i686-mingw32/nios2-elf/lib/mno-hw-mul\libc.a(lib_a-writer.o)
 .comment       0x00000000       0x24 e:/softwares/quartus2/nios2eds/bin/gnu/h-i686-mingw32/bin/../lib/gcc/nios2-elf/4.7.3/../../../../../H-i686-mingw32/nios2-elf/lib/mno-hw-mul\libc.a(lib_a-callocr.o)
 .comment       0x00000000       0x24 e:/softwares/quartus2/nios2eds/bin/gnu/h-i686-mingw32/bin/../lib/gcc/nios2-elf/4.7.3/../../../../../H-i686-mingw32/nios2-elf/lib/mno-hw-mul\libc.a(lib_a-closer.o)
 .comment       0x00000000       0x24 e:/softwares/quartus2/nios2eds/bin/gnu/h-i686-mingw32/bin/../lib/gcc/nios2-elf/4.7.3/../../../../../H-i686-mingw32/nios2-elf/lib/mno-hw-mul\libc.a(lib_a-fclose.o)
 .comment       0x00000000       0x24 e:/softwares/quartus2/nios2eds/bin/gnu/h-i686-mingw32/bin/../lib/gcc/nios2-elf/4.7.3/../../../../../H-i686-mingw32/nios2-elf/lib/mno-hw-mul\libc.a(lib_a-fstatr.o)
 .comment       0x00000000       0x24 e:/softwares/quartus2/nios2eds/bin/gnu/h-i686-mingw32/bin/../lib/gcc/nios2-elf/4.7.3/../../../../../H-i686-mingw32/nios2-elf/lib/mno-hw-mul\libc.a(lib_a-int_errno.o)
 .comment       0x00000000       0x24 e:/softwares/quartus2/nios2eds/bin/gnu/h-i686-mingw32/bin/../lib/gcc/nios2-elf/4.7.3/../../../../../H-i686-mingw32/nios2-elf/lib/mno-hw-mul\libc.a(lib_a-isattyr.o)
 .comment       0x00000000       0x24 e:/softwares/quartus2/nios2eds/bin/gnu/h-i686-mingw32/bin/../lib/gcc/nios2-elf/4.7.3/../../../../../H-i686-mingw32/nios2-elf/lib/mno-hw-mul\libc.a(lib_a-lseekr.o)
 .comment       0x00000000       0x24 e:/softwares/quartus2/nios2eds/bin/gnu/h-i686-mingw32/bin/../lib/gcc/nios2-elf/4.7.3/../../../../../H-i686-mingw32/nios2-elf/lib/mno-hw-mul\libc.a(lib_a-readr.o)
 .comment       0x00000000       0x24 e:/softwares/quartus2/nios2eds/bin/gnu/h-i686-mingw32/bin/../lib/gcc/nios2-elf/4.7.3/mno-hw-mul\libgcc.a(_udivdi3.o)
 .comment       0x00000000       0x24 e:/softwares/quartus2/nios2eds/bin/gnu/h-i686-mingw32/bin/../lib/gcc/nios2-elf/4.7.3/mno-hw-mul\libgcc.a(_umoddi3.o)
 .comment       0x00000000       0x24 e:/softwares/quartus2/nios2eds/bin/gnu/h-i686-mingw32/bin/../lib/gcc/nios2-elf/4.7.3/mno-hw-mul\libgcc.a(_addsub_df.o)
 .comment       0x00000000       0x24 e:/softwares/quartus2/nios2eds/bin/gnu/h-i686-mingw32/bin/../lib/gcc/nios2-elf/4.7.3/mno-hw-mul\libgcc.a(_mul_df.o)
 .comment       0x00000000       0x24 e:/softwares/quartus2/nios2eds/bin/gnu/h-i686-mingw32/bin/../lib/gcc/nios2-elf/4.7.3/mno-hw-mul\libgcc.a(_div_df.o)
 .comment       0x00000000       0x24 e:/softwares/quartus2/nios2eds/bin/gnu/h-i686-mingw32/bin/../lib/gcc/nios2-elf/4.7.3/mno-hw-mul\libgcc.a(_eq_df.o)
 .comment       0x00000000       0x24 e:/softwares/quartus2/nios2eds/bin/gnu/h-i686-mingw32/bin/../lib/gcc/nios2-elf/4.7.3/mno-hw-mul\libgcc.a(_ne_df.o)
 .comment       0x00000000       0x24 e:/softwares/quartus2/nios2eds/bin/gnu/h-i686-mingw32/bin/../lib/gcc/nios2-elf/4.7.3/mno-hw-mul\libgcc.a(_gt_df.o)
 .comment       0x00000000       0x24 e:/softwares/quartus2/nios2eds/bin/gnu/h-i686-mingw32/bin/../lib/gcc/nios2-elf/4.7.3/mno-hw-mul\libgcc.a(_ge_df.o)
 .comment       0x00000000       0x24 e:/softwares/quartus2/nios2eds/bin/gnu/h-i686-mingw32/bin/../lib/gcc/nios2-elf/4.7.3/mno-hw-mul\libgcc.a(_lt_df.o)
 .comment       0x00000000       0x24 e:/softwares/quartus2/nios2eds/bin/gnu/h-i686-mingw32/bin/../lib/gcc/nios2-elf/4.7.3/mno-hw-mul\libgcc.a(_si_to_df.o)
 .comment       0x00000000       0x24 e:/softwares/quartus2/nios2eds/bin/gnu/h-i686-mingw32/bin/../lib/gcc/nios2-elf/4.7.3/mno-hw-mul\libgcc.a(_df_to_si.o)
 .comment       0x00000000       0x24 e:/softwares/quartus2/nios2eds/bin/gnu/h-i686-mingw32/bin/../lib/gcc/nios2-elf/4.7.3/mno-hw-mul\libgcc.a(_thenan_df.o)
 .comment       0x00000000       0x24 e:/softwares/quartus2/nios2eds/bin/gnu/h-i686-mingw32/bin/../lib/gcc/nios2-elf/4.7.3/mno-hw-mul\libgcc.a(_usi_to_df.o)
 .comment       0x00000000       0x24 e:/softwares/quartus2/nios2eds/bin/gnu/h-i686-mingw32/bin/../lib/gcc/nios2-elf/4.7.3/mno-hw-mul\libgcc.a(_muldi3.o)
 .comment       0x00000000       0x24 e:/softwares/quartus2/nios2eds/bin/gnu/h-i686-mingw32/bin/../lib/gcc/nios2-elf/4.7.3/mno-hw-mul\libgcc.a(_clz.o)
 .comment       0x00000000       0x24 e:/softwares/quartus2/nios2eds/bin/gnu/h-i686-mingw32/bin/../lib/gcc/nios2-elf/4.7.3/mno-hw-mul\libgcc.a(_clzsi2.o)
 .comment       0x00000000       0x24 e:/softwares/quartus2/nios2eds/bin/gnu/h-i686-mingw32/bin/../lib/gcc/nios2-elf/4.7.3/mno-hw-mul\libgcc.a(_pack_df.o)
 .comment       0x00000000       0x24 e:/softwares/quartus2/nios2eds/bin/gnu/h-i686-mingw32/bin/../lib/gcc/nios2-elf/4.7.3/mno-hw-mul\libgcc.a(_unpack_df.o)
 .comment       0x00000000       0x24 e:/softwares/quartus2/nios2eds/bin/gnu/h-i686-mingw32/bin/../lib/gcc/nios2-elf/4.7.3/mno-hw-mul\libgcc.a(_fpcmp_parts_df.o)
 .comment       0x00000000       0x24 e:/softwares/quartus2/nios2eds/bin/gnu/h-i686-mingw32/bin/../lib/gcc/nios2-elf/4.7.3/mno-hw-mul\libgcc.a(_lshrdi3.o)
 .comment       0x00000000       0x24 e:/softwares/quartus2/nios2eds/bin/gnu/h-i686-mingw32/bin/../lib/gcc/nios2-elf/4.7.3/mno-hw-mul\libgcc.a(_ashldi3.o)
 .comment       0x00000000       0x24 ../lab_crc_bsp/\libhal_bsp.a(alt_close.o)
 .comment       0x00000000       0x24 ../lab_crc_bsp/\libhal_bsp.a(alt_dev.o)
 .comment       0x00000000       0x24 ../lab_crc_bsp/\libhal_bsp.a(alt_errno.o)
 .comment       0x00000000       0x24 ../lab_crc_bsp/\libhal_bsp.a(alt_exit.o)
 .comment       0x00000000       0x24 ../lab_crc_bsp/\libhal_bsp.a(alt_fstat.o)
 .comment       0x00000000       0x24 ../lab_crc_bsp/\libhal_bsp.a(alt_isatty.o)
 .comment       0x00000000       0x24 ../lab_crc_bsp/\libhal_bsp.a(alt_load.o)
 .comment       0x00000000       0x24 ../lab_crc_bsp/\libhal_bsp.a(alt_lseek.o)
 .comment       0x00000000       0x24 ../lab_crc_bsp/\libhal_bsp.a(alt_main.o)
 .comment       0x00000000       0x24 ../lab_crc_bsp/\libhal_bsp.a(alt_malloc_lock.o)
 .comment       0x00000000       0x24 ../lab_crc_bsp/\libhal_bsp.a(alt_read.o)
 .comment       0x00000000       0x24 ../lab_crc_bsp/\libhal_bsp.a(alt_release_fd.o)
 .comment       0x00000000       0x24 ../lab_crc_bsp/\libhal_bsp.a(alt_sbrk.o)
 .comment       0x00000000       0x24 ../lab_crc_bsp/\libhal_bsp.a(alt_write.o)
 .comment       0x00000000       0x24 ../lab_crc_bsp/\libhal_bsp.a(alt_sys_init.o)
 .comment       0x00000000       0x24 ../lab_crc_bsp/\libhal_bsp.a(altera_avalon_jtag_uart_fd.o)
 .comment       0x00000000       0x24 ../lab_crc_bsp/\libhal_bsp.a(altera_avalon_jtag_uart_init.o)
 .comment       0x00000000       0x24 ../lab_crc_bsp/\libhal_bsp.a(altera_avalon_jtag_uart_ioctl.o)
 .comment       0x00000000       0x24 ../lab_crc_bsp/\libhal_bsp.a(altera_avalon_jtag_uart_read.o)
 .comment       0x00000000       0x24 ../lab_crc_bsp/\libhal_bsp.a(altera_avalon_jtag_uart_write.o)
 .comment       0x00000000       0x24 ../lab_crc_bsp/\libhal_bsp.a(altera_avalon_timer_sc.o)
 .comment       0x00000000       0x24 ../lab_crc_bsp/\libhal_bsp.a(altera_avalon_timer_ts.o)
 .comment       0x00000000       0x24 ../lab_crc_bsp/\libhal_bsp.a(altera_avalon_timer_vars.o)
 .comment       0x00000000       0x24 ../lab_crc_bsp/\libhal_bsp.a(alt_alarm_start.o)
 .comment       0x00000000       0x24 ../lab_crc_bsp/\libhal_bsp.a(alt_dcache_flush_all.o)
 .comment       0x00000000       0x24 ../lab_crc_bsp/\libhal_bsp.a(alt_dev_llist_insert.o)
 .comment       0x00000000       0x24 ../lab_crc_bsp/\libhal_bsp.a(alt_do_ctors.o)
 .comment       0x00000000       0x24 ../lab_crc_bsp/\libhal_bsp.a(alt_do_dtors.o)
 .comment       0x00000000       0x24 ../lab_crc_bsp/\libhal_bsp.a(alt_icache_flush_all.o)
 .comment       0x00000000       0x24 ../lab_crc_bsp/\libhal_bsp.a(alt_iic.o)
 .comment       0x00000000       0x24 ../lab_crc_bsp/\libhal_bsp.a(alt_iic_isr_register.o)
 .comment       0x00000000       0x24 ../lab_crc_bsp/\libhal_bsp.a(alt_io_redirect.o)
 .comment       0x00000000       0x24 ../lab_crc_bsp/\libhal_bsp.a(alt_irq_handler.o)
 .comment       0x00000000       0x24 ../lab_crc_bsp/\libhal_bsp.a(alt_irq_vars.o)
 .comment       0x00000000       0x24 ../lab_crc_bsp/\libhal_bsp.a(alt_open.o)
 .comment       0x00000000       0x24 ../lab_crc_bsp/\libhal_bsp.a(alt_tick.o)
 .comment       0x00000000       0x24 ../lab_crc_bsp/\libhal_bsp.a(altera_nios2_qsys_irq.o)
 .comment       0x00000000       0x24 ../lab_crc_bsp/\libhal_bsp.a(alt_find_dev.o)
 .comment       0x00000000       0x24 ../lab_crc_bsp/\libhal_bsp.a(alt_find_file.o)
 .comment       0x00000000       0x24 ../lab_crc_bsp/\libhal_bsp.a(alt_get_fd.o)
 .comment       0x00000000       0x24 e:/softwares/quartus2/nios2eds/bin/gnu/h-i686-mingw32/bin/../lib/gcc/nios2-elf/4.7.3/../../../../../H-i686-mingw32/nios2-elf/lib/mno-hw-mul\libc.a(lib_a-atexit.o)
 .comment       0x00000000       0x24 e:/softwares/quartus2/nios2eds/bin/gnu/h-i686-mingw32/bin/../lib/gcc/nios2-elf/4.7.3/../../../../../H-i686-mingw32/nios2-elf/lib/mno-hw-mul\libc.a(lib_a-memcmp.o)
 .comment       0x00000000       0x24 e:/softwares/quartus2/nios2eds/bin/gnu/h-i686-mingw32/bin/../lib/gcc/nios2-elf/4.7.3/../../../../../H-i686-mingw32/nios2-elf/lib/mno-hw-mul\libc.a(lib_a-__atexit.o)

.debug
 *(.debug)

.line
 *(.line)

.debug_srcinfo
 *(.debug_srcinfo)

.debug_sfnames
 *(.debug_sfnames)

.debug_aranges  0x00000000      0xdb8
 *(.debug_aranges)
 .debug_aranges
                0x00000000       0x28 ../lab_crc_bsp//obj/HAL/src/crt0.o
 .debug_aranges
                0x00000028       0x20 obj/default/ci_crc.o
 .debug_aranges
                0x00000048       0x20 obj/default/crc.o
 .debug_aranges
                0x00000068       0x20 obj/default/crc_main.o
 .debug_aranges
                0x00000088       0x20 e:/softwares/quartus2/nios2eds/bin/gnu/h-i686-mingw32/bin/../lib/gcc/nios2-elf/4.7.3/mno-hw-mul\libgcc.a(lib2-divmod.o)
 .debug_aranges
                0x000000a8       0x20 e:/softwares/quartus2/nios2eds/bin/gnu/h-i686-mingw32/bin/../lib/gcc/nios2-elf/4.7.3/mno-hw-mul\libgcc.a(lib2-mul.o)
 .debug_aranges
                0x000000c8       0x20 e:/softwares/quartus2/nios2eds/bin/gnu/h-i686-mingw32/bin/../lib/gcc/nios2-elf/4.7.3/../../../../../H-i686-mingw32/nios2-elf/lib/mno-hw-mul\libc.a(lib_a-exit.o)
 .debug_aranges
                0x000000e8       0x18 e:/softwares/quartus2/nios2eds/bin/gnu/h-i686-mingw32/bin/../lib/gcc/nios2-elf/4.7.3/../../../../../H-i686-mingw32/nios2-elf/lib/mno-hw-mul\libc.a(lib_a-impure.o)
 .debug_aranges
                0x00000100       0x20 e:/softwares/quartus2/nios2eds/bin/gnu/h-i686-mingw32/bin/../lib/gcc/nios2-elf/4.7.3/../../../../../H-i686-mingw32/nios2-elf/lib/mno-hw-mul\libc.a(lib_a-printf.o)
 .debug_aranges
                0x00000120       0x20 e:/softwares/quartus2/nios2eds/bin/gnu/h-i686-mingw32/bin/../lib/gcc/nios2-elf/4.7.3/../../../../../H-i686-mingw32/nios2-elf/lib/mno-hw-mul\libc.a(lib_a-puts.o)
 .debug_aranges
                0x00000140       0x20 e:/softwares/quartus2/nios2eds/bin/gnu/h-i686-mingw32/bin/../lib/gcc/nios2-elf/4.7.3/../../../../../H-i686-mingw32/nios2-elf/lib/mno-hw-mul\libc.a(lib_a-strlen.o)
 .debug_aranges
                0x00000160       0x20 e:/softwares/quartus2/nios2eds/bin/gnu/h-i686-mingw32/bin/../lib/gcc/nios2-elf/4.7.3/../../../../../H-i686-mingw32/nios2-elf/lib/mno-hw-mul\libc.a(lib_a-vfprintf.o)
 .debug_aranges
                0x00000180       0x20 e:/softwares/quartus2/nios2eds/bin/gnu/h-i686-mingw32/bin/../lib/gcc/nios2-elf/4.7.3/../../../../../H-i686-mingw32/nios2-elf/lib/mno-hw-mul\libc.a(lib_a-wsetup.o)
 .debug_aranges
                0x000001a0       0x20 e:/softwares/quartus2/nios2eds/bin/gnu/h-i686-mingw32/bin/../lib/gcc/nios2-elf/4.7.3/../../../../../H-i686-mingw32/nios2-elf/lib/mno-hw-mul\libc.a(lib_a-__call_atexit.o)
 .debug_aranges
                0x000001c0       0x20 e:/softwares/quartus2/nios2eds/bin/gnu/h-i686-mingw32/bin/../lib/gcc/nios2-elf/4.7.3/../../../../../H-i686-mingw32/nios2-elf/lib/mno-hw-mul\libc.a(lib_a-dtoa.o)
 .debug_aranges
                0x000001e0       0x20 e:/softwares/quartus2/nios2eds/bin/gnu/h-i686-mingw32/bin/../lib/gcc/nios2-elf/4.7.3/../../../../../H-i686-mingw32/nios2-elf/lib/mno-hw-mul\libc.a(lib_a-fflush.o)
 .debug_aranges
                0x00000200       0x20 e:/softwares/quartus2/nios2eds/bin/gnu/h-i686-mingw32/bin/../lib/gcc/nios2-elf/4.7.3/../../../../../H-i686-mingw32/nios2-elf/lib/mno-hw-mul\libc.a(lib_a-findfp.o)
 .debug_aranges
                0x00000220       0x20 e:/softwares/quartus2/nios2eds/bin/gnu/h-i686-mingw32/bin/../lib/gcc/nios2-elf/4.7.3/../../../../../H-i686-mingw32/nios2-elf/lib/mno-hw-mul\libc.a(lib_a-freer.o)
 .debug_aranges
                0x00000240       0x20 e:/softwares/quartus2/nios2eds/bin/gnu/h-i686-mingw32/bin/../lib/gcc/nios2-elf/4.7.3/../../../../../H-i686-mingw32/nios2-elf/lib/mno-hw-mul\libc.a(lib_a-fvwrite.o)
 .debug_aranges
                0x00000260       0x20 e:/softwares/quartus2/nios2eds/bin/gnu/h-i686-mingw32/bin/../lib/gcc/nios2-elf/4.7.3/../../../../../H-i686-mingw32/nios2-elf/lib/mno-hw-mul\libc.a(lib_a-fwalk.o)
 .debug_aranges
                0x00000280       0x20 e:/softwares/quartus2/nios2eds/bin/gnu/h-i686-mingw32/bin/../lib/gcc/nios2-elf/4.7.3/../../../../../H-i686-mingw32/nios2-elf/lib/mno-hw-mul\libc.a(lib_a-locale.o)
 .debug_aranges
                0x000002a0       0x20 e:/softwares/quartus2/nios2eds/bin/gnu/h-i686-mingw32/bin/../lib/gcc/nios2-elf/4.7.3/../../../../../H-i686-mingw32/nios2-elf/lib/mno-hw-mul\libc.a(lib_a-makebuf.o)
 .debug_aranges
                0x000002c0       0x20 e:/softwares/quartus2/nios2eds/bin/gnu/h-i686-mingw32/bin/../lib/gcc/nios2-elf/4.7.3/../../../../../H-i686-mingw32/nios2-elf/lib/mno-hw-mul\libc.a(lib_a-mallocr.o)
 .debug_aranges
                0x000002e0       0x20 e:/softwares/quartus2/nios2eds/bin/gnu/h-i686-mingw32/bin/../lib/gcc/nios2-elf/4.7.3/../../../../../H-i686-mingw32/nios2-elf/lib/mno-hw-mul\libc.a(lib_a-memchr.o)
 .debug_aranges
                0x00000300       0x20 e:/softwares/quartus2/nios2eds/bin/gnu/h-i686-mingw32/bin/../lib/gcc/nios2-elf/4.7.3/../../../../../H-i686-mingw32/nios2-elf/lib/mno-hw-mul\libc.a(lib_a-memcpy.o)
 .debug_aranges
                0x00000320       0x20 e:/softwares/quartus2/nios2eds/bin/gnu/h-i686-mingw32/bin/../lib/gcc/nios2-elf/4.7.3/../../../../../H-i686-mingw32/nios2-elf/lib/mno-hw-mul\libc.a(lib_a-memmove.o)
 .debug_aranges
                0x00000340       0x20 e:/softwares/quartus2/nios2eds/bin/gnu/h-i686-mingw32/bin/../lib/gcc/nios2-elf/4.7.3/../../../../../H-i686-mingw32/nios2-elf/lib/mno-hw-mul\libc.a(lib_a-memset.o)
 .debug_aranges
                0x00000360       0x20 e:/softwares/quartus2/nios2eds/bin/gnu/h-i686-mingw32/bin/../lib/gcc/nios2-elf/4.7.3/../../../../../H-i686-mingw32/nios2-elf/lib/mno-hw-mul\libc.a(lib_a-mprec.o)
 .debug_aranges
                0x00000380       0x20 e:/softwares/quartus2/nios2eds/bin/gnu/h-i686-mingw32/bin/../lib/gcc/nios2-elf/4.7.3/../../../../../H-i686-mingw32/nios2-elf/lib/mno-hw-mul\libc.a(lib_a-reallocr.o)
 .debug_aranges
                0x000003a0       0x20 e:/softwares/quartus2/nios2eds/bin/gnu/h-i686-mingw32/bin/../lib/gcc/nios2-elf/4.7.3/../../../../../H-i686-mingw32/nios2-elf/lib/mno-hw-mul\libc.a(lib_a-s_isinfd.o)
 .debug_aranges
                0x000003c0       0x20 e:/softwares/quartus2/nios2eds/bin/gnu/h-i686-mingw32/bin/../lib/gcc/nios2-elf/4.7.3/../../../../../H-i686-mingw32/nios2-elf/lib/mno-hw-mul\libc.a(lib_a-s_isnand.o)
 .debug_aranges
                0x000003e0       0x20 e:/softwares/quartus2/nios2eds/bin/gnu/h-i686-mingw32/bin/../lib/gcc/nios2-elf/4.7.3/../../../../../H-i686-mingw32/nios2-elf/lib/mno-hw-mul\libc.a(lib_a-sbrkr.o)
 .debug_aranges
                0x00000400       0x20 e:/softwares/quartus2/nios2eds/bin/gnu/h-i686-mingw32/bin/../lib/gcc/nios2-elf/4.7.3/../../../../../H-i686-mingw32/nios2-elf/lib/mno-hw-mul\libc.a(lib_a-stdio.o)
 .debug_aranges